../../Drivers/CMSIS/Include/core_cm55.h:4115:22:__NVIC_SetPriority	16	static
C:/ST/STEdgeAI/4.0/Middlewares/ST/AI/Npu/ll_aton/ll_aton_osal_freertos.h:77:30:_my_xSemaphoreCreateBinaryStatic	32	static
C:/ST/STEdgeAI/4.0/Middlewares/ST/AI/Npu/ll_aton/ll_aton_osal_freertos.h:92:30:_my_xSemaphoreCreateCountingStatic	24	static
C:/ST/STEdgeAI/4.0/Middlewares/ST/AI/Npu/ll_aton/ll_aton_osal_freertos.h:107:30:_my_xSemaphoreCreateMutexStatic	24	static
C:/ST/STEdgeAI/4.0/Middlewares/ST/AI/Npu/ll_aton/ll_aton_osal_rtos_template.c:52:6:aton_osal_freertos_init	16	static
C:/ST/STEdgeAI/4.0/Middlewares/ST/AI/Npu/ll_aton/ll_aton_osal_rtos_template.c:86:6:aton_osal_freertos_deinit	4	static
C:/ST/STEdgeAI/4.0/Middlewares/ST/AI/Npu/ll_aton/ll_aton_osal_rtos_template.c:95:6:aton_osal_freertos_dao_lock	24	static
C:/ST/STEdgeAI/4.0/Middlewares/ST/AI/Npu/ll_aton/ll_aton_osal_rtos_template.c:164:6:aton_osal_freertos_dao_unlock	24	static
C:/ST/STEdgeAI/4.0/Middlewares/ST/AI/Npu/ll_aton/ll_aton_osal_rtos_template.c:221:6:aton_osal_freertos_lock	16	static
C:/ST/STEdgeAI/4.0/Middlewares/ST/AI/Npu/ll_aton/ll_aton_osal_rtos_template.c:233:6:aton_osal_freertos_unlock	16	static
C:/ST/STEdgeAI/4.0/Middlewares/ST/AI/Npu/ll_aton/ll_aton_osal_rtos_template.c:272:6:aton_osal_freertos_wfe	16	static
C:/ST/STEdgeAI/4.0/Middlewares/ST/AI/Npu/ll_aton/ll_aton_osal_rtos_template.c:287:6:aton_osal_freertos_signal_event	16	static
