../Drivers/BSP/IMX335/imx335.c:389:16:imx335_io_init	0	static
../Drivers/BSP/IMX335/imx335.c:509:26:imx335_get_sensor_gain_helper	0	static
../Drivers/BSP/IMX335/imx335.c:537:26:imx335_get_sensor_exposure_helper	0	static
../Drivers/BSP/IMX335/imx335.c:523:26:imx335_set_sensor_exposure_helper	8	static
../Drivers/BSP/IMX335/imx335.c:495:26:imx335_set_sensor_gain_helper	8	static
../Drivers/BSP/IMX335/imx335.c:482:26:imx335_get_sensor_info_helper	8	static
../Drivers/BSP/IMX335/imx335.c:471:16:imx335_io_gettick	0	static
../Drivers/BSP/IMX335/imx335.c:413:13:pd14_to_i2c2	32	static
../Drivers/BSP/IMX335/imx335.c:424:13:pd14_to_gpio	40	static
../Drivers/BSP/IMX335/imx335.c:451:16:imx335_io_readreg	40	static
../Drivers/BSP/IMX335/imx335.c:435:16:imx335_io_writereg	40	static
../Drivers/BSP/IMX335/imx335.c:399:16:imx335_io_deinit	0	static
../Drivers/BSP/IMX335/imx335.c:56:9:imx335_init	224	static
../Drivers/BSP/IMX335/imx335.c:134:9:imx335_get_capture	16	static
../Drivers/BSP/IMX335/imx335.c:153:9:imx335_start_capture	16	static
../Drivers/BSP/IMX335/imx335.c:174:6:imx335_stop_capture	8	static
../Drivers/BSP/IMX335/imx335.c:187:10:imx335_get_capture_frame_count	0	static
../Drivers/BSP/IMX335/imx335.c:199:9:imx335_isp_background_process	8	static
../Drivers/BSP/IMX335/imx335.c:215:6:imx335_dcmipp_pipe_frame_cb	0	static
../Drivers/BSP/IMX335/imx335.c:231:6:imx335_dcmipp_pipe_vsync_cb	8	static
