../Drivers/BSP/IMX335/imx335.c:670:26:imx335_get_sensor_gain_helper	0	static
../Drivers/BSP/IMX335/imx335.c:698:26:imx335_get_sensor_exposure_helper	0	static
../Drivers/BSP/IMX335/imx335.c:684:26:imx335_set_sensor_exposure_helper	8	static
../Drivers/BSP/IMX335/imx335.c:656:26:imx335_set_sensor_gain_helper	8	static
../Drivers/BSP/IMX335/imx335.c:643:26:imx335_get_sensor_info_helper	8	static
../Drivers/BSP/IMX335/imx335.c:632:16:imx335_io_gettick	0	static
../Drivers/BSP/IMX335/imx335.c:397:13:cam_iic_delay	0	static
../Drivers/BSP/IMX335/imx335.c:456:13:cam_iic_start	16	static
../Drivers/BSP/IMX335/imx335.c:504:13:cam_iic_send_byte	24	static
../Drivers/BSP/IMX335/imx335.c:467:13:cam_iic_stop	8	static
../Drivers/BSP/IMX335/imx335.c:477:16:cam_iic_wait_ack	16	static
../Drivers/BSP/IMX335/imx335.c:561:16:imx335_io_writereg	24	static
../Drivers/BSP/IMX335/imx335.c:604:16:imx335_io_readreg	40	static
../Drivers/BSP/IMX335/imx335.c:438:9:imx335_io_deinit	32	static
../Drivers/BSP/IMX335/imx335.c:407:16:imx335_io_init	64	static
../Drivers/BSP/IMX335/imx335.c:55:9:imx335_init	224	static
../Drivers/BSP/IMX335/imx335.c:133:9:imx335_get_capture	16	static
../Drivers/BSP/IMX335/imx335.c:152:9:imx335_start_capture	16	static
../Drivers/BSP/IMX335/imx335.c:173:6:imx335_stop_capture	8	static
../Drivers/BSP/IMX335/imx335.c:186:10:imx335_get_capture_frame_count	0	static
../Drivers/BSP/IMX335/imx335.c:198:9:imx335_isp_background_process	8	static
../Drivers/BSP/IMX335/imx335.c:214:6:imx335_dcmipp_pipe_frame_cb	0	static
../Drivers/BSP/IMX335/imx335.c:230:6:imx335_dcmipp_pipe_vsync_cb	8	static
