../Drivers/BSP/IMX335/imx335.c:393:16:imx335_io_init	0	static
../Drivers/BSP/IMX335/imx335.c:543:26:imx335_get_sensor_gain_helper	0	static
../Drivers/BSP/IMX335/imx335.c:571:26:imx335_get_sensor_exposure_helper	0	static
../Drivers/BSP/IMX335/imx335.c:557:26:imx335_set_sensor_exposure_helper	8	static
../Drivers/BSP/IMX335/imx335.c:529:26:imx335_set_sensor_gain_helper	8	static
../Drivers/BSP/IMX335/imx335.c:516:26:imx335_get_sensor_info_helper	8	static
../Drivers/BSP/IMX335/imx335.c:505:16:imx335_io_gettick	0	static
../Drivers/BSP/IMX335/imx335.c:417:13:pd14_to_i2c2	32	static
../Drivers/BSP/IMX335/imx335.c:439:13:pd4_to_i2c2	32	static
../Drivers/BSP/IMX335/imx335.c:450:13:pd4_to_gpio	40	static
../Drivers/BSP/IMX335/imx335.c:428:13:pd14_to_gpio	40	static
../Drivers/BSP/IMX335/imx335.c:481:16:imx335_io_readreg	48	static
../Drivers/BSP/IMX335/imx335.c:461:16:imx335_io_writereg	40	static
../Drivers/BSP/IMX335/imx335.c:403:16:imx335_io_deinit	0	static
../Drivers/BSP/IMX335/imx335.c:58:9:imx335_init	224	static
../Drivers/BSP/IMX335/imx335.c:136:9:imx335_get_capture	16	static
../Drivers/BSP/IMX335/imx335.c:155:9:imx335_start_capture	16	static
../Drivers/BSP/IMX335/imx335.c:176:6:imx335_stop_capture	8	static
../Drivers/BSP/IMX335/imx335.c:189:10:imx335_get_capture_frame_count	0	static
../Drivers/BSP/IMX335/imx335.c:201:9:imx335_isp_background_process	8	static
../Drivers/BSP/IMX335/imx335.c:217:6:imx335_dcmipp_pipe_frame_cb	0	static
../Drivers/BSP/IMX335/imx335.c:233:6:imx335_dcmipp_pipe_vsync_cb	8	static
