../../Drivers/STM32N6xx_HAL_Driver/Inc/stm32n6xx_ll_bus.h:679:22:LL_MEM_EnableClock	24	static
../../Drivers/STM32N6xx_HAL_Driver/Inc/stm32n6xx_ll_bus.h:785:22:LL_MEM_EnableClockLowPower	24	static
../../Drivers/STM32N6xx_HAL_Driver/Inc/stm32n6xx_ll_bus.h:1009:22:LL_AHB2_GRP1_EnableClock	24	static
../../Drivers/STM32N6xx_HAL_Driver/Inc/stm32n6xx_ll_bus.h:1301:22:LL_AHB3_GRP1_EnableClockLowPower	24	static
../../Drivers/STM32N6xx_HAL_Driver/Inc/stm32n6xx_ll_bus.h:1755:22:LL_AHB5_GRP1_EnableClock	24	static
../../Drivers/STM32N6xx_HAL_Driver/Inc/stm32n6xx_ll_bus.h:1945:22:LL_AHB5_GRP1_ForceReset	16	static
../../Drivers/STM32N6xx_HAL_Driver/Inc/stm32n6xx_ll_bus.h:1999:22:LL_AHB5_GRP1_ReleaseReset	16	static
../../Drivers/STM32N6xx_HAL_Driver/Inc/stm32n6xx_ll_bus.h:2065:22:LL_AHB5_GRP1_EnableClockLowPower	24	static
../../Drivers/STM32N6xx_HAL_Driver/Inc/stm32n6xx_ll_bus.h:3123:22:LL_APB2_GRP1_EnableClockLowPower	24	static
../../Drivers/STM32N6xx_HAL_Driver/Inc/stm32n6xx_ll_bus.h:3743:22:LL_APB5_GRP1_EnableClockLowPower	24	static
../../Drivers/STM32N6xx_HAL_Driver/Inc/stm32n6xx_ll_bus.h:3915:22:LL_MISC_EnableClockLowPower	24	static
../../Middlewares/ST/AI/Npu/ll_aton/ll_aton_NN_interface.h:479:32:LL_Buffer_addr_base	24	static
../../Middlewares/ST/AI/Npu/ll_aton/ll_aton_NN_interface.h:489:32:LL_Buffer_addr_start	16	static
../../Middlewares/ST/AI/Npu/ll_aton/ll_aton_NN_interface.h:504:26:LL_Buffer_len	16	static
../X-CUBE-AI/App/app_x-cube-ai.c:70:22:sigmoid_f	16	static
../X-CUBE-AI/App/app_x-cube-ai.c:76:15:box_iou	88	static
../X-CUBE-AI/App/app_x-cube-ai.c:107:14:sort_by_confidence	96	static
../X-CUBE-AI/App/app_x-cube-ai.c:124:14:ai_blazeface_postprocess	384	static,ignoring_inline_asm
../X-CUBE-AI/App/app_x-cube-ai.c:356:22:r565	16	static
../X-CUBE-AI/App/app_x-cube-ai.c:357:22:g565	16	static
../X-CUBE-AI/App/app_x-cube-ai.c:358:22:b565	16	static
../X-CUBE-AI/App/app_x-cube-ai.c:360:7:ai_crop_resize_face_128	208	static,ignoring_inline_asm
../X-CUBE-AI/App/app_x-cube-ai.c:494:7:quantize_u8_to_s8	32	static
../X-CUBE-AI/App/app_x-cube-ai.c:509:14:l2_normalize	32	static
../X-CUBE-AI/App/app_x-cube-ai.c:522:6:ai_face_enroll	16	static
../X-CUBE-AI/App/app_x-cube-ai.c:535:6:ai_face_identify	1080	static
../X-CUBE-AI/App/app_x-cube-ai.c:569:7:ai_face_gallery_print	16	static
../X-CUBE-AI/App/app_x-cube-ai.c:581:7:ai_face_reid_run	88	static,ignoring_inline_asm
../X-CUBE-AI/App/app_x-cube-ai.c:625:7:MX_X_CUBE_AI_Process_User	24	static,ignoring_inline_asm
../X-CUBE-AI/App/app_x-cube-ai.c:653:6:set_clk_sleep_mode	8	static
../X-CUBE-AI/App/app_x-cube-ai.c:692:6:MX_X_CUBE_AI_Init	32	static
../X-CUBE-AI/App/app_x-cube-ai.c:749:6:MX_X_CUBE_AI_Process	16	static,ignoring_inline_asm
