../../Drivers/STM32N6xx_HAL_Driver/Inc/stm32n6xx_ll_bus.h:679:22:LL_MEM_EnableClock	24	static
../../Drivers/STM32N6xx_HAL_Driver/Inc/stm32n6xx_ll_bus.h:785:22:LL_MEM_EnableClockLowPower	24	static
../../Drivers/STM32N6xx_HAL_Driver/Inc/stm32n6xx_ll_bus.h:1009:22:LL_AHB2_GRP1_EnableClock	24	static
../../Drivers/STM32N6xx_HAL_Driver/Inc/stm32n6xx_ll_bus.h:1301:22:LL_AHB3_GRP1_EnableClockLowPower	24	static
../../Drivers/STM32N6xx_HAL_Driver/Inc/stm32n6xx_ll_bus.h:1755:22:LL_AHB5_GRP1_EnableClock	24	static
../../Drivers/STM32N6xx_HAL_Driver/Inc/stm32n6xx_ll_bus.h:1945:22:LL_AHB5_GRP1_ForceReset	16	static
../../Drivers/STM32N6xx_HAL_Driver/Inc/stm32n6xx_ll_bus.h:1999:22:LL_AHB5_GRP1_ReleaseReset	16	static
../../Drivers/STM32N6xx_HAL_Driver/Inc/stm32n6xx_ll_bus.h:2065:22:LL_AHB5_GRP1_EnableClockLowPower	24	static
../../Drivers/STM32N6xx_HAL_Driver/Inc/stm32n6xx_ll_bus.h:3123:22:LL_APB2_GRP1_EnableClockLowPower	24	static
../../Drivers/STM32N6xx_HAL_Driver/Inc/stm32n6xx_ll_bus.h:3743:22:LL_APB5_GRP1_EnableClockLowPower	24	static
../../Drivers/STM32N6xx_HAL_Driver/Inc/stm32n6xx_ll_bus.h:3915:22:LL_MISC_EnableClockLowPower	24	static
../../Middlewares/ST/AI/Npu/ll_aton/ll_aton_NN_interface.h:479:32:LL_Buffer_addr_base	24	static
../../Middlewares/ST/AI/Npu/ll_aton/ll_aton_NN_interface.h:489:32:LL_Buffer_addr_start	16	static
../X-CUBE-AI/App/app_x-cube-ai.c:108:21:sigmoid_f	16	static
../X-CUBE-AI/App/app_x-cube-ai.c:112:14:box_iou	88	static
../X-CUBE-AI/App/app_x-cube-ai.c:138:12:box_conf_cmp	24	static
../X-CUBE-AI/App/app_x-cube-ai.c:160:12:decode_head	96	static
../X-CUBE-AI/App/app_x-cube-ai.c:209:13:cam_rgb888_to_f32	32	static
../X-CUBE-AI/App/app_x-cube-ai.c:216:13:dump_output_tensor	48	static
../X-CUBE-AI/App/app_x-cube-ai.c:241:6:set_clk_sleep_mode	8	static
../X-CUBE-AI/App/app_x-cube-ai.c:280:6:MX_X_CUBE_AI_Init	56	static
../X-CUBE-AI/App/app_x-cube-ai.c:337:6:MX_X_CUBE_AI_Process	200	static,ignoring_inline_asm
