../../Middlewares/ST/AI/Npu/ll_aton/ll_aton_caches_interface.h:51:22:LL_ATON_Cache_MCU_Clean_Range	16	static
../../Middlewares/ST/AI/Npu/ll_aton/ll_aton_caches_interface.h:70:22:LL_ATON_Cache_MCU_Invalidate_Range	16	static
../X-CUBE-AI/App/network.c:86:26:LL_ATON_Set_User_Input_Buffer_Default	24	static
../X-CUBE-AI/App/network.c:93:7:LL_ATON_Get_User_Input_Buffer_Default	16	static
../X-CUBE-AI/App/network.c:100:26:LL_ATON_Set_User_Output_Buffer_Default	24	static
../X-CUBE-AI/App/network.c:107:7:LL_ATON_Get_User_Output_Buffer_Default	16	static
../X-CUBE-AI/App/network.c:114:6:LL_ATON_EC_Network_Init_Default	4	static
../X-CUBE-AI/App/network.c:119:6:LL_ATON_EC_Inference_Init_Default	4	static
../X-CUBE-AI/App/network.c:128:13:LL_ATON_Start_EpochBlock_1	16	static
../X-CUBE-AI/App/network.c:271:13:LL_ATON_End_EpochBlock_1	16	static
../X-CUBE-AI/App/network.c:298:13:LL_ATON_Start_EpochBlock_2	16	static
../X-CUBE-AI/App/network.c:629:13:LL_ATON_End_EpochBlock_2	16	static
../X-CUBE-AI/App/network.c:664:13:LL_ATON_Start_EpochBlock_3	16	static
../X-CUBE-AI/App/network.c:944:13:LL_ATON_End_EpochBlock_3	16	static
../X-CUBE-AI/App/network.c:977:13:LL_ATON_Start_EpochBlock_4	16	static
../X-CUBE-AI/App/network.c:1354:13:LL_ATON_End_EpochBlock_4	16	static
../X-CUBE-AI/App/network.c:1391:13:LL_ATON_Start_EpochBlock_5	16	static
../X-CUBE-AI/App/network.c:1671:13:LL_ATON_End_EpochBlock_5	16	static
../X-CUBE-AI/App/network.c:1704:13:LL_ATON_Start_EpochBlock_6	16	static
../X-CUBE-AI/App/network.c:2035:13:LL_ATON_End_EpochBlock_6	16	static
../X-CUBE-AI/App/network.c:2070:13:LL_ATON_Start_EpochBlock_7	16	static
../X-CUBE-AI/App/network.c:2350:13:LL_ATON_End_EpochBlock_7	16	static
../X-CUBE-AI/App/network.c:2384:13:LL_ATON_Start_EpochBlock_8	16	static
../X-CUBE-AI/App/network.c:2480:13:LL_ATON_End_EpochBlock_8	16	static
../X-CUBE-AI/App/network.c:2505:13:LL_ATON_Start_EpochBlock_9	16	static
../X-CUBE-AI/App/network.c:2836:13:LL_ATON_End_EpochBlock_9	16	static
../X-CUBE-AI/App/network.c:2871:13:LL_ATON_Start_EpochBlock_10	16	static
../X-CUBE-AI/App/network.c:3403:13:LL_ATON_End_EpochBlock_10	16	static
../X-CUBE-AI/App/network.c:3452:13:LL_ATON_Start_EpochBlock_11	16	static
../X-CUBE-AI/App/network.c:3548:13:LL_ATON_End_EpochBlock_11	16	static
../X-CUBE-AI/App/network.c:3573:13:LL_ATON_Start_EpochBlock_12	16	static
../X-CUBE-AI/App/network.c:3904:13:LL_ATON_End_EpochBlock_12	16	static
../X-CUBE-AI/App/network.c:3939:13:LL_ATON_Start_EpochBlock_13	16	static
../X-CUBE-AI/App/network.c:4471:13:LL_ATON_End_EpochBlock_13	16	static
../X-CUBE-AI/App/network.c:4520:13:LL_ATON_Start_EpochBlock_14	16	static
../X-CUBE-AI/App/network.c:4616:13:LL_ATON_End_EpochBlock_14	16	static
../X-CUBE-AI/App/network.c:4641:13:LL_ATON_Start_EpochBlock_15	16	static
../X-CUBE-AI/App/network.c:5018:13:LL_ATON_End_EpochBlock_15	16	static
../X-CUBE-AI/App/network.c:5055:13:LL_ATON_Start_EpochBlock_16	16	static
../X-CUBE-AI/App/network.c:5587:13:LL_ATON_End_EpochBlock_16	16	static
../X-CUBE-AI/App/network.c:5636:13:LL_ATON_Start_EpochBlock_17	16	static
../X-CUBE-AI/App/network.c:5732:13:LL_ATON_End_EpochBlock_17	16	static
../X-CUBE-AI/App/network.c:5757:13:LL_ATON_Start_EpochBlock_18	16	static
../X-CUBE-AI/App/network.c:6088:13:LL_ATON_End_EpochBlock_18	16	static
../X-CUBE-AI/App/network.c:6123:13:LL_ATON_Start_EpochBlock_19	16	static
../X-CUBE-AI/App/network.c:6655:13:LL_ATON_End_EpochBlock_19	16	static
../X-CUBE-AI/App/network.c:6704:13:LL_ATON_Start_EpochBlock_20	16	static
../X-CUBE-AI/App/network.c:6800:13:LL_ATON_End_EpochBlock_20	16	static
../X-CUBE-AI/App/network.c:6825:13:LL_ATON_Start_EpochBlock_21	16	static
../X-CUBE-AI/App/network.c:7235:13:LL_ATON_End_EpochBlock_21	16	static
../X-CUBE-AI/App/network.c:7274:13:LL_ATON_Start_EpochBlock_22	16	static
../X-CUBE-AI/App/network.c:7806:13:LL_ATON_End_EpochBlock_22	16	static
../X-CUBE-AI/App/network.c:7855:13:LL_ATON_Start_EpochBlock_23	16	static
../X-CUBE-AI/App/network.c:7951:13:LL_ATON_End_EpochBlock_23	16	static
../X-CUBE-AI/App/network.c:7976:13:LL_ATON_Start_EpochBlock_24	16	static
../X-CUBE-AI/App/network.c:8307:13:LL_ATON_End_EpochBlock_24	16	static
../X-CUBE-AI/App/network.c:8342:13:LL_ATON_Start_EpochBlock_25	16	static
../X-CUBE-AI/App/network.c:8874:13:LL_ATON_End_EpochBlock_25	16	static
../X-CUBE-AI/App/network.c:8923:13:LL_ATON_Start_EpochBlock_26	16	static
../X-CUBE-AI/App/network.c:9019:13:LL_ATON_End_EpochBlock_26	16	static
../X-CUBE-AI/App/network.c:9044:13:LL_ATON_Start_EpochBlock_27	16	static
../X-CUBE-AI/App/network.c:9454:13:LL_ATON_End_EpochBlock_27	16	static
../X-CUBE-AI/App/network.c:9493:13:LL_ATON_Start_EpochBlock_28	16	static
../X-CUBE-AI/App/network.c:10025:13:LL_ATON_End_EpochBlock_28	16	static
../X-CUBE-AI/App/network.c:10074:13:LL_ATON_Start_EpochBlock_29	16	static
../X-CUBE-AI/App/network.c:10170:13:LL_ATON_End_EpochBlock_29	16	static
../X-CUBE-AI/App/network.c:10195:13:LL_ATON_Start_EpochBlock_30	16	static
../X-CUBE-AI/App/network.c:10526:13:LL_ATON_End_EpochBlock_30	16	static
../X-CUBE-AI/App/network.c:10561:13:LL_ATON_Start_EpochBlock_31	16	static
../X-CUBE-AI/App/network.c:11093:13:LL_ATON_End_EpochBlock_31	16	static
../X-CUBE-AI/App/network.c:11142:13:LL_ATON_Start_EpochBlock_32	16	static
../X-CUBE-AI/App/network.c:11238:13:LL_ATON_End_EpochBlock_32	16	static
../X-CUBE-AI/App/network.c:11263:13:LL_ATON_Start_EpochBlock_33	16	static
../X-CUBE-AI/App/network.c:11594:13:LL_ATON_End_EpochBlock_33	16	static
../X-CUBE-AI/App/network.c:11629:13:LL_ATON_Start_EpochBlock_34	16	static
../X-CUBE-AI/App/network.c:12161:13:LL_ATON_End_EpochBlock_34	16	static
../X-CUBE-AI/App/network.c:12210:13:LL_ATON_Start_EpochBlock_35	16	static
../X-CUBE-AI/App/network.c:12306:13:LL_ATON_End_EpochBlock_35	16	static
../X-CUBE-AI/App/network.c:12331:13:LL_ATON_Start_EpochBlock_36	16	static
../X-CUBE-AI/App/network.c:12693:13:LL_ATON_End_EpochBlock_36	16	static
../X-CUBE-AI/App/network.c:12731:13:LL_ATON_Start_EpochBlock_37	16	static
../X-CUBE-AI/App/network.c:13338:13:LL_ATON_End_EpochBlock_37	16	static
../X-CUBE-AI/App/network.c:13389:13:LL_ATON_End_EpochBlock_38	32	static
../X-CUBE-AI/App/network.c:13486:13:LL_ATON_Start_EpochBlock_39	16	static
../X-CUBE-AI/App/network.c:13778:13:LL_ATON_End_EpochBlock_39	16	static
../X-CUBE-AI/App/network.c:13812:13:LL_ATON_Start_EpochBlock_40	16	static
../X-CUBE-AI/App/network.c:14344:13:LL_ATON_End_EpochBlock_40	16	static
../X-CUBE-AI/App/network.c:14393:13:LL_ATON_Start_EpochBlock_41	16	static
../X-CUBE-AI/App/network.c:14824:13:LL_ATON_End_EpochBlock_41	16	static
../X-CUBE-AI/App/network.c:14864:13:LL_ATON_Start_EpochBlock_42	16	static
../X-CUBE-AI/App/network.c:15626:13:LL_ATON_End_EpochBlock_42	16	static
../X-CUBE-AI/App/network.c:15684:13:LL_ATON_Start_EpochBlock_43	16	static
../X-CUBE-AI/App/network.c:16230:13:LL_ATON_End_EpochBlock_43	16	static
../X-CUBE-AI/App/network.c:16279:13:LL_ATON_Start_EpochBlock_44	16	static
../X-CUBE-AI/App/network.c:16978:13:LL_ATON_End_EpochBlock_44	16	static
../X-CUBE-AI/App/network.c:17033:13:LL_ATON_Start_EpochBlock_45	16	static
../X-CUBE-AI/App/network.c:17567:13:LL_ATON_End_EpochBlock_45	16	static
../X-CUBE-AI/App/network.c:17615:13:LL_ATON_Start_EpochBlock_46	16	static
../X-CUBE-AI/App/network.c:18377:13:LL_ATON_End_EpochBlock_46	16	static
../X-CUBE-AI/App/network.c:18432:13:LL_ATON_Start_EpochBlock_47	16	static
../X-CUBE-AI/App/network.c:18935:13:LL_ATON_End_EpochBlock_47	16	static
../X-CUBE-AI/App/network.c:18978:13:LL_ATON_Start_EpochBlock_48	16	static
../X-CUBE-AI/App/network.c:19343:13:LL_ATON_End_EpochBlock_48	16	static
../X-CUBE-AI/App/network.c:19379:13:LL_ATON_Start_EpochBlock_49	16	static
../X-CUBE-AI/App/network.c:19520:13:LL_ATON_End_EpochBlock_49	16	static
../X-CUBE-AI/App/network.c:19548:13:LL_ATON_Start_EpochBlock_50	16	static
../X-CUBE-AI/App/network.c:20155:13:LL_ATON_End_EpochBlock_50	16	static
../X-CUBE-AI/App/network.c:20206:13:LL_ATON_End_EpochBlock_51	32	static
../X-CUBE-AI/App/network.c:20303:13:LL_ATON_Start_EpochBlock_52	16	static
../X-CUBE-AI/App/network.c:20595:13:LL_ATON_End_EpochBlock_52	16	static
../X-CUBE-AI/App/network.c:20629:13:LL_ATON_Start_EpochBlock_53	16	static
../X-CUBE-AI/App/network.c:21161:13:LL_ATON_End_EpochBlock_53	16	static
../X-CUBE-AI/App/network.c:21210:13:LL_ATON_Start_EpochBlock_54	16	static
../X-CUBE-AI/App/network.c:21641:13:LL_ATON_End_EpochBlock_54	16	static
../X-CUBE-AI/App/network.c:21681:13:LL_ATON_Start_EpochBlock_55	16	static
../X-CUBE-AI/App/network.c:22443:13:LL_ATON_End_EpochBlock_55	16	static
../X-CUBE-AI/App/network.c:22501:13:LL_ATON_Start_EpochBlock_56	16	static
../X-CUBE-AI/App/network.c:23047:13:LL_ATON_End_EpochBlock_56	16	static
../X-CUBE-AI/App/network.c:23096:13:LL_ATON_Start_EpochBlock_57	16	static
../X-CUBE-AI/App/network.c:23795:13:LL_ATON_End_EpochBlock_57	16	static
../X-CUBE-AI/App/network.c:23850:13:LL_ATON_Start_EpochBlock_58	16	static
../X-CUBE-AI/App/network.c:24384:13:LL_ATON_End_EpochBlock_58	16	static
../X-CUBE-AI/App/network.c:24432:13:LL_ATON_Start_EpochBlock_59	16	static
../X-CUBE-AI/App/network.c:25194:13:LL_ATON_End_EpochBlock_59	16	static
../X-CUBE-AI/App/network.c:25249:13:LL_ATON_Start_EpochBlock_60	16	static
../X-CUBE-AI/App/network.c:25752:13:LL_ATON_End_EpochBlock_60	16	static
../X-CUBE-AI/App/network.c:25795:13:LL_ATON_Start_EpochBlock_61	16	static
../X-CUBE-AI/App/network.c:26162:13:LL_ATON_End_EpochBlock_61	16	static
../X-CUBE-AI/App/network.c:26198:13:LL_ATON_Start_EpochBlock_62	16	static
../X-CUBE-AI/App/network.c:26341:13:LL_ATON_End_EpochBlock_62	16	static
../X-CUBE-AI/App/network.c:26368:13:LL_ATON_Start_EpochBlock_63	16	static
../X-CUBE-AI/App/network.c:26900:13:LL_ATON_End_EpochBlock_63	16	static
../X-CUBE-AI/App/network.c:26949:13:LL_ATON_Start_EpochBlock_64	16	static
../X-CUBE-AI/App/network.c:27045:13:LL_ATON_End_EpochBlock_64	16	static
../X-CUBE-AI/App/network.c:27070:13:LL_ATON_Start_EpochBlock_65	16	static
../X-CUBE-AI/App/network.c:27434:13:LL_ATON_End_EpochBlock_65	16	static
../X-CUBE-AI/App/network.c:27471:13:LL_ATON_Start_EpochBlock_66	16	static
../X-CUBE-AI/App/network.c:28233:13:LL_ATON_End_EpochBlock_66	16	static
../X-CUBE-AI/App/network.c:28291:13:LL_ATON_Start_EpochBlock_67	16	static
../X-CUBE-AI/App/network.c:28937:13:LL_ATON_End_EpochBlock_67	16	static
../X-CUBE-AI/App/network.c:28990:13:LL_ATON_Start_EpochBlock_68	16	static
../X-CUBE-AI/App/network.c:29422:13:LL_ATON_End_EpochBlock_68	16	static
../X-CUBE-AI/App/network.c:29466:13:LL_ATON_Start_EpochBlock_69	16	static
../X-CUBE-AI/App/network.c:30167:13:LL_ATON_End_EpochBlock_69	16	static
../X-CUBE-AI/App/network.c:30222:13:LL_ATON_Start_EpochBlock_70	16	static
../X-CUBE-AI/App/network.c:30984:13:LL_ATON_End_EpochBlock_70	16	static
../X-CUBE-AI/App/network.c:31039:13:LL_ATON_Start_EpochBlock_71	16	static
../X-CUBE-AI/App/network.c:31392:13:LL_ATON_End_EpochBlock_71	16	static
../X-CUBE-AI/App/network.c:31428:13:LL_ATON_Start_EpochBlock_72	16	static
../X-CUBE-AI/App/network.c:31628:13:LL_ATON_End_EpochBlock_72	16	static
../X-CUBE-AI/App/network.c:31659:31:LL_ATON_EpochBlockItems_Default	4	static
../X-CUBE-AI/App/network.c:32679:30:LL_ATON_Input_Buffers_Info_Default	4	static
../X-CUBE-AI/App/network.c:37821:30:LL_ATON_Output_Buffers_Info_Default	4	static
../X-CUBE-AI/App/network.c:38162:30:LL_ATON_Internal_Buffers_Info_Default	4	static
