../../Middlewares/ST/AI/Npu/ll_aton/ll_aton_caches_interface.h:51:22:LL_ATON_Cache_MCU_Clean_Range	16	static
../../Middlewares/ST/AI/Npu/ll_aton/ll_aton_caches_interface.h:70:22:LL_ATON_Cache_MCU_Invalidate_Range	16	static
../X-CUBE-AI/App/network.c:86:26:LL_ATON_Set_User_Input_Buffer_Default	24	static
../X-CUBE-AI/App/network.c:93:7:LL_ATON_Get_User_Input_Buffer_Default	16	static
../X-CUBE-AI/App/network.c:100:26:LL_ATON_Set_User_Output_Buffer_Default	24	static
../X-CUBE-AI/App/network.c:107:7:LL_ATON_Get_User_Output_Buffer_Default	16	static
../X-CUBE-AI/App/network.c:114:6:LL_ATON_EC_Network_Init_Default	4	static
../X-CUBE-AI/App/network.c:119:6:LL_ATON_EC_Inference_Init_Default	4	static
../X-CUBE-AI/App/network.c:130:13:LL_ATON_End_EpochBlock_2	200	static
../X-CUBE-AI/App/network.c:187:13:LL_ATON_Start_EpochBlock_3	16	static
../X-CUBE-AI/App/network.c:332:13:LL_ATON_End_EpochBlock_3	16	static
../X-CUBE-AI/App/network.c:359:13:LL_ATON_Start_EpochBlock_4	16	static
../X-CUBE-AI/App/network.c:979:13:LL_ATON_End_EpochBlock_4	16	static
../X-CUBE-AI/App/network.c:1028:13:LL_ATON_Start_EpochBlock_5	16	static
../X-CUBE-AI/App/network.c:1222:13:LL_ATON_End_EpochBlock_5	16	static
../X-CUBE-AI/App/network.c:1251:13:LL_ATON_Start_EpochBlock_6	16	static
../X-CUBE-AI/App/network.c:1533:13:LL_ATON_End_EpochBlock_6	16	static
../X-CUBE-AI/App/network.c:1566:13:LL_ATON_Start_EpochBlock_7	16	static
../X-CUBE-AI/App/network.c:2016:13:LL_ATON_End_EpochBlock_7	16	static
../X-CUBE-AI/App/network.c:2057:13:LL_ATON_End_EpochBlock_8	32	static
../X-CUBE-AI/App/network.c:2126:13:LL_ATON_Start_EpochBlock_9	16	static
../X-CUBE-AI/App/network.c:2475:13:LL_ATON_End_EpochBlock_9	16	static
../X-CUBE-AI/App/network.c:2511:13:LL_ATON_Start_EpochBlock_10	16	static
../X-CUBE-AI/App/network.c:2697:13:LL_ATON_End_EpochBlock_10	16	static
../X-CUBE-AI/App/network.c:2726:13:LL_ATON_End_EpochBlock_11	32	static
../X-CUBE-AI/App/network.c:2795:13:LL_ATON_Start_EpochBlock_12	16	static
../X-CUBE-AI/App/network.c:2891:13:LL_ATON_End_EpochBlock_12	16	static
../X-CUBE-AI/App/network.c:2916:13:LL_ATON_Start_EpochBlock_13	16	static
../X-CUBE-AI/App/network.c:3173:13:LL_ATON_End_EpochBlock_13	16	static
../X-CUBE-AI/App/network.c:3207:13:LL_ATON_Start_EpochBlock_14	16	static
../X-CUBE-AI/App/network.c:3416:13:LL_ATON_End_EpochBlock_14	16	static
../X-CUBE-AI/App/network.c:3446:13:LL_ATON_End_EpochBlock_15	32	static
../X-CUBE-AI/App/network.c:3515:13:LL_ATON_Start_EpochBlock_16	16	static
../X-CUBE-AI/App/network.c:3862:13:LL_ATON_End_EpochBlock_16	16	static
../X-CUBE-AI/App/network.c:3898:13:LL_ATON_Start_EpochBlock_17	16	static
../X-CUBE-AI/App/network.c:4420:13:LL_ATON_End_EpochBlock_17	16	static
../X-CUBE-AI/App/network.c:4465:13:LL_ATON_End_EpochBlock_18	32	static
../X-CUBE-AI/App/network.c:4534:13:LL_ATON_Start_EpochBlock_19	16	static
../X-CUBE-AI/App/network.c:4630:13:LL_ATON_End_EpochBlock_19	16	static
../X-CUBE-AI/App/network.c:4655:13:LL_ATON_Start_EpochBlock_20	16	static
../X-CUBE-AI/App/network.c:4917:13:LL_ATON_End_EpochBlock_20	16	static
../X-CUBE-AI/App/network.c:4950:13:LL_ATON_End_EpochBlock_21	32	static
../X-CUBE-AI/App/network.c:5019:13:LL_ATON_Start_EpochBlock_22	16	static
../X-CUBE-AI/App/network.c:5363:13:LL_ATON_End_EpochBlock_22	16	static
../X-CUBE-AI/App/network.c:5399:13:LL_ATON_Start_EpochBlock_23	16	static
../X-CUBE-AI/App/network.c:5921:13:LL_ATON_End_EpochBlock_23	16	static
../X-CUBE-AI/App/network.c:5966:13:LL_ATON_End_EpochBlock_24	32	static
../X-CUBE-AI/App/network.c:6035:13:LL_ATON_Start_EpochBlock_25	16	static
../X-CUBE-AI/App/network.c:6131:13:LL_ATON_End_EpochBlock_25	16	static
../X-CUBE-AI/App/network.c:6156:13:LL_ATON_Start_EpochBlock_26	16	static
../X-CUBE-AI/App/network.c:6418:13:LL_ATON_End_EpochBlock_26	16	static
../X-CUBE-AI/App/network.c:6451:13:LL_ATON_End_EpochBlock_27	32	static
../X-CUBE-AI/App/network.c:6521:13:LL_ATON_Start_EpochBlock_28	16	static
../X-CUBE-AI/App/network.c:6684:13:LL_ATON_End_EpochBlock_28	16	static
../X-CUBE-AI/App/network.c:6712:13:LL_ATON_Start_EpochBlock_29	16	static
../X-CUBE-AI/App/network.c:7148:13:LL_ATON_End_EpochBlock_29	16	static
../X-CUBE-AI/App/network.c:7188:13:LL_ATON_End_EpochBlock_30	32	static
../X-CUBE-AI/App/network.c:7257:13:LL_ATON_Start_EpochBlock_31	16	static
../X-CUBE-AI/App/network.c:7690:13:LL_ATON_End_EpochBlock_31	16	static
../X-CUBE-AI/App/network.c:7731:13:LL_ATON_Start_EpochBlock_32	16	static
../X-CUBE-AI/App/network.c:7987:13:LL_ATON_End_EpochBlock_32	16	static
../X-CUBE-AI/App/network.c:8021:13:LL_ATON_Start_EpochBlock_33	16	static
../X-CUBE-AI/App/network.c:8230:13:LL_ATON_End_EpochBlock_33	16	static
../X-CUBE-AI/App/network.c:8260:13:LL_ATON_End_EpochBlock_34	32	static
../X-CUBE-AI/App/network.c:8329:13:LL_ATON_Start_EpochBlock_35	16	static
../X-CUBE-AI/App/network.c:8676:13:LL_ATON_End_EpochBlock_35	16	static
../X-CUBE-AI/App/network.c:8712:13:LL_ATON_Start_EpochBlock_36	16	static
../X-CUBE-AI/App/network.c:9234:13:LL_ATON_End_EpochBlock_36	16	static
../X-CUBE-AI/App/network.c:9279:13:LL_ATON_End_EpochBlock_37	32	static
../X-CUBE-AI/App/network.c:9348:13:LL_ATON_Start_EpochBlock_38	16	static
../X-CUBE-AI/App/network.c:9444:13:LL_ATON_End_EpochBlock_38	16	static
../X-CUBE-AI/App/network.c:9469:13:LL_ATON_Start_EpochBlock_39	16	static
../X-CUBE-AI/App/network.c:9731:13:LL_ATON_End_EpochBlock_39	16	static
../X-CUBE-AI/App/network.c:9764:13:LL_ATON_End_EpochBlock_40	32	static
../X-CUBE-AI/App/network.c:9833:13:LL_ATON_Start_EpochBlock_41	16	static
../X-CUBE-AI/App/network.c:10177:13:LL_ATON_End_EpochBlock_41	16	static
../X-CUBE-AI/App/network.c:10213:13:LL_ATON_Start_EpochBlock_42	16	static
../X-CUBE-AI/App/network.c:10652:13:LL_ATON_End_EpochBlock_42	16	static
../X-CUBE-AI/App/network.c:10692:13:LL_ATON_End_EpochBlock_43	32	static
../X-CUBE-AI/App/network.c:10761:13:LL_ATON_Start_EpochBlock_44	16	static
../X-CUBE-AI/App/network.c:10857:13:LL_ATON_End_EpochBlock_44	16	static
../X-CUBE-AI/App/network.c:10882:13:LL_ATON_Start_EpochBlock_45	16	static
../X-CUBE-AI/App/network.c:11144:13:LL_ATON_End_EpochBlock_45	16	static
../X-CUBE-AI/App/network.c:11177:13:LL_ATON_End_EpochBlock_46	32	static
../X-CUBE-AI/App/network.c:11246:13:LL_ATON_Start_EpochBlock_47	16	static
../X-CUBE-AI/App/network.c:11590:13:LL_ATON_End_EpochBlock_47	16	static
../X-CUBE-AI/App/network.c:11626:13:LL_ATON_Start_EpochBlock_48	16	static
../X-CUBE-AI/App/network.c:11812:13:LL_ATON_End_EpochBlock_48	16	static
../X-CUBE-AI/App/network.c:11841:13:LL_ATON_End_EpochBlock_49	32	static
../X-CUBE-AI/App/network.c:11910:13:LL_ATON_Start_EpochBlock_50	16	static
../X-CUBE-AI/App/network.c:12511:13:LL_ATON_End_EpochBlock_50	16	static
../X-CUBE-AI/App/network.c:12562:13:LL_ATON_Start_EpochBlock_51	16	static
../X-CUBE-AI/App/network.c:12824:13:LL_ATON_End_EpochBlock_51	16	static
../X-CUBE-AI/App/network.c:12857:13:LL_ATON_End_EpochBlock_52	32	static
../X-CUBE-AI/App/network.c:12926:13:LL_ATON_Start_EpochBlock_53	16	static
../X-CUBE-AI/App/network.c:13270:13:LL_ATON_End_EpochBlock_53	16	static
../X-CUBE-AI/App/network.c:13306:13:LL_ATON_Start_EpochBlock_54	16	static
../X-CUBE-AI/App/network.c:13492:13:LL_ATON_End_EpochBlock_54	16	static
../X-CUBE-AI/App/network.c:13521:13:LL_ATON_End_EpochBlock_55	32	static
../X-CUBE-AI/App/network.c:13590:13:LL_ATON_Start_EpochBlock_56	16	static
../X-CUBE-AI/App/network.c:14191:13:LL_ATON_End_EpochBlock_56	16	static
../X-CUBE-AI/App/network.c:14242:13:LL_ATON_Start_EpochBlock_57	16	static
../X-CUBE-AI/App/network.c:14504:13:LL_ATON_End_EpochBlock_57	16	static
../X-CUBE-AI/App/network.c:14537:13:LL_ATON_End_EpochBlock_58	32	static
../X-CUBE-AI/App/network.c:14606:13:LL_ATON_Start_EpochBlock_59	16	static
../X-CUBE-AI/App/network.c:14950:13:LL_ATON_End_EpochBlock_59	16	static
../X-CUBE-AI/App/network.c:14986:13:LL_ATON_Start_EpochBlock_60	16	static
../X-CUBE-AI/App/network.c:15592:13:LL_ATON_End_EpochBlock_60	16	static
../X-CUBE-AI/App/network.c:15642:13:LL_ATON_End_EpochBlock_61	32	static
../X-CUBE-AI/App/network.c:15711:13:LL_ATON_Start_EpochBlock_62	16	static
../X-CUBE-AI/App/network.c:15807:13:LL_ATON_End_EpochBlock_62	16	static
../X-CUBE-AI/App/network.c:15832:13:LL_ATON_Start_EpochBlock_63	16	static
../X-CUBE-AI/App/network.c:16094:13:LL_ATON_End_EpochBlock_63	16	static
../X-CUBE-AI/App/network.c:16127:13:LL_ATON_End_EpochBlock_64	32	static
../X-CUBE-AI/App/network.c:16196:13:LL_ATON_Start_EpochBlock_65	16	static
../X-CUBE-AI/App/network.c:16540:13:LL_ATON_End_EpochBlock_65	16	static
../X-CUBE-AI/App/network.c:16576:13:LL_ATON_Start_EpochBlock_66	16	static
../X-CUBE-AI/App/network.c:16762:13:LL_ATON_End_EpochBlock_66	16	static
../X-CUBE-AI/App/network.c:16791:13:LL_ATON_End_EpochBlock_67	32	static
../X-CUBE-AI/App/network.c:16860:13:LL_ATON_Start_EpochBlock_68	16	static
../X-CUBE-AI/App/network.c:17461:13:LL_ATON_End_EpochBlock_68	16	static
../X-CUBE-AI/App/network.c:17512:13:LL_ATON_Start_EpochBlock_69	16	static
../X-CUBE-AI/App/network.c:17936:13:LL_ATON_End_EpochBlock_69	16	static
../X-CUBE-AI/App/network.c:17977:13:LL_ATON_Start_EpochBlock_70	16	static
../X-CUBE-AI/App/network.c:18367:13:LL_ATON_End_EpochBlock_70	16	static
../X-CUBE-AI/App/network.c:18405:13:LL_ATON_End_EpochBlock_71	32	static
../X-CUBE-AI/App/network.c:18474:13:LL_ATON_Start_EpochBlock_72	16	static
../X-CUBE-AI/App/network.c:18985:13:LL_ATON_End_EpochBlock_72	16	static
../X-CUBE-AI/App/network.c:19032:13:LL_ATON_Start_EpochBlock_73	16	static
../X-CUBE-AI/App/network.c:19749:13:LL_ATON_End_EpochBlock_73	16	static
../X-CUBE-AI/App/network.c:19805:13:LL_ATON_Start_EpochBlock_74	16	static
../X-CUBE-AI/App/network.c:20412:13:LL_ATON_End_EpochBlock_74	16	static
../X-CUBE-AI/App/network.c:20463:13:LL_ATON_End_EpochBlock_75	200	static
../X-CUBE-AI/App/network.c:20520:13:LL_ATON_End_EpochBlock_76	200	static
../X-CUBE-AI/App/network.c:20577:13:LL_ATON_Start_EpochBlock_77	16	static
../X-CUBE-AI/App/network.c:20763:13:LL_ATON_End_EpochBlock_77	16	static
../X-CUBE-AI/App/network.c:20792:13:LL_ATON_End_EpochBlock_78	32	static
../X-CUBE-AI/App/network.c:20862:13:LL_ATON_Start_EpochBlock_79	16	static
../X-CUBE-AI/App/network.c:21031:13:LL_ATON_End_EpochBlock_79	16	static
../X-CUBE-AI/App/network.c:21059:13:LL_ATON_Start_EpochBlock_80	16	static
../X-CUBE-AI/App/network.c:21317:13:LL_ATON_End_EpochBlock_80	16	static
../X-CUBE-AI/App/network.c:21350:13:LL_ATON_Start_EpochBlock_81	16	static
../X-CUBE-AI/App/network.c:21627:13:LL_ATON_End_EpochBlock_81	16	static
../X-CUBE-AI/App/network.c:21660:13:LL_ATON_Start_EpochBlock_82	16	static
../X-CUBE-AI/App/network.c:22360:13:LL_ATON_End_EpochBlock_82	16	static
../X-CUBE-AI/App/network.c:22416:13:LL_ATON_Start_EpochBlock_83	16	static
../X-CUBE-AI/App/network.c:22693:13:LL_ATON_End_EpochBlock_83	16	static
../X-CUBE-AI/App/network.c:22726:13:LL_ATON_Start_EpochBlock_84	16	static
../X-CUBE-AI/App/network.c:23426:13:LL_ATON_End_EpochBlock_84	16	static
../X-CUBE-AI/App/network.c:23482:13:LL_ATON_Start_EpochBlock_85	16	static
../X-CUBE-AI/App/network.c:23759:13:LL_ATON_End_EpochBlock_85	16	static
../X-CUBE-AI/App/network.c:23792:13:LL_ATON_Start_EpochBlock_86	16	static
../X-CUBE-AI/App/network.c:24492:13:LL_ATON_End_EpochBlock_86	16	static
../X-CUBE-AI/App/network.c:24548:13:LL_ATON_Start_EpochBlock_87	16	static
../X-CUBE-AI/App/network.c:24825:13:LL_ATON_End_EpochBlock_87	16	static
../X-CUBE-AI/App/network.c:24858:13:LL_ATON_Start_EpochBlock_88	16	static
../X-CUBE-AI/App/network.c:25560:13:LL_ATON_End_EpochBlock_88	16	static
../X-CUBE-AI/App/network.c:25616:13:LL_ATON_Start_EpochBlock_89	16	static
../X-CUBE-AI/App/network.c:26282:13:LL_ATON_End_EpochBlock_89	16	static
../X-CUBE-AI/App/network.c:26335:13:LL_ATON_End_EpochBlock_90	200	static
../X-CUBE-AI/App/network.c:26392:13:LL_ATON_Start_EpochBlock_91	16	static
../X-CUBE-AI/App/network.c:26673:13:LL_ATON_End_EpochBlock_91	16	static
../X-CUBE-AI/App/network.c:26707:13:LL_ATON_Start_EpochBlock_92	16	static
../X-CUBE-AI/App/network.c:26809:13:LL_ATON_End_EpochBlock_92	16	static
../X-CUBE-AI/App/network.c:26834:13:LL_ATON_End_EpochBlock_93	200	static
../X-CUBE-AI/App/network.c:26894:13:LL_ATON_Start_EpochBlock_95	16	static
../X-CUBE-AI/App/network.c:26996:13:LL_ATON_End_EpochBlock_95	16	static
../X-CUBE-AI/App/network.c:27023:31:LL_ATON_EpochBlockItems_Default	4	static
../X-CUBE-AI/App/network.c:28337:30:LL_ATON_Input_Buffers_Info_Default	4	static
../X-CUBE-AI/App/network.c:32015:30:LL_ATON_Output_Buffers_Info_Default	4	static
../X-CUBE-AI/App/network.c:32118:30:LL_ATON_Internal_Buffers_Info_Default	4	static
