../../Middlewares/ST/AI/Npu/ll_aton/ll_aton_caches_interface.h:51:22:LL_ATON_Cache_MCU_Clean_Range	16	static
../../Middlewares/ST/AI/Npu/ll_aton/ll_aton_caches_interface.h:70:22:LL_ATON_Cache_MCU_Invalidate_Range	16	static
../X-CUBE-AI/App/network.c:86:26:LL_ATON_Set_User_Input_Buffer_Default	24	static
../X-CUBE-AI/App/network.c:93:7:LL_ATON_Get_User_Input_Buffer_Default	16	static
../X-CUBE-AI/App/network.c:100:26:LL_ATON_Set_User_Output_Buffer_Default	24	static
../X-CUBE-AI/App/network.c:107:7:LL_ATON_Get_User_Output_Buffer_Default	16	static
../X-CUBE-AI/App/network.c:114:6:LL_ATON_EC_Network_Init_Default	4	static
../X-CUBE-AI/App/network.c:119:6:LL_ATON_EC_Inference_Init_Default	4	static
../X-CUBE-AI/App/network.c:128:13:LL_ATON_Start_EpochBlock_1	16	static
../X-CUBE-AI/App/network.c:271:13:LL_ATON_End_EpochBlock_1	16	static
../X-CUBE-AI/App/network.c:298:13:LL_ATON_Start_EpochBlock_2	16	static
../X-CUBE-AI/App/network.c:650:13:LL_ATON_End_EpochBlock_2	16	static
../X-CUBE-AI/App/network.c:687:13:LL_ATON_Start_EpochBlock_3	16	static
../X-CUBE-AI/App/network.c:950:13:LL_ATON_End_EpochBlock_3	16	static
../X-CUBE-AI/App/network.c:983:13:LL_ATON_Start_EpochBlock_4	16	static
../X-CUBE-AI/App/network.c:1160:13:LL_ATON_End_EpochBlock_4	16	static
../X-CUBE-AI/App/network.c:1190:13:LL_ATON_Start_EpochBlock_5	16	static
../X-CUBE-AI/App/network.c:1286:13:LL_ATON_End_EpochBlock_5	16	static
../X-CUBE-AI/App/network.c:1311:13:LL_ATON_Start_EpochBlock_6	16	static
../X-CUBE-AI/App/network.c:1927:13:LL_ATON_End_EpochBlock_6	16	static
../X-CUBE-AI/App/network.c:1979:13:LL_ATON_Start_EpochBlock_7	16	static
../X-CUBE-AI/App/network.c:2242:13:LL_ATON_End_EpochBlock_7	16	static
../X-CUBE-AI/App/network.c:2275:13:LL_ATON_Start_EpochBlock_8	16	static
../X-CUBE-AI/App/network.c:2451:13:LL_ATON_End_EpochBlock_8	16	static
../X-CUBE-AI/App/network.c:2480:13:LL_ATON_Start_EpochBlock_9	16	static
../X-CUBE-AI/App/network.c:2916:13:LL_ATON_End_EpochBlock_9	16	static
../X-CUBE-AI/App/network.c:2958:13:LL_ATON_Start_EpochBlock_10	16	static
../X-CUBE-AI/App/network.c:3221:13:LL_ATON_End_EpochBlock_10	16	static
../X-CUBE-AI/App/network.c:3254:13:LL_ATON_Start_EpochBlock_11	16	static
../X-CUBE-AI/App/network.c:3432:13:LL_ATON_End_EpochBlock_11	16	static
../X-CUBE-AI/App/network.c:3462:13:LL_ATON_Start_EpochBlock_12	16	static
../X-CUBE-AI/App/network.c:3560:13:LL_ATON_End_EpochBlock_12	16	static
../X-CUBE-AI/App/network.c:3585:13:LL_ATON_Start_EpochBlock_13	16	static
../X-CUBE-AI/App/network.c:4253:13:LL_ATON_End_EpochBlock_13	16	static
../X-CUBE-AI/App/network.c:4305:13:LL_ATON_Start_EpochBlock_14	16	static
../X-CUBE-AI/App/network.c:4568:13:LL_ATON_End_EpochBlock_14	16	static
../X-CUBE-AI/App/network.c:4601:13:LL_ATON_Start_EpochBlock_15	16	static
../X-CUBE-AI/App/network.c:4777:13:LL_ATON_End_EpochBlock_15	16	static
../X-CUBE-AI/App/network.c:4806:13:LL_ATON_Start_EpochBlock_16	16	static
../X-CUBE-AI/App/network.c:5242:13:LL_ATON_End_EpochBlock_16	16	static
../X-CUBE-AI/App/network.c:5284:13:LL_ATON_Start_EpochBlock_17	16	static
../X-CUBE-AI/App/network.c:5547:13:LL_ATON_End_EpochBlock_17	16	static
../X-CUBE-AI/App/network.c:5580:13:LL_ATON_Start_EpochBlock_18	16	static
../X-CUBE-AI/App/network.c:5756:13:LL_ATON_End_EpochBlock_18	16	static
../X-CUBE-AI/App/network.c:5785:13:LL_ATON_Start_EpochBlock_19	16	static
../X-CUBE-AI/App/network.c:5964:13:LL_ATON_End_EpochBlock_19	16	static
../X-CUBE-AI/App/network.c:5994:13:LL_ATON_Start_EpochBlock_20	16	static
../X-CUBE-AI/App/network.c:6090:13:LL_ATON_End_EpochBlock_20	16	static
../X-CUBE-AI/App/network.c:6115:13:LL_ATON_Start_EpochBlock_21	16	static
../X-CUBE-AI/App/network.c:6551:13:LL_ATON_End_EpochBlock_21	16	static
../X-CUBE-AI/App/network.c:6593:13:LL_ATON_Start_EpochBlock_22	16	static
../X-CUBE-AI/App/network.c:6856:13:LL_ATON_End_EpochBlock_22	16	static
../X-CUBE-AI/App/network.c:6889:13:LL_ATON_Start_EpochBlock_23	16	static
../X-CUBE-AI/App/network.c:7065:13:LL_ATON_End_EpochBlock_23	16	static
../X-CUBE-AI/App/network.c:7095:13:LL_ATON_Start_EpochBlock_24	16	static
../X-CUBE-AI/App/network.c:7191:13:LL_ATON_End_EpochBlock_24	16	static
../X-CUBE-AI/App/network.c:7216:13:LL_ATON_Start_EpochBlock_25	16	static
../X-CUBE-AI/App/network.c:7831:13:LL_ATON_End_EpochBlock_25	16	static
../X-CUBE-AI/App/network.c:7883:13:LL_ATON_Start_EpochBlock_26	16	static
../X-CUBE-AI/App/network.c:8145:13:LL_ATON_End_EpochBlock_26	16	static
../X-CUBE-AI/App/network.c:8178:13:LL_ATON_Start_EpochBlock_27	16	static
../X-CUBE-AI/App/network.c:8354:13:LL_ATON_End_EpochBlock_27	16	static
../X-CUBE-AI/App/network.c:8383:13:LL_ATON_Start_EpochBlock_28	16	static
../X-CUBE-AI/App/network.c:8986:13:LL_ATON_End_EpochBlock_28	16	static
../X-CUBE-AI/App/network.c:9038:13:LL_ATON_Start_EpochBlock_29	16	static
../X-CUBE-AI/App/network.c:9300:13:LL_ATON_End_EpochBlock_29	16	static
../X-CUBE-AI/App/network.c:9333:13:LL_ATON_Start_EpochBlock_30	16	static
../X-CUBE-AI/App/network.c:9511:13:LL_ATON_End_EpochBlock_30	16	static
../X-CUBE-AI/App/network.c:9541:13:LL_ATON_Start_EpochBlock_31	16	static
../X-CUBE-AI/App/network.c:9639:13:LL_ATON_End_EpochBlock_31	16	static
../X-CUBE-AI/App/network.c:9665:13:LL_ATON_Start_EpochBlock_32	16	static
../X-CUBE-AI/App/network.c:9878:13:LL_ATON_End_EpochBlock_32	16	static
../X-CUBE-AI/App/network.c:9908:13:LL_ATON_Start_EpochBlock_33	16	static
../X-CUBE-AI/App/network.c:10627:13:LL_ATON_End_EpochBlock_33	16	static
../X-CUBE-AI/App/network.c:10684:13:LL_ATON_Start_EpochBlock_34	16	static
../X-CUBE-AI/App/network.c:10946:13:LL_ATON_End_EpochBlock_34	16	static
../X-CUBE-AI/App/network.c:10979:13:LL_ATON_Start_EpochBlock_35	16	static
../X-CUBE-AI/App/network.c:11155:13:LL_ATON_End_EpochBlock_35	16	static
../X-CUBE-AI/App/network.c:11184:13:LL_ATON_Start_EpochBlock_36	16	static
../X-CUBE-AI/App/network.c:11787:13:LL_ATON_End_EpochBlock_36	16	static
../X-CUBE-AI/App/network.c:11839:13:LL_ATON_Start_EpochBlock_37	16	static
../X-CUBE-AI/App/network.c:12101:13:LL_ATON_End_EpochBlock_37	16	static
../X-CUBE-AI/App/network.c:12134:13:LL_ATON_Start_EpochBlock_38	16	static
../X-CUBE-AI/App/network.c:12310:13:LL_ATON_End_EpochBlock_38	16	static
../X-CUBE-AI/App/network.c:12339:13:LL_ATON_Start_EpochBlock_39	16	static
../X-CUBE-AI/App/network.c:12514:13:LL_ATON_End_EpochBlock_39	16	static
../X-CUBE-AI/App/network.c:12543:13:LL_ATON_Start_EpochBlock_40	16	static
../X-CUBE-AI/App/network.c:13260:13:LL_ATON_End_EpochBlock_40	16	static
../X-CUBE-AI/App/network.c:13317:13:LL_ATON_Start_EpochBlock_41	16	static
../X-CUBE-AI/App/network.c:13579:13:LL_ATON_End_EpochBlock_41	16	static
../X-CUBE-AI/App/network.c:13612:13:LL_ATON_Start_EpochBlock_42	16	static
../X-CUBE-AI/App/network.c:13788:13:LL_ATON_End_EpochBlock_42	16	static
../X-CUBE-AI/App/network.c:13817:13:LL_ATON_Start_EpochBlock_43	16	static
../X-CUBE-AI/App/network.c:14420:13:LL_ATON_End_EpochBlock_43	16	static
../X-CUBE-AI/App/network.c:14472:13:LL_ATON_Start_EpochBlock_44	16	static
../X-CUBE-AI/App/network.c:14734:13:LL_ATON_End_EpochBlock_44	16	static
../X-CUBE-AI/App/network.c:14767:13:LL_ATON_Start_EpochBlock_45	16	static
../X-CUBE-AI/App/network.c:14943:13:LL_ATON_End_EpochBlock_45	16	static
../X-CUBE-AI/App/network.c:14972:13:LL_ATON_Start_EpochBlock_46	16	static
../X-CUBE-AI/App/network.c:15147:13:LL_ATON_End_EpochBlock_46	16	static
../X-CUBE-AI/App/network.c:15177:13:LL_ATON_Start_EpochBlock_47	16	static
../X-CUBE-AI/App/network.c:15275:13:LL_ATON_End_EpochBlock_47	16	static
../X-CUBE-AI/App/network.c:15300:13:LL_ATON_Start_EpochBlock_48	16	static
../X-CUBE-AI/App/network.c:16090:13:LL_ATON_End_EpochBlock_48	16	static
../X-CUBE-AI/App/network.c:16152:13:LL_ATON_Start_EpochBlock_49	16	static
../X-CUBE-AI/App/network.c:16334:13:LL_ATON_End_EpochBlock_49	16	static
../X-CUBE-AI/App/network.c:16364:13:LL_ATON_Start_EpochBlock_50	16	static
../X-CUBE-AI/App/network.c:16460:13:LL_ATON_End_EpochBlock_50	16	static
../X-CUBE-AI/App/network.c:16485:13:LL_ATON_Start_EpochBlock_51	16	static
../X-CUBE-AI/App/network.c:17276:13:LL_ATON_End_EpochBlock_51	16	static
../X-CUBE-AI/App/network.c:17338:13:LL_ATON_Start_EpochBlock_52	16	static
../X-CUBE-AI/App/network.c:17514:13:LL_ATON_End_EpochBlock_52	16	static
../X-CUBE-AI/App/network.c:17543:13:LL_ATON_Start_EpochBlock_53	16	static
../X-CUBE-AI/App/network.c:18320:13:LL_ATON_End_EpochBlock_53	16	static
../X-CUBE-AI/App/network.c:18382:13:LL_ATON_Start_EpochBlock_54	16	static
../X-CUBE-AI/App/network.c:18560:13:LL_ATON_End_EpochBlock_54	16	static
../X-CUBE-AI/App/network.c:18590:13:LL_ATON_Start_EpochBlock_55	16	static
../X-CUBE-AI/App/network.c:18688:13:LL_ATON_End_EpochBlock_55	16	static
../X-CUBE-AI/App/network.c:18714:13:LL_ATON_Start_EpochBlock_56	16	static
../X-CUBE-AI/App/network.c:18926:13:LL_ATON_End_EpochBlock_56	16	static
../X-CUBE-AI/App/network.c:18956:13:LL_ATON_Start_EpochBlock_57	16	static
../X-CUBE-AI/App/network.c:19735:13:LL_ATON_End_EpochBlock_57	16	static
../X-CUBE-AI/App/network.c:19797:13:LL_ATON_Start_EpochBlock_58	16	static
../X-CUBE-AI/App/network.c:20089:13:LL_ATON_End_EpochBlock_58	16	static
../X-CUBE-AI/App/network.c:20124:13:LL_ATON_Start_EpochBlock_59	16	static
../X-CUBE-AI/App/network.c:20220:13:LL_ATON_End_EpochBlock_59	16	static
../X-CUBE-AI/App/network.c:20245:13:LL_ATON_Start_EpochBlock_60	16	static
../X-CUBE-AI/App/network.c:21036:13:LL_ATON_End_EpochBlock_60	16	static
../X-CUBE-AI/App/network.c:21098:13:LL_ATON_Start_EpochBlock_61	16	static
../X-CUBE-AI/App/network.c:21274:13:LL_ATON_End_EpochBlock_61	16	static
../X-CUBE-AI/App/network.c:21303:13:LL_ATON_Start_EpochBlock_62	16	static
../X-CUBE-AI/App/network.c:21561:13:LL_ATON_End_EpochBlock_62	16	static
../X-CUBE-AI/App/network.c:21595:13:LL_ATON_Start_EpochBlock_63	16	static
../X-CUBE-AI/App/network.c:21691:13:LL_ATON_End_EpochBlock_63	16	static
../X-CUBE-AI/App/network.c:21716:13:LL_ATON_Start_EpochBlock_64	16	static
../X-CUBE-AI/App/network.c:22507:13:LL_ATON_End_EpochBlock_64	16	static
../X-CUBE-AI/App/network.c:22569:13:LL_ATON_Start_EpochBlock_65	16	static
../X-CUBE-AI/App/network.c:22745:13:LL_ATON_End_EpochBlock_65	16	static
../X-CUBE-AI/App/network.c:22775:13:LL_ATON_Start_EpochBlock_66	16	static
../X-CUBE-AI/App/network.c:22871:13:LL_ATON_End_EpochBlock_66	16	static
../X-CUBE-AI/App/network.c:22896:13:LL_ATON_Start_EpochBlock_67	16	static
../X-CUBE-AI/App/network.c:23687:13:LL_ATON_End_EpochBlock_67	16	static
../X-CUBE-AI/App/network.c:23749:13:LL_ATON_Start_EpochBlock_68	16	static
../X-CUBE-AI/App/network.c:23925:13:LL_ATON_End_EpochBlock_68	16	static
../X-CUBE-AI/App/network.c:23954:13:LL_ATON_Start_EpochBlock_69	16	static
../X-CUBE-AI/App/network.c:24128:13:LL_ATON_End_EpochBlock_69	16	static
../X-CUBE-AI/App/network.c:24158:13:LL_ATON_Start_EpochBlock_70	16	static
../X-CUBE-AI/App/network.c:24256:13:LL_ATON_End_EpochBlock_70	16	static
../X-CUBE-AI/App/network.c:24281:13:LL_ATON_Start_EpochBlock_71	16	static
../X-CUBE-AI/App/network.c:25070:13:LL_ATON_End_EpochBlock_71	16	static
../X-CUBE-AI/App/network.c:25132:13:LL_ATON_Start_EpochBlock_72	16	static
../X-CUBE-AI/App/network.c:25397:13:LL_ATON_End_EpochBlock_72	16	static
../X-CUBE-AI/App/network.c:25431:13:LL_ATON_Start_EpochBlock_73	16	static
../X-CUBE-AI/App/network.c:25527:13:LL_ATON_End_EpochBlock_73	16	static
../X-CUBE-AI/App/network.c:25552:13:LL_ATON_Start_EpochBlock_74	16	static
../X-CUBE-AI/App/network.c:26343:13:LL_ATON_End_EpochBlock_74	16	static
../X-CUBE-AI/App/network.c:26405:13:LL_ATON_Start_EpochBlock_75	16	static
../X-CUBE-AI/App/network.c:26581:13:LL_ATON_End_EpochBlock_75	16	static
../X-CUBE-AI/App/network.c:26611:13:LL_ATON_Start_EpochBlock_76	16	static
../X-CUBE-AI/App/network.c:26707:13:LL_ATON_End_EpochBlock_76	16	static
../X-CUBE-AI/App/network.c:26732:13:LL_ATON_Start_EpochBlock_77	16	static
../X-CUBE-AI/App/network.c:27523:13:LL_ATON_End_EpochBlock_77	16	static
../X-CUBE-AI/App/network.c:27585:13:LL_ATON_Start_EpochBlock_78	16	static
../X-CUBE-AI/App/network.c:27763:13:LL_ATON_End_EpochBlock_78	16	static
../X-CUBE-AI/App/network.c:27793:13:LL_ATON_Start_EpochBlock_79	16	static
../X-CUBE-AI/App/network.c:27891:13:LL_ATON_End_EpochBlock_79	16	static
../X-CUBE-AI/App/network.c:27917:13:LL_ATON_Start_EpochBlock_80	16	static
../X-CUBE-AI/App/network.c:28129:13:LL_ATON_End_EpochBlock_80	16	static
../X-CUBE-AI/App/network.c:28159:13:LL_ATON_Start_EpochBlock_81	16	static
../X-CUBE-AI/App/network.c:28770:13:LL_ATON_End_EpochBlock_81	16	static
../X-CUBE-AI/App/network.c:28822:13:LL_ATON_Start_EpochBlock_82	16	static
../X-CUBE-AI/App/network.c:29114:13:LL_ATON_End_EpochBlock_82	16	static
../X-CUBE-AI/App/network.c:29149:13:LL_ATON_Start_EpochBlock_83	16	static
../X-CUBE-AI/App/network.c:29245:13:LL_ATON_End_EpochBlock_83	16	static
../X-CUBE-AI/App/network.c:29270:13:LL_ATON_Start_EpochBlock_84	16	static
../X-CUBE-AI/App/network.c:29887:13:LL_ATON_End_EpochBlock_84	16	static
../X-CUBE-AI/App/network.c:29939:13:LL_ATON_Start_EpochBlock_85	16	static
../X-CUBE-AI/App/network.c:30115:13:LL_ATON_End_EpochBlock_85	16	static
../X-CUBE-AI/App/network.c:30144:13:LL_ATON_Start_EpochBlock_86	16	static
../X-CUBE-AI/App/network.c:30371:13:LL_ATON_End_EpochBlock_86	16	static
../X-CUBE-AI/App/network.c:30403:13:LL_ATON_Start_EpochBlock_87	16	static
../X-CUBE-AI/App/network.c:30499:13:LL_ATON_End_EpochBlock_87	16	static
../X-CUBE-AI/App/network.c:30525:13:LL_ATON_Start_EpochBlock_88	16	static
../X-CUBE-AI/App/network.c:30621:13:LL_ATON_End_EpochBlock_88	16	static
../X-CUBE-AI/App/network.c:30646:13:LL_ATON_Start_EpochBlock_89	16	static
../X-CUBE-AI/App/network.c:31437:13:LL_ATON_End_EpochBlock_89	16	static
../X-CUBE-AI/App/network.c:31499:13:LL_ATON_Start_EpochBlock_90	16	static
../X-CUBE-AI/App/network.c:31677:13:LL_ATON_End_EpochBlock_90	16	static
../X-CUBE-AI/App/network.c:31706:13:LL_ATON_Start_EpochBlock_91	16	static
../X-CUBE-AI/App/network.c:32324:13:LL_ATON_End_EpochBlock_91	16	static
../X-CUBE-AI/App/network.c:32378:13:LL_ATON_Start_EpochBlock_92	16	static
../X-CUBE-AI/App/network.c:32541:13:LL_ATON_End_EpochBlock_92	16	static
../X-CUBE-AI/App/network.c:32569:13:LL_ATON_Start_EpochBlock_93	16	static
../X-CUBE-AI/App/network.c:32838:13:LL_ATON_End_EpochBlock_93	16	static
../X-CUBE-AI/App/network.c:32872:13:LL_ATON_Start_EpochBlock_94	16	static
../X-CUBE-AI/App/network.c:33211:13:LL_ATON_End_EpochBlock_94	16	static
../X-CUBE-AI/App/network.c:33248:13:LL_ATON_Start_EpochBlock_95	16	static
../X-CUBE-AI/App/network.c:33585:13:LL_ATON_End_EpochBlock_95	16	static
../X-CUBE-AI/App/network.c:33622:13:LL_ATON_Start_EpochBlock_96	16	static
../X-CUBE-AI/App/network.c:33720:13:LL_ATON_End_EpochBlock_96	16	static
../X-CUBE-AI/App/network.c:33745:13:LL_ATON_Start_EpochBlock_97	16	static
../X-CUBE-AI/App/network.c:34364:13:LL_ATON_End_EpochBlock_97	16	static
../X-CUBE-AI/App/network.c:34416:13:LL_ATON_Start_EpochBlock_98	16	static
../X-CUBE-AI/App/network.c:34678:13:LL_ATON_End_EpochBlock_98	16	static
../X-CUBE-AI/App/network.c:34711:13:LL_ATON_Start_EpochBlock_99	16	static
../X-CUBE-AI/App/network.c:34893:13:LL_ATON_End_EpochBlock_99	16	static
../X-CUBE-AI/App/network.c:34923:13:LL_ATON_Start_EpochBlock_100	16	static
../X-CUBE-AI/App/network.c:35027:13:LL_ATON_End_EpochBlock_100	16	static
../X-CUBE-AI/App/network.c:35052:13:LL_ATON_End_EpochBlock_101	32	static
../X-CUBE-AI/App/network.c:35148:13:LL_ATON_End_EpochBlock_102	24	static
../X-CUBE-AI/App/network.c:35272:13:LL_ATON_Start_EpochBlock_103	16	static
../X-CUBE-AI/App/network.c:36049:13:LL_ATON_End_EpochBlock_103	16	static
../X-CUBE-AI/App/network.c:36111:13:LL_ATON_Start_EpochBlock_104	16	static
../X-CUBE-AI/App/network.c:36289:13:LL_ATON_End_EpochBlock_104	16	static
../X-CUBE-AI/App/network.c:36319:13:LL_ATON_Start_EpochBlock_105	16	static
../X-CUBE-AI/App/network.c:36417:13:LL_ATON_End_EpochBlock_105	16	static
../X-CUBE-AI/App/network.c:36444:13:LL_ATON_Start_EpochBlock_106	16	static
../X-CUBE-AI/App/network.c:36607:13:LL_ATON_End_EpochBlock_106	16	static
../X-CUBE-AI/App/network.c:36635:13:LL_ATON_Start_EpochBlock_107	16	static
../X-CUBE-AI/App/network.c:37414:13:LL_ATON_End_EpochBlock_107	16	static
../X-CUBE-AI/App/network.c:37476:13:LL_ATON_Start_EpochBlock_108	16	static
../X-CUBE-AI/App/network.c:37652:13:LL_ATON_End_EpochBlock_108	16	static
../X-CUBE-AI/App/network.c:37682:13:LL_ATON_Start_EpochBlock_109	16	static
../X-CUBE-AI/App/network.c:37778:13:LL_ATON_End_EpochBlock_109	16	static
../X-CUBE-AI/App/network.c:37803:13:LL_ATON_Start_EpochBlock_110	16	static
../X-CUBE-AI/App/network.c:38594:13:LL_ATON_End_EpochBlock_110	16	static
../X-CUBE-AI/App/network.c:38656:13:LL_ATON_Start_EpochBlock_111	16	static
../X-CUBE-AI/App/network.c:38883:13:LL_ATON_End_EpochBlock_111	16	static
../X-CUBE-AI/App/network.c:38915:13:LL_ATON_Start_EpochBlock_112	16	static
../X-CUBE-AI/App/network.c:39011:13:LL_ATON_End_EpochBlock_112	16	static
../X-CUBE-AI/App/network.c:39036:13:LL_ATON_Start_EpochBlock_113	16	static
../X-CUBE-AI/App/network.c:39813:13:LL_ATON_End_EpochBlock_113	16	static
../X-CUBE-AI/App/network.c:39875:13:LL_ATON_Start_EpochBlock_114	16	static
../X-CUBE-AI/App/network.c:40051:13:LL_ATON_End_EpochBlock_114	16	static
../X-CUBE-AI/App/network.c:40081:13:LL_ATON_Start_EpochBlock_115	16	static
../X-CUBE-AI/App/network.c:40304:13:LL_ATON_End_EpochBlock_115	16	static
../X-CUBE-AI/App/network.c:40334:13:LL_ATON_End_EpochBlock_116	32	static
../X-CUBE-AI/App/network.c:40430:13:LL_ATON_Start_EpochBlock_117	16	static
../X-CUBE-AI/App/network.c:40581:13:LL_ATON_End_EpochBlock_117	16	static
../X-CUBE-AI/App/network.c:40608:13:LL_ATON_End_EpochBlock_118	24	static
../X-CUBE-AI/App/network.c:40732:13:LL_ATON_Start_EpochBlock_119	16	static
../X-CUBE-AI/App/network.c:41510:13:LL_ATON_End_EpochBlock_119	16	static
../X-CUBE-AI/App/network.c:41572:13:LL_ATON_Start_EpochBlock_120	16	static
../X-CUBE-AI/App/network.c:41750:13:LL_ATON_End_EpochBlock_120	16	static
../X-CUBE-AI/App/network.c:41780:13:LL_ATON_Start_EpochBlock_121	16	static
../X-CUBE-AI/App/network.c:41878:13:LL_ATON_End_EpochBlock_121	16	static
../X-CUBE-AI/App/network.c:41904:13:LL_ATON_Start_EpochBlock_122	16	static
../X-CUBE-AI/App/network.c:42115:13:LL_ATON_End_EpochBlock_122	16	static
../X-CUBE-AI/App/network.c:42145:13:LL_ATON_Start_EpochBlock_123	16	static
../X-CUBE-AI/App/network.c:42864:13:LL_ATON_End_EpochBlock_123	16	static
../X-CUBE-AI/App/network.c:42921:13:LL_ATON_Start_EpochBlock_124	16	static
../X-CUBE-AI/App/network.c:43184:13:LL_ATON_End_EpochBlock_124	16	static
../X-CUBE-AI/App/network.c:43217:13:LL_ATON_Start_EpochBlock_125	16	static
../X-CUBE-AI/App/network.c:43393:13:LL_ATON_End_EpochBlock_125	16	static
../X-CUBE-AI/App/network.c:43422:13:LL_ATON_Start_EpochBlock_126	16	static
../X-CUBE-AI/App/network.c:44025:13:LL_ATON_End_EpochBlock_126	16	static
../X-CUBE-AI/App/network.c:44077:13:LL_ATON_Start_EpochBlock_127	16	static
../X-CUBE-AI/App/network.c:44339:13:LL_ATON_End_EpochBlock_127	16	static
../X-CUBE-AI/App/network.c:44372:13:LL_ATON_Start_EpochBlock_128	16	static
../X-CUBE-AI/App/network.c:44548:13:LL_ATON_End_EpochBlock_128	16	static
../X-CUBE-AI/App/network.c:44578:13:LL_ATON_Start_EpochBlock_129	16	static
../X-CUBE-AI/App/network.c:44674:13:LL_ATON_End_EpochBlock_129	16	static
../X-CUBE-AI/App/network.c:44699:13:LL_ATON_Start_EpochBlock_130	16	static
../X-CUBE-AI/App/network.c:45302:13:LL_ATON_End_EpochBlock_130	16	static
../X-CUBE-AI/App/network.c:45354:13:LL_ATON_Start_EpochBlock_131	16	static
../X-CUBE-AI/App/network.c:45616:13:LL_ATON_End_EpochBlock_131	16	static
../X-CUBE-AI/App/network.c:45649:13:LL_ATON_Start_EpochBlock_132	16	static
../X-CUBE-AI/App/network.c:45825:13:LL_ATON_End_EpochBlock_132	16	static
../X-CUBE-AI/App/network.c:45855:13:LL_ATON_Start_EpochBlock_133	16	static
../X-CUBE-AI/App/network.c:45951:13:LL_ATON_End_EpochBlock_133	16	static
../X-CUBE-AI/App/network.c:45976:13:LL_ATON_Start_EpochBlock_134	16	static
../X-CUBE-AI/App/network.c:46460:13:LL_ATON_End_EpochBlock_134	16	static
../X-CUBE-AI/App/network.c:46506:13:LL_ATON_Start_EpochBlock_135	16	static
../X-CUBE-AI/App/network.c:47242:13:LL_ATON_End_EpochBlock_135	16	static
../X-CUBE-AI/App/network.c:47299:13:LL_ATON_Start_EpochBlock_136	16	static
../X-CUBE-AI/App/network.c:48089:13:LL_ATON_End_EpochBlock_136	16	static
../X-CUBE-AI/App/network.c:48151:13:LL_ATON_Start_EpochBlock_137	16	static
../X-CUBE-AI/App/network.c:48616:13:LL_ATON_End_EpochBlock_137	16	static
../X-CUBE-AI/App/network.c:48660:13:LL_ATON_Start_EpochBlock_138	16	static
../X-CUBE-AI/App/network.c:49057:13:LL_ATON_End_EpochBlock_138	16	static
../X-CUBE-AI/App/network.c:49096:13:LL_ATON_Start_EpochBlock_139	16	static
../X-CUBE-AI/App/network.c:49886:13:LL_ATON_End_EpochBlock_139	16	static
../X-CUBE-AI/App/network.c:49948:13:LL_ATON_Start_EpochBlock_140	16	static
../X-CUBE-AI/App/network.c:50425:13:LL_ATON_End_EpochBlock_140	16	static
../X-CUBE-AI/App/network.c:50468:13:LL_ATON_Start_EpochBlock_141	16	static
../X-CUBE-AI/App/network.c:51150:13:LL_ATON_End_EpochBlock_141	16	static
../X-CUBE-AI/App/network.c:51207:13:LL_ATON_Start_EpochBlock_142	16	static
../X-CUBE-AI/App/network.c:51376:13:LL_ATON_End_EpochBlock_142	16	static
../X-CUBE-AI/App/network.c:51404:13:LL_ATON_Start_EpochBlock_143	16	static
../X-CUBE-AI/App/network.c:52193:13:LL_ATON_End_EpochBlock_143	16	static
../X-CUBE-AI/App/network.c:52255:13:LL_ATON_Start_EpochBlock_144	16	static
../X-CUBE-AI/App/network.c:52431:13:LL_ATON_End_EpochBlock_144	16	static
../X-CUBE-AI/App/network.c:52460:13:LL_ATON_Start_EpochBlock_145	16	static
../X-CUBE-AI/App/network.c:53147:13:LL_ATON_End_EpochBlock_145	16	static
../X-CUBE-AI/App/network.c:53202:13:LL_ATON_End_EpochBlock_146	24	static
../X-CUBE-AI/App/network.c:53326:13:LL_ATON_Start_EpochBlock_147	16	static
../X-CUBE-AI/App/network.c:54103:13:LL_ATON_End_EpochBlock_147	16	static
../X-CUBE-AI/App/network.c:54166:13:LL_ATON_Start_EpochBlock_148	16	static
../X-CUBE-AI/App/network.c:54411:13:LL_ATON_End_EpochBlock_148	16	static
../X-CUBE-AI/App/network.c:54444:13:LL_ATON_Start_EpochBlock_149	16	static
../X-CUBE-AI/App/network.c:54664:13:LL_ATON_End_EpochBlock_149	16	static
../X-CUBE-AI/App/network.c:54696:13:LL_ATON_Start_EpochBlock_150	16	static
../X-CUBE-AI/App/network.c:54859:13:LL_ATON_End_EpochBlock_150	16	static
../X-CUBE-AI/App/network.c:54887:13:LL_ATON_Start_EpochBlock_151	16	static
../X-CUBE-AI/App/network.c:55666:13:LL_ATON_End_EpochBlock_151	16	static
../X-CUBE-AI/App/network.c:55728:13:LL_ATON_Start_EpochBlock_152	16	static
../X-CUBE-AI/App/network.c:55904:13:LL_ATON_End_EpochBlock_152	16	static
../X-CUBE-AI/App/network.c:55934:13:LL_ATON_Start_EpochBlock_153	16	static
../X-CUBE-AI/App/network.c:56030:13:LL_ATON_End_EpochBlock_153	16	static
../X-CUBE-AI/App/network.c:56055:13:LL_ATON_Start_EpochBlock_154	16	static
../X-CUBE-AI/App/network.c:56846:13:LL_ATON_End_EpochBlock_154	16	static
../X-CUBE-AI/App/network.c:56908:13:LL_ATON_Start_EpochBlock_155	16	static
../X-CUBE-AI/App/network.c:57135:13:LL_ATON_End_EpochBlock_155	16	static
../X-CUBE-AI/App/network.c:57167:13:LL_ATON_Start_EpochBlock_156	16	static
../X-CUBE-AI/App/network.c:57263:13:LL_ATON_End_EpochBlock_156	16	static
../X-CUBE-AI/App/network.c:57288:13:LL_ATON_Start_EpochBlock_157	16	static
../X-CUBE-AI/App/network.c:58065:13:LL_ATON_End_EpochBlock_157	16	static
../X-CUBE-AI/App/network.c:58127:13:LL_ATON_Start_EpochBlock_158	16	static
../X-CUBE-AI/App/network.c:58303:13:LL_ATON_End_EpochBlock_158	16	static
../X-CUBE-AI/App/network.c:58333:13:LL_ATON_Start_EpochBlock_159	16	static
../X-CUBE-AI/App/network.c:58429:13:LL_ATON_End_EpochBlock_159	16	static
../X-CUBE-AI/App/network.c:58454:13:LL_ATON_Start_EpochBlock_160	16	static
../X-CUBE-AI/App/network.c:58939:13:LL_ATON_End_EpochBlock_160	16	static
../X-CUBE-AI/App/network.c:58985:13:LL_ATON_Start_EpochBlock_161	16	static
../X-CUBE-AI/App/network.c:59706:13:LL_ATON_End_EpochBlock_161	16	static
../X-CUBE-AI/App/network.c:59763:13:LL_ATON_Start_EpochBlock_162	16	static
../X-CUBE-AI/App/network.c:60554:13:LL_ATON_End_EpochBlock_162	16	static
../X-CUBE-AI/App/network.c:60616:13:LL_ATON_Start_EpochBlock_163	16	static
../X-CUBE-AI/App/network.c:61141:13:LL_ATON_End_EpochBlock_163	16	static
../X-CUBE-AI/App/network.c:61187:13:LL_ATON_Start_EpochBlock_164	16	static
../X-CUBE-AI/App/network.c:61673:13:LL_ATON_End_EpochBlock_164	16	static
../X-CUBE-AI/App/network.c:61716:13:LL_ATON_Start_EpochBlock_165	16	static
../X-CUBE-AI/App/network.c:62351:13:LL_ATON_End_EpochBlock_165	16	static
../X-CUBE-AI/App/network.c:62404:13:LL_ATON_End_EpochBlock_166	24	static
../X-CUBE-AI/App/network.c:62529:13:LL_ATON_Start_EpochBlock_167	16	static
../X-CUBE-AI/App/network.c:62861:13:LL_ATON_End_EpochBlock_167	16	static
../X-CUBE-AI/App/network.c:62897:13:LL_ATON_Start_EpochBlock_168	16	static
../X-CUBE-AI/App/network.c:63688:13:LL_ATON_End_EpochBlock_168	16	static
../X-CUBE-AI/App/network.c:63750:13:LL_ATON_Start_EpochBlock_169	16	static
../X-CUBE-AI/App/network.c:64310:13:LL_ATON_End_EpochBlock_169	16	static
../X-CUBE-AI/App/network.c:64358:13:LL_ATON_Start_EpochBlock_170	16	static
../X-CUBE-AI/App/network.c:64603:13:LL_ATON_End_EpochBlock_170	16	static
../X-CUBE-AI/App/network.c:64637:13:LL_ATON_Start_EpochBlock_171	16	static
../X-CUBE-AI/App/network.c:65305:13:LL_ATON_End_EpochBlock_171	16	static
../X-CUBE-AI/App/network.c:65360:13:LL_ATON_Start_EpochBlock_172	16	static
../X-CUBE-AI/App/network.c:66038:13:LL_ATON_End_EpochBlock_172	16	static
../X-CUBE-AI/App/network.c:66093:13:LL_ATON_Start_EpochBlock_173	16	static
../X-CUBE-AI/App/network.c:66539:13:LL_ATON_End_EpochBlock_173	16	static
../X-CUBE-AI/App/network.c:66581:13:LL_ATON_Start_EpochBlock_174	16	static
../X-CUBE-AI/App/network.c:66677:13:LL_ATON_End_EpochBlock_174	16	static
../X-CUBE-AI/App/network.c:66703:13:LL_ATON_Start_EpochBlock_175	16	static
../X-CUBE-AI/App/network.c:67387:13:LL_ATON_End_EpochBlock_175	16	static
../X-CUBE-AI/App/network.c:67442:13:LL_ATON_Start_EpochBlock_176	16	static
../X-CUBE-AI/App/network.c:68125:13:LL_ATON_End_EpochBlock_176	16	static
../X-CUBE-AI/App/network.c:68181:13:LL_ATON_Start_EpochBlock_177	16	static
../X-CUBE-AI/App/network.c:68393:13:LL_ATON_End_EpochBlock_177	16	static
../X-CUBE-AI/App/network.c:68424:13:LL_ATON_Start_EpochBlock_178	16	static
../X-CUBE-AI/App/network.c:68520:13:LL_ATON_End_EpochBlock_178	16	static
../X-CUBE-AI/App/network.c:68545:13:LL_ATON_Start_EpochBlock_179	16	static
../X-CUBE-AI/App/network.c:69336:13:LL_ATON_End_EpochBlock_179	16	static
../X-CUBE-AI/App/network.c:69398:13:LL_ATON_Start_EpochBlock_180	16	static
../X-CUBE-AI/App/network.c:69690:13:LL_ATON_End_EpochBlock_180	16	static
../X-CUBE-AI/App/network.c:69725:13:LL_ATON_Start_EpochBlock_181	16	static
../X-CUBE-AI/App/network.c:69922:13:LL_ATON_End_EpochBlock_181	16	static
../X-CUBE-AI/App/network.c:69952:13:LL_ATON_Start_EpochBlock_182	16	static
../X-CUBE-AI/App/network.c:70544:13:LL_ATON_End_EpochBlock_182	16	static
../X-CUBE-AI/App/network.c:70594:13:LL_ATON_Start_EpochBlock_183	16	static
../X-CUBE-AI/App/network.c:71124:13:LL_ATON_End_EpochBlock_183	16	static
../X-CUBE-AI/App/network.c:71169:13:LL_ATON_Start_EpochBlock_184	16	static
../X-CUBE-AI/App/network.c:71612:13:LL_ATON_End_EpochBlock_184	16	static
../X-CUBE-AI/App/network.c:71653:13:LL_ATON_Start_EpochBlock_185	16	static
../X-CUBE-AI/App/network.c:72161:13:LL_ATON_End_EpochBlock_185	16	static
../X-CUBE-AI/App/network.c:72207:13:LL_ATON_Start_EpochBlock_186	16	static
../X-CUBE-AI/App/network.c:72806:13:LL_ATON_End_EpochBlock_186	16	static
../X-CUBE-AI/App/network.c:72858:13:LL_ATON_Start_EpochBlock_187	16	static
../X-CUBE-AI/App/network.c:73542:13:LL_ATON_End_EpochBlock_187	16	static
../X-CUBE-AI/App/network.c:73597:13:LL_ATON_Start_EpochBlock_188	16	static
../X-CUBE-AI/App/network.c:73895:13:LL_ATON_End_EpochBlock_188	16	static
../X-CUBE-AI/App/network.c:73929:13:LL_ATON_Start_EpochBlock_189	16	static
../X-CUBE-AI/App/network.c:74694:13:LL_ATON_End_EpochBlock_189	16	static
../X-CUBE-AI/App/network.c:74754:13:LL_ATON_Start_EpochBlock_190	16	static
../X-CUBE-AI/App/network.c:74997:13:LL_ATON_End_EpochBlock_190	16	static
../X-CUBE-AI/App/network.c:75030:13:LL_ATON_Start_EpochBlock_191	16	static
../X-CUBE-AI/App/network.c:75248:13:LL_ATON_End_EpochBlock_191	16	static
../X-CUBE-AI/App/network.c:75278:13:LL_ATON_Start_EpochBlock_192	16	static
../X-CUBE-AI/App/network.c:75895:13:LL_ATON_End_EpochBlock_192	16	static
../X-CUBE-AI/App/network.c:75947:13:LL_ATON_End_EpochBlock_193	24	static
../X-CUBE-AI/App/network.c:76099:13:LL_ATON_Start_EpochBlock_194	16	static
../X-CUBE-AI/App/network.c:76275:13:LL_ATON_End_EpochBlock_194	16	static
../X-CUBE-AI/App/network.c:76304:13:LL_ATON_Start_EpochBlock_195	16	static
../X-CUBE-AI/App/network.c:76838:13:LL_ATON_End_EpochBlock_195	16	static
../X-CUBE-AI/App/network.c:76886:13:LL_ATON_End_EpochBlock_196	32	static
../X-CUBE-AI/App/network.c:76956:13:LL_ATON_Start_EpochBlock_197	16	static
../X-CUBE-AI/App/network.c:77125:13:LL_ATON_End_EpochBlock_197	16	static
../X-CUBE-AI/App/network.c:77153:13:LL_ATON_End_EpochBlock_198	344	static
../X-CUBE-AI/App/network.c:77247:13:LL_ATON_Start_EpochBlock_199	16	static
../X-CUBE-AI/App/network.c:77702:13:LL_ATON_End_EpochBlock_199	16	static
../X-CUBE-AI/App/network.c:77742:13:LL_ATON_End_EpochBlock_200	24	static
../X-CUBE-AI/App/network.c:77895:13:LL_ATON_Start_EpochBlock_201	16	static
../X-CUBE-AI/App/network.c:78151:13:LL_ATON_End_EpochBlock_201	16	static
../X-CUBE-AI/App/network.c:78183:13:LL_ATON_End_EpochBlock_202	200	static
../X-CUBE-AI/App/network.c:78240:13:LL_ATON_End_EpochBlock_203	248	static
../X-CUBE-AI/App/network.c:78301:13:LL_ATON_End_EpochBlock_204	200	static
../X-CUBE-AI/App/network.c:78370:13:LL_ATON_End_EpochBlock_205	200	static
../X-CUBE-AI/App/network.c:78433:13:LL_ATON_Start_EpochBlock_206	16	static
../X-CUBE-AI/App/network.c:78782:13:LL_ATON_End_EpochBlock_206	16	static
../X-CUBE-AI/App/network.c:78819:13:LL_ATON_Start_EpochBlock_207	16	static
../X-CUBE-AI/App/network.c:79033:13:LL_ATON_End_EpochBlock_207	16	static
../X-CUBE-AI/App/network.c:79065:13:LL_ATON_Start_EpochBlock_208	16	static
../X-CUBE-AI/App/network.c:79163:13:LL_ATON_End_EpochBlock_208	16	static
../X-CUBE-AI/App/network.c:79188:13:LL_ATON_Start_EpochBlock_209	16	static
../X-CUBE-AI/App/network.c:79544:13:LL_ATON_End_EpochBlock_209	16	static
../X-CUBE-AI/App/network.c:79582:13:LL_ATON_Start_EpochBlock_210	16	static
../X-CUBE-AI/App/network.c:79686:13:LL_ATON_End_EpochBlock_210	16	static
../X-CUBE-AI/App/network.c:79713:31:LL_ATON_EpochBlockItems_Default	4	static
../X-CUBE-AI/App/network.c:82665:30:LL_ATON_Input_Buffers_Info_Default	4	static
../X-CUBE-AI/App/network.c:90584:30:LL_ATON_Output_Buffers_Info_Default	4	static
../X-CUBE-AI/App/network.c:90623:30:LL_ATON_Internal_Buffers_Info_Default	4	static
