C:/Users/96022/Desktop/EmbeddedCompetition/ElectronicWarehouse/Appli/Middlewares/ST/touchgfx/framework/include/touchgfx/events/ClickEvent.hpp:73:13:int16_t touchgfx::ClickEvent::getX() const	16	static
C:/Users/96022/Desktop/EmbeddedCompetition/ElectronicWarehouse/Appli/Middlewares/ST/touchgfx/framework/include/touchgfx/events/ClickEvent.hpp:83:13:int16_t touchgfx::ClickEvent::getY() const	16	static
C:/Users/96022/Desktop/EmbeddedCompetition/ElectronicWarehouse/Appli/Middlewares/ST/touchgfx/framework/include/touchgfx/events/ClickEvent.hpp:123:20:touchgfx::ClickEvent::ClickEventType touchgfx::ClickEvent::getType() const	16	static
C:/Users/96022/Desktop/EmbeddedCompetition/ElectronicWarehouse/Appli/Middlewares/ST/touchgfx/framework/include/touchgfx/Drawable.hpp:62:13:touchgfx::Drawable::~Drawable()	16	static
C:/Users/96022/Desktop/EmbeddedCompetition/ElectronicWarehouse/Appli/Middlewares/ST/touchgfx/framework/include/touchgfx/Drawable.hpp:62:13:virtual touchgfx::Drawable::~Drawable()	16	static
C:/Users/96022/Desktop/EmbeddedCompetition/ElectronicWarehouse/Appli/Middlewares/ST/touchgfx/framework/include/touchgfx/Drawable.hpp:121:18:virtual void touchgfx::Drawable::invalidateContent() const	16	static
C:/Users/96022/Desktop/EmbeddedCompetition/ElectronicWarehouse/Appli/Middlewares/ST/touchgfx/framework/include/touchgfx/Drawable.hpp:293:13:int16_t touchgfx::Drawable::getWidth() const	16	static
C:/Users/96022/Desktop/EmbeddedCompetition/ElectronicWarehouse/Appli/Middlewares/ST/touchgfx/framework/include/touchgfx/Drawable.hpp:303:13:int16_t touchgfx::Drawable::getHeight() const	16	static
C:/Users/96022/Desktop/EmbeddedCompetition/ElectronicWarehouse/Appli/Middlewares/ST/touchgfx/framework/include/touchgfx/Drawable.hpp:315:18:virtual void touchgfx::Drawable::setX(int16_t)	16	static
C:/Users/96022/Desktop/EmbeddedCompetition/ElectronicWarehouse/Appli/Middlewares/ST/touchgfx/framework/include/touchgfx/Drawable.hpp:327:18:virtual void touchgfx::Drawable::setY(int16_t)	16	static
C:/Users/96022/Desktop/EmbeddedCompetition/ElectronicWarehouse/Appli/Middlewares/ST/touchgfx/framework/include/touchgfx/Drawable.hpp:378:18:virtual void touchgfx::Drawable::childGeometryChanged()	16	static
C:/Users/96022/Desktop/EmbeddedCompetition/ElectronicWarehouse/Appli/Middlewares/ST/touchgfx/framework/include/touchgfx/Drawable.hpp:389:18:virtual void touchgfx::Drawable::handleClickEvent(const touchgfx::ClickEvent&)	16	static
C:/Users/96022/Desktop/EmbeddedCompetition/ElectronicWarehouse/Appli/Middlewares/ST/touchgfx/framework/include/touchgfx/Drawable.hpp:588:18:virtual void touchgfx::Drawable::moveTo(int16_t, int16_t)	16	static
C:/Users/96022/Desktop/EmbeddedCompetition/ElectronicWarehouse/Appli/Middlewares/ST/touchgfx/framework/include/touchgfx/containers/Container.hpp:165:23:virtual touchgfx::Drawable* touchgfx::Container::getFirstChild()	16	static
C:/Users/96022/Desktop/EmbeddedCompetition/ElectronicWarehouse/Appli/Middlewares/ST/touchgfx/framework/include/touchgfx/containers/scrollers/ScrollBase.hpp:381:18:virtual void touchgfx::ScrollBase::initialize()	16	static
C:/Users/96022/Desktop/EmbeddedCompetition/ElectronicWarehouse/Appli/Middlewares/ST/touchgfx/framework/include/touchgfx/containers/Container.hpp:40:7:touchgfx::Container::~Container()	16	static
C:/Users/96022/Desktop/EmbeddedCompetition/ElectronicWarehouse/Appli/Middlewares/ST/touchgfx/framework/include/touchgfx/containers/Container.hpp:40:7:virtual touchgfx::Container::~Container()	16	static
C:/Users/96022/Desktop/EmbeddedCompetition/ElectronicWarehouse/Appli/Middlewares/ST/touchgfx/framework/include/touchgfx/containers/scrollers/DrawableList.hpp:117:7:touchgfx::DrawableList::~DrawableList()	16	static
C:/Users/96022/Desktop/EmbeddedCompetition/ElectronicWarehouse/Appli/Middlewares/ST/touchgfx/framework/include/touchgfx/containers/scrollers/DrawableList.hpp:117:7:virtual touchgfx::DrawableList::~DrawableList()	16	static
C:/Users/96022/Desktop/EmbeddedCompetition/ElectronicWarehouse/Appli/Middlewares/ST/touchgfx/framework/include/touchgfx/containers/scrollers/ScrollBase.hpp:43:7:touchgfx::ScrollBase::~ScrollBase()	16	static
C:/Users/96022/Desktop/EmbeddedCompetition/ElectronicWarehouse/Appli/Middlewares/ST/touchgfx/framework/include/touchgfx/containers/scrollers/ScrollBase.hpp:43:7:virtual touchgfx::ScrollBase::~ScrollBase()	16	static
../Middlewares/ST/touchgfx/framework/source/touchgfx/containers/scrollers/ScrollList.cpp:18:1:touchgfx::ScrollList::ScrollList()	16	static
../Middlewares/ST/touchgfx/framework/source/touchgfx/containers/scrollers/ScrollList.cpp:26:6:virtual void touchgfx::ScrollList::setWidth(int16_t)	16	static
../Middlewares/ST/touchgfx/framework/source/touchgfx/containers/scrollers/ScrollList.cpp:35:6:virtual void touchgfx::ScrollList::setHeight(int16_t)	16	static
../Middlewares/ST/touchgfx/framework/source/touchgfx/containers/scrollers/ScrollList.cpp:44:6:virtual void touchgfx::ScrollList::setDrawableSize(int16_t, int16_t)	16	static
../Middlewares/ST/touchgfx/framework/source/touchgfx/containers/scrollers/ScrollList.cpp:50:6:virtual void touchgfx::ScrollList::setDrawables(touchgfx::DrawableListItemsInterface&, touchgfx::GenericCallback<touchgfx::DrawableListItemsInterface*, short int, short int>&)	24	static
../Middlewares/ST/touchgfx/framework/source/touchgfx/containers/scrollers/ScrollList.cpp:58:6:void touchgfx::ScrollList::setWindowSize(int16_t)	40	static
../Middlewares/ST/touchgfx/framework/source/touchgfx/containers/scrollers/ScrollList.cpp:71:6:void touchgfx::ScrollList::setPadding(int16_t, int16_t)	24	static
../Middlewares/ST/touchgfx/framework/source/touchgfx/containers/scrollers/ScrollList.cpp:80:9:int16_t touchgfx::ScrollList::getPaddingBefore() const	16	static
../Middlewares/ST/touchgfx/framework/source/touchgfx/containers/scrollers/ScrollList.cpp:85:9:int16_t touchgfx::ScrollList::getPaddingAfter() const	16	static
../Middlewares/ST/touchgfx/framework/source/touchgfx/containers/scrollers/ScrollList.cpp:90:6:void touchgfx::ScrollList::setSnapping(bool)	32	static
../Middlewares/ST/touchgfx/framework/source/touchgfx/containers/scrollers/ScrollList.cpp:99:6:bool touchgfx::ScrollList::getSnapping() const	16	static
../Middlewares/ST/touchgfx/framework/source/touchgfx/containers/scrollers/ScrollList.cpp:104:9:virtual int32_t touchgfx::ScrollList::getPositionForItem(int16_t)	72	static
../Middlewares/ST/touchgfx/framework/source/touchgfx/containers/scrollers/ScrollList.cpp:174:6:virtual void touchgfx::ScrollList::handleClickEvent(const touchgfx::ClickEvent&)	64	static
../Middlewares/ST/touchgfx/framework/source/touchgfx/containers/scrollers/ScrollList.cpp:239:9:virtual int32_t touchgfx::ScrollList::getNearestAlignedOffset(int32_t) const	16	static
../Middlewares/ST/touchgfx/framework/source/touchgfx/containers/scrollers/ScrollList.cpp:250:9:virtual int32_t touchgfx::ScrollList::keepOffsetInsideLimits(int32_t, int16_t) const	40	static
C:/Users/96022/Desktop/EmbeddedCompetition/ElectronicWarehouse/Appli/Middlewares/ST/touchgfx/framework/include/touchgfx/Utils.hpp:105:3:T touchgfx::abs(T) [with T = long int]	16	static
C:/Users/96022/Desktop/EmbeddedCompetition/ElectronicWarehouse/Appli/Middlewares/ST/touchgfx/framework/include/touchgfx/containers/scrollers/ScrollList.hpp:35:7:touchgfx::ScrollList::~ScrollList()	16	static
C:/Users/96022/Desktop/EmbeddedCompetition/ElectronicWarehouse/Appli/Middlewares/ST/touchgfx/framework/include/touchgfx/containers/scrollers/ScrollList.hpp:35:7:virtual touchgfx::ScrollList::~ScrollList()	16	static
