../Middlewares/lvgl-release-v9.4/src/misc/lv_fs.c:55:6:lv_fs_init	0	static
../Middlewares/lvgl-release-v9.4/src/misc/lv_fs.c:60:6:lv_fs_deinit	0	static
../Middlewares/lvgl-release-v9.4/src/misc/lv_fs.c:148:6:lv_fs_make_path_from_buffer	24	static
../Middlewares/lvgl-release-v9.4/src/misc/lv_fs.c:162:13:lv_fs_get_buffer_from_path	20	static
../Middlewares/lvgl-release-v9.4/src/misc/lv_fs.c:194:13:lv_fs_close	16	static
../Middlewares/lvgl-release-v9.4/src/misc/lv_fs.c:226:13:lv_fs_read	64	static
../Middlewares/lvgl-release-v9.4/src/misc/lv_fs.c:257:13:lv_fs_write	48	static
../Middlewares/lvgl-release-v9.4/src/misc/lv_fs.c:288:13:lv_fs_seek	24	static
../Middlewares/lvgl-release-v9.4/src/misc/lv_fs.c:316:13:lv_fs_tell	4	static
../Middlewares/lvgl-release-v9.4/src/misc/lv_fs.c:344:13:lv_fs_get_size	24	static
../Middlewares/lvgl-release-v9.4/src/misc/lv_fs.c:455:13:lv_fs_dir_read	8	static
../Middlewares/lvgl-release-v9.4/src/misc/lv_fs.c:480:13:lv_fs_dir_close	8	static
../Middlewares/lvgl-release-v9.4/src/misc/lv_fs.c:502:6:lv_fs_drv_init	0	static
../Middlewares/lvgl-release-v9.4/src/misc/lv_fs.c:507:6:lv_fs_drv_register	8	static
../Middlewares/lvgl-release-v9.4/src/misc/lv_fs.c:518:15:lv_fs_get_drv	16	static
../Middlewares/lvgl-release-v9.4/src/misc/lv_fs.c:65:6:lv_fs_is_ready	8	static
../Middlewares/lvgl-release-v9.4/src/misc/lv_fs.c:76:13:lv_fs_open	24	static
../Middlewares/lvgl-release-v9.4/src/misc/lv_fs.c:369:13:lv_fs_path_get_size	32	static
../Middlewares/lvgl-release-v9.4/src/misc/lv_fs.c:391:13:lv_fs_load_to_buf	32	static
../Middlewares/lvgl-release-v9.4/src/misc/lv_fs.c:416:13:lv_fs_dir_open	16	static
../Middlewares/lvgl-release-v9.4/src/misc/lv_fs.c:531:8:lv_fs_get_letters	16	static
../Middlewares/lvgl-release-v9.4/src/misc/lv_fs.c:546:14:lv_fs_get_ext	8	static
../Middlewares/lvgl-release-v9.4/src/misc/lv_fs.c:561:8:lv_fs_up	16	static
../Middlewares/lvgl-release-v9.4/src/misc/lv_fs.c:587:14:lv_fs_get_last	8	static
../Middlewares/lvgl-release-v9.4/src/misc/lv_fs.c:613:5:lv_fs_path_join	32	static
