../Core/Src/main.c:89:5:main	24	static,ignoring_inline_asm
../Core/Src/main.c:306:6:PeriphCommonClock_Config	408	static,ignoring_inline_asm
../Core/Src/main.c:453:8:HAL_DCMIPP_PIPE_FrameEventCallback	8	static,ignoring_inline_asm
../Core/Src/main.c:466:8:HAL_DCMIPP_PIPE_VsyncEventCallback	8	static,ignoring_inline_asm
../Core/Src/main.c:472:8:HAL_LTDC_ErrorCallback	0	static,ignoring_inline_asm
../Core/Src/main.c:478:8:HAL_DCMIPP_ErrorCallback	0	static,ignoring_inline_asm
../Core/Src/main.c:485:7:_close	0	static
../Core/Src/main.c:486:7:_fstat	0	static
../Core/Src/main.c:487:7:_isatty	0	static
../Core/Src/main.c:488:7:_lseek	0	static
../Core/Src/main.c:489:7:_read	40	static
../Core/Src/main.c:523:7:_write	8	static
../Core/Src/main.c:529:7:_getpid	0	static
../Core/Src/main.c:530:7:_kill	0	static
../Core/Src/main.c:531:7:_open	0	static
../Core/Src/main.c:543:6:HAL_TIM_PeriodElapsedCallback	0	static
../Core/Src/main.c:561:6:Error_Handler	0	static,ignoring_inline_asm
