../Core/Src/main.c:90:5:main	24	static,ignoring_inline_asm
../Core/Src/main.c:322:6:PeriphCommonClock_Config	408	static,ignoring_inline_asm
../Core/Src/main.c:470:8:HAL_DCMIPP_PIPE_FrameEventCallback	8	static,ignoring_inline_asm
../Core/Src/main.c:483:8:HAL_DCMIPP_PIPE_VsyncEventCallback	8	static,ignoring_inline_asm
../Core/Src/main.c:489:8:HAL_LTDC_ErrorCallback	0	static,ignoring_inline_asm
../Core/Src/main.c:495:8:HAL_DCMIPP_ErrorCallback	0	static,ignoring_inline_asm
../Core/Src/main.c:502:7:_close	0	static
../Core/Src/main.c:503:7:_fstat	0	static
../Core/Src/main.c:504:7:_isatty	0	static
../Core/Src/main.c:505:7:_lseek	0	static
../Core/Src/main.c:506:7:_read	40	static
../Core/Src/main.c:540:7:_write	8	static
../Core/Src/main.c:546:7:_getpid	0	static
../Core/Src/main.c:547:7:_kill	0	static
../Core/Src/main.c:548:7:_open	0	static
../Core/Src/main.c:560:6:HAL_TIM_PeriodElapsedCallback	0	static
../Core/Src/main.c:578:6:Error_Handler	0	static,ignoring_inline_asm
