../Core/Src/main.c:89:5:main	5
../Core/Src/main.c:308:6:PeriphCommonClock_Config	2
../Core/Src/main.c:456:8:HAL_DCMIPP_PIPE_FrameEventCallback	3
../Core/Src/main.c:469:8:HAL_DCMIPP_PIPE_VsyncEventCallback	1
../Core/Src/main.c:475:8:HAL_LTDC_ErrorCallback	1
../Core/Src/main.c:481:8:HAL_DCMIPP_ErrorCallback	1
../Core/Src/main.c:488:7:_close	1
../Core/Src/main.c:489:7:_fstat	1
../Core/Src/main.c:490:7:_isatty	1
../Core/Src/main.c:491:7:_lseek	1
../Core/Src/main.c:492:7:_read	5
../Core/Src/main.c:526:7:_write	1
../Core/Src/main.c:532:7:_getpid	1
../Core/Src/main.c:533:7:_kill	1
../Core/Src/main.c:534:7:_open	1
../Core/Src/main.c:546:6:HAL_TIM_PeriodElapsedCallback	2
../Core/Src/main.c:564:6:Error_Handler	1
