../Core/Src/main.c:261:15:SystemIsolation_Config	1
../Core/Src/main.c:85:5:main	5
../Core/Src/main.c:242:6:PeriphCommonClock_Config	2
../Core/Src/main.c:369:8:HAL_DCMIPP_PIPE_FrameEventCallback	3
../Core/Src/main.c:382:8:HAL_DCMIPP_PIPE_VsyncEventCallback	1
../Core/Src/main.c:388:8:HAL_LTDC_ErrorCallback	1
../Core/Src/main.c:394:8:HAL_DCMIPP_ErrorCallback	1
../Core/Src/main.c:401:7:_close	1
../Core/Src/main.c:402:7:_fstat	1
../Core/Src/main.c:403:7:_isatty	1
../Core/Src/main.c:404:7:_lseek	1
../Core/Src/main.c:405:7:_read	5
../Core/Src/main.c:439:7:_write	1
../Core/Src/main.c:445:7:_getpid	1
../Core/Src/main.c:446:7:_kill	1
../Core/Src/main.c:447:7:_open	1
../Core/Src/main.c:459:6:HAL_TIM_PeriodElapsedCallback	2
../Core/Src/main.c:477:6:Error_Handler	1
