C:/Users/96022/Desktop/EmbeddedCompetition/ElectronicWarehouse/Appli/Middlewares/ST/touchgfx/framework/include/touchgfx/Bitmap.hpp:136:5:touchgfx::Bitmap::Bitmap(touchgfx::BitmapId)	16	static
C:/Users/96022/Desktop/EmbeddedCompetition/ElectronicWarehouse/Appli/Middlewares/ST/touchgfx/framework/include/touchgfx/Drawable.hpp:62:13:touchgfx::Drawable::~Drawable()	16	static
C:/Users/96022/Desktop/EmbeddedCompetition/ElectronicWarehouse/Appli/Middlewares/ST/touchgfx/framework/include/touchgfx/Drawable.hpp:62:13:virtual touchgfx::Drawable::~Drawable()	16	static
C:/Users/96022/Desktop/EmbeddedCompetition/ElectronicWarehouse/Appli/Middlewares/ST/touchgfx/framework/include/touchgfx/Drawable.hpp:121:18:virtual void touchgfx::Drawable::invalidateContent() const	16	static
C:/Users/96022/Desktop/EmbeddedCompetition/ElectronicWarehouse/Appli/Middlewares/ST/touchgfx/framework/include/touchgfx/Drawable.hpp:147:23:virtual touchgfx::Drawable* touchgfx::Drawable::getFirstChild()	16	static
C:/Users/96022/Desktop/EmbeddedCompetition/ElectronicWarehouse/Appli/Middlewares/ST/touchgfx/framework/include/touchgfx/Drawable.hpp:233:10:void touchgfx::Drawable::setPosition(int16_t, int16_t, int16_t, int16_t)	24	static
C:/Users/96022/Desktop/EmbeddedCompetition/ElectronicWarehouse/Appli/Middlewares/ST/touchgfx/framework/include/touchgfx/Drawable.hpp:273:13:int16_t touchgfx::Drawable::getX() const	16	static
C:/Users/96022/Desktop/EmbeddedCompetition/ElectronicWarehouse/Appli/Middlewares/ST/touchgfx/framework/include/touchgfx/Drawable.hpp:283:13:int16_t touchgfx::Drawable::getY() const	16	static
C:/Users/96022/Desktop/EmbeddedCompetition/ElectronicWarehouse/Appli/Middlewares/ST/touchgfx/framework/include/touchgfx/Drawable.hpp:293:13:int16_t touchgfx::Drawable::getWidth() const	16	static
C:/Users/96022/Desktop/EmbeddedCompetition/ElectronicWarehouse/Appli/Middlewares/ST/touchgfx/framework/include/touchgfx/Drawable.hpp:303:13:int16_t touchgfx::Drawable::getHeight() const	16	static
C:/Users/96022/Desktop/EmbeddedCompetition/ElectronicWarehouse/Appli/Middlewares/ST/touchgfx/framework/include/touchgfx/Drawable.hpp:315:18:virtual void touchgfx::Drawable::setX(int16_t)	16	static
C:/Users/96022/Desktop/EmbeddedCompetition/ElectronicWarehouse/Appli/Middlewares/ST/touchgfx/framework/include/touchgfx/Drawable.hpp:327:18:virtual void touchgfx::Drawable::setY(int16_t)	16	static
C:/Users/96022/Desktop/EmbeddedCompetition/ElectronicWarehouse/Appli/Middlewares/ST/touchgfx/framework/include/touchgfx/Drawable.hpp:343:10:void touchgfx::Drawable::setXY(int16_t, int16_t)	16	static
C:/Users/96022/Desktop/EmbeddedCompetition/ElectronicWarehouse/Appli/Middlewares/ST/touchgfx/framework/include/touchgfx/Drawable.hpp:356:18:virtual void touchgfx::Drawable::setWidth(int16_t)	16	static
C:/Users/96022/Desktop/EmbeddedCompetition/ElectronicWarehouse/Appli/Middlewares/ST/touchgfx/framework/include/touchgfx/Drawable.hpp:368:18:virtual void touchgfx::Drawable::setHeight(int16_t)	16	static
C:/Users/96022/Desktop/EmbeddedCompetition/ElectronicWarehouse/Appli/Middlewares/ST/touchgfx/framework/include/touchgfx/Drawable.hpp:378:18:virtual void touchgfx::Drawable::childGeometryChanged()	16	static
C:/Users/96022/Desktop/EmbeddedCompetition/ElectronicWarehouse/Appli/Middlewares/ST/touchgfx/framework/include/touchgfx/Drawable.hpp:389:18:virtual void touchgfx::Drawable::handleClickEvent(const touchgfx::ClickEvent&)	16	static
C:/Users/96022/Desktop/EmbeddedCompetition/ElectronicWarehouse/Appli/Middlewares/ST/touchgfx/framework/include/touchgfx/Drawable.hpp:401:18:virtual void touchgfx::Drawable::handleGestureEvent(const touchgfx::GestureEvent&)	16	static
C:/Users/96022/Desktop/EmbeddedCompetition/ElectronicWarehouse/Appli/Middlewares/ST/touchgfx/framework/include/touchgfx/Drawable.hpp:413:10:void touchgfx::Drawable::setWidthHeight(int16_t, int16_t)	16	static
C:/Users/96022/Desktop/EmbeddedCompetition/ElectronicWarehouse/Appli/Middlewares/ST/touchgfx/framework/include/touchgfx/Drawable.hpp:452:10:void touchgfx::Drawable::setWidthHeight(const touchgfx::Drawable&)	24	static
C:/Users/96022/Desktop/EmbeddedCompetition/ElectronicWarehouse/Appli/Middlewares/ST/touchgfx/framework/include/touchgfx/Drawable.hpp:490:18:virtual void touchgfx::Drawable::handleDragEvent(const touchgfx::DragEvent&)	16	static
C:/Users/96022/Desktop/EmbeddedCompetition/ElectronicWarehouse/Appli/Middlewares/ST/touchgfx/framework/include/touchgfx/Drawable.hpp:501:18:virtual void touchgfx::Drawable::handleTickEvent()	16	static
C:/Users/96022/Desktop/EmbeddedCompetition/ElectronicWarehouse/Appli/Middlewares/ST/touchgfx/framework/include/touchgfx/Drawable.hpp:515:10:void touchgfx::Drawable::setVisible(bool)	16	static
C:/Users/96022/Desktop/EmbeddedCompetition/ElectronicWarehouse/Appli/Middlewares/ST/touchgfx/framework/include/touchgfx/Drawable.hpp:537:10:bool touchgfx::Drawable::isVisible() const	16	static
C:/Users/96022/Desktop/EmbeddedCompetition/ElectronicWarehouse/Appli/Middlewares/ST/touchgfx/framework/include/touchgfx/Drawable.hpp:549:10:bool touchgfx::Drawable::isTouchable() const	16	static
C:/Users/96022/Desktop/EmbeddedCompetition/ElectronicWarehouse/Appli/Middlewares/ST/touchgfx/framework/include/touchgfx/Drawable.hpp:588:18:virtual void touchgfx::Drawable::moveTo(int16_t, int16_t)	16	static
C:/Users/96022/Desktop/EmbeddedCompetition/ElectronicWarehouse/Appli/Middlewares/ST/touchgfx/framework/include/touchgfx/Drawable.hpp:625:10:void touchgfx::Drawable::resetDrawChainCache()	16	static
C:/Users/96022/Desktop/EmbeddedCompetition/ElectronicWarehouse/Appli/Middlewares/ST/touchgfx/framework/include/touchgfx/Drawable.hpp:703:18:virtual void touchgfx::Drawable::setupDrawChain(const touchgfx::Rect&, touchgfx::Drawable**)	24	static
C:/Users/96022/Desktop/EmbeddedCompetition/ElectronicWarehouse/Appli/Middlewares/ST/touchgfx/framework/include/touchgfx/containers/Container.hpp:165:23:virtual touchgfx::Drawable* touchgfx::Container::getFirstChild()	16	static
C:/Users/96022/Desktop/EmbeddedCompetition/ElectronicWarehouse/Appli/Middlewares/ST/touchgfx/framework/include/touchgfx/widgets/Widget.hpp:45:18:virtual void touchgfx::Widget::getLastChild(int16_t, int16_t, touchgfx::Drawable**)	24	static
C:/Users/96022/Desktop/EmbeddedCompetition/ElectronicWarehouse/Appli/Middlewares/ST/touchgfx/framework/include/touchgfx/widgets/Widget.hpp:36:7:touchgfx::Widget::~Widget()	16	static
C:/Users/96022/Desktop/EmbeddedCompetition/ElectronicWarehouse/Appli/Middlewares/ST/touchgfx/framework/include/touchgfx/widgets/Widget.hpp:36:7:virtual touchgfx::Widget::~Widget()	16	static
C:/Users/96022/Desktop/EmbeddedCompetition/ElectronicWarehouse/Appli/Middlewares/ST/touchgfx/framework/include/touchgfx/widgets/Image.hpp:76:10:void touchgfx::Image::setAlpha(uint8_t)	16	static
C:/Users/96022/Desktop/EmbeddedCompetition/ElectronicWarehouse/Appli/Middlewares/ST/touchgfx/framework/include/touchgfx/containers/progress_indicators/AbstractProgressIndicator.hpp:270:18:virtual void touchgfx::AbstractProgressIndicator::invalidateContent() const	16	static
C:/Users/96022/Desktop/EmbeddedCompetition/ElectronicWarehouse/Appli/Middlewares/ST/touchgfx/framework/include/touchgfx/widgets/TextureMapper.hpp:91:18:virtual void touchgfx::TextureMapper::setRenderingAlgorithm(RenderingAlgorithm)	16	static
C:/Users/96022/Desktop/EmbeddedCompetition/ElectronicWarehouse/Appli/Middlewares/ST/touchgfx/framework/include/touchgfx/widgets/TextureMapper.hpp:216:18:virtual void touchgfx::TextureMapper::updateZAngle(float)	16	static
C:/Users/96022/Desktop/EmbeddedCompetition/ElectronicWarehouse/Appli/Middlewares/ST/touchgfx/framework/include/touchgfx/widgets/TextureMapper.hpp:303:18:virtual void touchgfx::TextureMapper::setOrigo(float, float, float)	24	static
C:/Users/96022/Desktop/EmbeddedCompetition/ElectronicWarehouse/Appli/Middlewares/ST/touchgfx/framework/include/touchgfx/widgets/TextureMapper.hpp:334:19:virtual float touchgfx::TextureMapper::getOrigoX() const	16	static
C:/Users/96022/Desktop/EmbeddedCompetition/ElectronicWarehouse/Appli/Middlewares/ST/touchgfx/framework/include/touchgfx/widgets/TextureMapper.hpp:346:19:virtual float touchgfx::TextureMapper::getOrigoY() const	16	static
C:/Users/96022/Desktop/EmbeddedCompetition/ElectronicWarehouse/Appli/Middlewares/ST/touchgfx/framework/include/touchgfx/widgets/TextureMapper.hpp:371:18:virtual void touchgfx::TextureMapper::setCamera(float, float)	24	static
C:/Users/96022/Desktop/EmbeddedCompetition/ElectronicWarehouse/Appli/Middlewares/ST/touchgfx/framework/include/touchgfx/widgets/TextureMapper.hpp:411:18:virtual void touchgfx::TextureMapper::setCameraDistance(float)	16	static
C:/Users/96022/Desktop/EmbeddedCompetition/ElectronicWarehouse/Appli/Middlewares/ST/touchgfx/framework/include/touchgfx/widgets/TextureMapper.hpp:424:19:virtual float touchgfx::TextureMapper::getCameraDistance() const	16	static
C:/Users/96022/Desktop/EmbeddedCompetition/ElectronicWarehouse/Appli/Middlewares/ST/touchgfx/framework/include/touchgfx/widgets/TextureMapper.hpp:454:18:virtual void touchgfx::TextureMapper::setBitmapPosition(int, int)	24	static
C:/Users/96022/Desktop/EmbeddedCompetition/ElectronicWarehouse/Appli/Middlewares/ST/touchgfx/framework/include/touchgfx/widgets/canvas/CWRUtil.hpp:70:18:touchgfx::CWRUtil::Q5::Q5(int)	16	static
C:/Users/96022/Desktop/EmbeddedCompetition/ElectronicWarehouse/Appli/Middlewares/ST/touchgfx/framework/include/touchgfx/widgets/canvas/CWRUtil.hpp:93:9:touchgfx::CWRUtil::Q5::operator int() const	16	static
C:/Users/96022/Desktop/EmbeddedCompetition/ElectronicWarehouse/Appli/Middlewares/ST/touchgfx/framework/include/touchgfx/widgets/canvas/CanvasWidget.hpp:66:18:virtual void touchgfx::CanvasWidget::setAlpha(uint8_t)	16	static
C:/Users/96022/Desktop/EmbeddedCompetition/ElectronicWarehouse/Appli/Middlewares/ST/touchgfx/framework/include/touchgfx/widgets/canvas/Circle.hpp:129:10:void touchgfx::Circle::setPixelCenter(int, int)	72	static
C:/Users/96022/Desktop/EmbeddedCompetition/ElectronicWarehouse/Appli/Middlewares/ST/touchgfx/framework/include/touchgfx/widgets/Gauge.hpp:74:18:virtual void touchgfx::Gauge::getCenter(int&, int&) const	24	static
C:/Users/96022/Desktop/EmbeddedCompetition/ElectronicWarehouse/Appli/Middlewares/ST/touchgfx/framework/include/touchgfx/widgets/Gauge.hpp:189:18:virtual void touchgfx::Gauge::invalidateContent() const	16	static
C:/Users/96022/Desktop/EmbeddedCompetition/ElectronicWarehouse/Appli/Middlewares/ST/touchgfx/framework/include/touchgfx/containers/Container.hpp:40:7:touchgfx::Container::~Container()	16	static
C:/Users/96022/Desktop/EmbeddedCompetition/ElectronicWarehouse/Appli/Middlewares/ST/touchgfx/framework/include/touchgfx/containers/Container.hpp:40:7:virtual touchgfx::Container::~Container()	16	static
C:/Users/96022/Desktop/EmbeddedCompetition/ElectronicWarehouse/Appli/Middlewares/ST/touchgfx/framework/include/touchgfx/widgets/Image.hpp:38:7:touchgfx::Image::~Image()	16	static
C:/Users/96022/Desktop/EmbeddedCompetition/ElectronicWarehouse/Appli/Middlewares/ST/touchgfx/framework/include/touchgfx/widgets/Image.hpp:38:7:virtual touchgfx::Image::~Image()	16	static
C:/Users/96022/Desktop/EmbeddedCompetition/ElectronicWarehouse/Appli/Middlewares/ST/touchgfx/framework/include/touchgfx/containers/progress_indicators/AbstractProgressIndicator.hpp:37:7:touchgfx::AbstractProgressIndicator::~AbstractProgressIndicator()	16	static
C:/Users/96022/Desktop/EmbeddedCompetition/ElectronicWarehouse/Appli/Middlewares/ST/touchgfx/framework/include/touchgfx/containers/progress_indicators/AbstractProgressIndicator.hpp:37:7:virtual touchgfx::AbstractProgressIndicator::~AbstractProgressIndicator()	16	static
C:/Users/96022/Desktop/EmbeddedCompetition/ElectronicWarehouse/Appli/Middlewares/ST/touchgfx/framework/include/touchgfx/widgets/TextureMapper.hpp:46:7:touchgfx::TextureMapper::~TextureMapper()	16	static
C:/Users/96022/Desktop/EmbeddedCompetition/ElectronicWarehouse/Appli/Middlewares/ST/touchgfx/framework/include/touchgfx/widgets/TextureMapper.hpp:46:7:virtual touchgfx::TextureMapper::~TextureMapper()	16	static
C:/Users/96022/Desktop/EmbeddedCompetition/ElectronicWarehouse/Appli/Middlewares/ST/touchgfx/framework/include/touchgfx/widgets/canvas/CanvasWidget.hpp:33:7:touchgfx::CanvasWidget::~CanvasWidget()	16	static
C:/Users/96022/Desktop/EmbeddedCompetition/ElectronicWarehouse/Appli/Middlewares/ST/touchgfx/framework/include/touchgfx/widgets/canvas/CanvasWidget.hpp:33:7:virtual touchgfx::CanvasWidget::~CanvasWidget()	16	static
C:/Users/96022/Desktop/EmbeddedCompetition/ElectronicWarehouse/Appli/Middlewares/ST/touchgfx/framework/include/touchgfx/widgets/canvas/Circle.hpp:48:7:touchgfx::Circle::~Circle()	16	static
C:/Users/96022/Desktop/EmbeddedCompetition/ElectronicWarehouse/Appli/Middlewares/ST/touchgfx/framework/include/touchgfx/widgets/canvas/Circle.hpp:48:7:virtual touchgfx::Circle::~Circle()	16	static
../Middlewares/ST/touchgfx/framework/source/touchgfx/widgets/Gauge.cpp:18:1:touchgfx::Gauge::Gauge()	32	static
../Middlewares/ST/touchgfx/framework/source/touchgfx/widgets/Gauge.cpp:37:6:virtual void touchgfx::Gauge::setWidth(int16_t)	16	static
../Middlewares/ST/touchgfx/framework/source/touchgfx/widgets/Gauge.cpp:44:6:virtual void touchgfx::Gauge::setHeight(int16_t)	16	static
../Middlewares/ST/touchgfx/framework/source/touchgfx/widgets/Gauge.cpp:51:6:void touchgfx::Gauge::setBackgroundOffset(int16_t, int16_t)	16	static
../Middlewares/ST/touchgfx/framework/source/touchgfx/widgets/Gauge.cpp:56:6:virtual void touchgfx::Gauge::setCenter(int, int)	32	static
../Middlewares/ST/touchgfx/framework/source/touchgfx/widgets/Gauge.cpp:64:6:void touchgfx::Gauge::setArcPosition(int16_t, int16_t, int16_t, int16_t)	40	static
../Middlewares/ST/touchgfx/framework/source/touchgfx/widgets/Gauge.cpp:70:6:void touchgfx::Gauge::setNeedle(touchgfx::BitmapId, int16_t, int16_t)	40	static
../Middlewares/ST/touchgfx/framework/source/touchgfx/widgets/Gauge.cpp:78:6:void touchgfx::Gauge::setMovingNeedleRenderingAlgorithm(touchgfx::TextureMapper::RenderingAlgorithm)	16	static
../Middlewares/ST/touchgfx/framework/source/touchgfx/widgets/Gauge.cpp:83:6:void touchgfx::Gauge::setSteadyNeedleRenderingAlgorithm(touchgfx::TextureMapper::RenderingAlgorithm)	16	static
../Middlewares/ST/touchgfx/framework/source/touchgfx/widgets/Gauge.cpp:88:6:virtual void touchgfx::Gauge::setStartEndAngle(int, int)	24	static
../Middlewares/ST/touchgfx/framework/source/touchgfx/widgets/Gauge.cpp:97:5:virtual int touchgfx::Gauge::getStartAngle() const	16	static
../Middlewares/ST/touchgfx/framework/source/touchgfx/widgets/Gauge.cpp:102:5:virtual int touchgfx::Gauge::getEndAngle() const	16	static
../Middlewares/ST/touchgfx/framework/source/touchgfx/widgets/Gauge.cpp:107:6:void touchgfx::Gauge::setArcVisible(bool)	16	static
../Middlewares/ST/touchgfx/framework/source/touchgfx/widgets/Gauge.cpp:112:6:void touchgfx::Gauge::putArcOnTop(bool)	16	static
../Middlewares/ST/touchgfx/framework/source/touchgfx/widgets/Gauge.cpp:126:9:touchgfx::Circle& touchgfx::Gauge::getArc()	16	static
../Middlewares/ST/touchgfx/framework/source/touchgfx/widgets/Gauge.cpp:131:6:virtual void touchgfx::Gauge::setValue(int)	32	static
../Middlewares/ST/touchgfx/framework/source/touchgfx/widgets/Gauge.cpp:155:6:virtual void touchgfx::Gauge::setAlpha(uint8_t)	16	static
../Middlewares/ST/touchgfx/framework/source/touchgfx/widgets/Gauge.cpp:162:6:void touchgfx::Gauge::setupNeedleTextureMapper()	32	static
../Middlewares/ST/touchgfx/framework/source/touchgfx/widgets/Gauge.cpp:173:6:virtual void touchgfx::Gauge::setProgressIndicatorPosition(int16_t, int16_t, int16_t, int16_t)	24	static
C:/Users/96022/Desktop/EmbeddedCompetition/ElectronicWarehouse/Appli/Middlewares/ST/touchgfx/framework/include/touchgfx/Utils.hpp:105:3:T touchgfx::abs(T) [with T = int]	16	static
C:/Users/96022/Desktop/EmbeddedCompetition/ElectronicWarehouse/Appli/Middlewares/ST/touchgfx/framework/include/touchgfx/widgets/canvas/Circle.hpp:100:10:void touchgfx::Circle::setCenter(T, T) [with T = touchgfx::CWRUtil::Q5]	32	static
C:/Users/96022/Desktop/EmbeddedCompetition/ElectronicWarehouse/Appli/Middlewares/ST/touchgfx/framework/include/touchgfx/widgets/canvas/Circle.hpp:195:10:void touchgfx::Circle::setArc(T, T) [with T = int]	40	static
C:/Users/96022/Desktop/EmbeddedCompetition/ElectronicWarehouse/Appli/Middlewares/ST/touchgfx/framework/include/touchgfx/widgets/canvas/Circle.hpp:331:10:void touchgfx::Circle::updateArcEnd(T) [with T = int]	48	static
C:/Users/96022/Desktop/EmbeddedCompetition/ElectronicWarehouse/Appli/Middlewares/ST/touchgfx/framework/include/touchgfx/widgets/Gauge.hpp:35:7:touchgfx::Gauge::~Gauge()	16	static
C:/Users/96022/Desktop/EmbeddedCompetition/ElectronicWarehouse/Appli/Middlewares/ST/touchgfx/framework/include/touchgfx/widgets/Gauge.hpp:35:7:virtual touchgfx::Gauge::~Gauge()	16	static
