C:/Users/96022/Desktop/EmbeddedCompetition/ElectronicWarehouse/Appli/Middlewares/ST/touchgfx/framework/include/touchgfx/Matrix3x3.hpp:102:10:void touchgfx::Matrix3x3::setAffineTransformation(const float*)	16	static
C:/Users/96022/Desktop/EmbeddedCompetition/ElectronicWarehouse/Appli/Middlewares/ST/touchgfx/framework/include/touchgfx/hal/Types.hpp:91:5:touchgfx::colortype::colortype(uint32_t)	16	static
C:/Users/96022/Desktop/EmbeddedCompetition/ElectronicWarehouse/Appli/Middlewares/ST/touchgfx/framework/include/touchgfx/hal/Types.hpp:127:5:touchgfx::Rect::Rect()	16	static
C:/Users/96022/Desktop/EmbeddedCompetition/ElectronicWarehouse/Appli/Middlewares/ST/touchgfx/framework/include/touchgfx/hal/Types.hpp:140:5:touchgfx::Rect::Rect(int16_t, int16_t, int16_t, int16_t)	24	static
C:/Users/96022/Desktop/EmbeddedCompetition/ElectronicWarehouse/Appli/Middlewares/ST/touchgfx/framework/include/touchgfx/hal/Types.hpp:192:10:bool touchgfx::Rect::intersect(const touchgfx::Rect&) const	32	static
C:/Users/96022/Desktop/EmbeddedCompetition/ElectronicWarehouse/Appli/Middlewares/ST/touchgfx/framework/include/touchgfx/hal/Types.hpp:346:10:bool touchgfx::Rect::isEmpty() const	16	static
C:/Users/96022/Desktop/EmbeddedCompetition/ElectronicWarehouse/Appli/Middlewares/ST/touchgfx/framework/include/touchgfx/Drawable.hpp:62:13:touchgfx::Drawable::~Drawable()	16	static
C:/Users/96022/Desktop/EmbeddedCompetition/ElectronicWarehouse/Appli/Middlewares/ST/touchgfx/framework/include/touchgfx/Drawable.hpp:62:13:virtual touchgfx::Drawable::~Drawable()	16	static
C:/Users/96022/Desktop/EmbeddedCompetition/ElectronicWarehouse/Appli/Middlewares/ST/touchgfx/framework/include/touchgfx/Drawable.hpp:121:18:virtual void touchgfx::Drawable::invalidateContent() const	16	static
C:/Users/96022/Desktop/EmbeddedCompetition/ElectronicWarehouse/Appli/Middlewares/ST/touchgfx/framework/include/touchgfx/Drawable.hpp:147:23:virtual touchgfx::Drawable* touchgfx::Drawable::getFirstChild()	16	static
C:/Users/96022/Desktop/EmbeddedCompetition/ElectronicWarehouse/Appli/Middlewares/ST/touchgfx/framework/include/touchgfx/Drawable.hpp:315:18:virtual void touchgfx::Drawable::setX(int16_t)	16	static
C:/Users/96022/Desktop/EmbeddedCompetition/ElectronicWarehouse/Appli/Middlewares/ST/touchgfx/framework/include/touchgfx/Drawable.hpp:327:18:virtual void touchgfx::Drawable::setY(int16_t)	16	static
C:/Users/96022/Desktop/EmbeddedCompetition/ElectronicWarehouse/Appli/Middlewares/ST/touchgfx/framework/include/touchgfx/Drawable.hpp:356:18:virtual void touchgfx::Drawable::setWidth(int16_t)	16	static
C:/Users/96022/Desktop/EmbeddedCompetition/ElectronicWarehouse/Appli/Middlewares/ST/touchgfx/framework/include/touchgfx/Drawable.hpp:368:18:virtual void touchgfx::Drawable::setHeight(int16_t)	16	static
C:/Users/96022/Desktop/EmbeddedCompetition/ElectronicWarehouse/Appli/Middlewares/ST/touchgfx/framework/include/touchgfx/Drawable.hpp:378:18:virtual void touchgfx::Drawable::childGeometryChanged()	16	static
C:/Users/96022/Desktop/EmbeddedCompetition/ElectronicWarehouse/Appli/Middlewares/ST/touchgfx/framework/include/touchgfx/Drawable.hpp:389:18:virtual void touchgfx::Drawable::handleClickEvent(const touchgfx::ClickEvent&)	16	static
C:/Users/96022/Desktop/EmbeddedCompetition/ElectronicWarehouse/Appli/Middlewares/ST/touchgfx/framework/include/touchgfx/Drawable.hpp:401:18:virtual void touchgfx::Drawable::handleGestureEvent(const touchgfx::GestureEvent&)	16	static
C:/Users/96022/Desktop/EmbeddedCompetition/ElectronicWarehouse/Appli/Middlewares/ST/touchgfx/framework/include/touchgfx/Drawable.hpp:413:10:void touchgfx::Drawable::setWidthHeight(int16_t, int16_t)	16	static
C:/Users/96022/Desktop/EmbeddedCompetition/ElectronicWarehouse/Appli/Middlewares/ST/touchgfx/framework/include/touchgfx/Drawable.hpp:490:18:virtual void touchgfx::Drawable::handleDragEvent(const touchgfx::DragEvent&)	16	static
C:/Users/96022/Desktop/EmbeddedCompetition/ElectronicWarehouse/Appli/Middlewares/ST/touchgfx/framework/include/touchgfx/Drawable.hpp:501:18:virtual void touchgfx::Drawable::handleTickEvent()	16	static
C:/Users/96022/Desktop/EmbeddedCompetition/ElectronicWarehouse/Appli/Middlewares/ST/touchgfx/framework/include/touchgfx/Drawable.hpp:537:10:bool touchgfx::Drawable::isVisible() const	16	static
C:/Users/96022/Desktop/EmbeddedCompetition/ElectronicWarehouse/Appli/Middlewares/ST/touchgfx/framework/include/touchgfx/Drawable.hpp:549:10:bool touchgfx::Drawable::isTouchable() const	16	static
C:/Users/96022/Desktop/EmbeddedCompetition/ElectronicWarehouse/Appli/Middlewares/ST/touchgfx/framework/include/touchgfx/Drawable.hpp:588:18:virtual void touchgfx::Drawable::moveTo(int16_t, int16_t)	16	static
C:/Users/96022/Desktop/EmbeddedCompetition/ElectronicWarehouse/Appli/Middlewares/ST/touchgfx/framework/include/touchgfx/Drawable.hpp:625:10:void touchgfx::Drawable::resetDrawChainCache()	16	static
C:/Users/96022/Desktop/EmbeddedCompetition/ElectronicWarehouse/Appli/Middlewares/ST/touchgfx/framework/include/touchgfx/Drawable.hpp:703:18:virtual void touchgfx::Drawable::setupDrawChain(const touchgfx::Rect&, touchgfx::Drawable**)	24	static
C:/Users/96022/Desktop/EmbeddedCompetition/ElectronicWarehouse/Appli/Middlewares/ST/touchgfx/framework/include/touchgfx/widgets/Widget.hpp:45:18:virtual void touchgfx::Widget::getLastChild(int16_t, int16_t, touchgfx::Drawable**)	24	static
C:/Users/96022/Desktop/EmbeddedCompetition/ElectronicWarehouse/Appli/Middlewares/ST/touchgfx/framework/include/touchgfx/widgets/Widget.hpp:36:7:touchgfx::Widget::~Widget()	16	static
C:/Users/96022/Desktop/EmbeddedCompetition/ElectronicWarehouse/Appli/Middlewares/ST/touchgfx/framework/include/touchgfx/widgets/Widget.hpp:36:7:virtual touchgfx::Widget::~Widget()	16	static
C:/Users/96022/Desktop/EmbeddedCompetition/ElectronicWarehouse/Appli/Middlewares/ST/touchgfx/framework/include/touchgfx/widgets/SVGImage.hpp:260:18:virtual touchgfx::Rect touchgfx::SVGImage::getSolidRect() const	16	static
../Middlewares/ST/touchgfx/framework/source/touchgfx/widgets/SVGImage.cpp:26:6:virtual void touchgfx::SVGImage::setSVG(uint16_t)	16	static
../Middlewares/ST/touchgfx/framework/source/touchgfx/widgets/SVGImage.cpp:44:6:void touchgfx::SVGImage::resizeToCurrentSVG()	112	static
../Middlewares/ST/touchgfx/framework/source/touchgfx/widgets/SVGImage.cpp:64:6:void touchgfx::SVGImage::reset()	16	static
../Middlewares/ST/touchgfx/framework/source/touchgfx/widgets/SVGImage.cpp:75:7:float touchgfx::SVGImage::getImageWidth() const	24	static
../Middlewares/ST/touchgfx/framework/source/touchgfx/widgets/SVGImage.cpp:86:7:float touchgfx::SVGImage::getImageHeight() const	24	static
../Middlewares/ST/touchgfx/framework/source/touchgfx/widgets/SVGImage.cpp:97:6:virtual void touchgfx::SVGImage::draw(const touchgfx::Rect&) const	296	static
../Middlewares/ST/touchgfx/framework/source/touchgfx/widgets/SVGImage.cpp:227:6:virtual void touchgfx::SVGImage::invalidateContent() const	128	static
../Middlewares/ST/touchgfx/framework/source/touchgfx/widgets/SVGImage.cpp:250:21:touchgfx::Matrix3x3 touchgfx::SVGImage::getTransformationMatrix() const	16	static
C:/Users/96022/Desktop/EmbeddedCompetition/ElectronicWarehouse/Appli/Middlewares/ST/touchgfx/framework/include/touchgfx/widgets/SVGImage.hpp:35:7:touchgfx::SVGImage::~SVGImage()	16	static
C:/Users/96022/Desktop/EmbeddedCompetition/ElectronicWarehouse/Appli/Middlewares/ST/touchgfx/framework/include/touchgfx/widgets/SVGImage.hpp:35:7:virtual touchgfx::SVGImage::~SVGImage()	16	static
