../Drivers/BSP/IMX335/imx335.c:54:9:imx335_init	96	static
../Drivers/BSP/IMX335/imx335.c:125:9:imx335_get_capture	24	static
../Drivers/BSP/IMX335/imx335.c:143:9:imx335_start_capture	24	static
../Drivers/BSP/IMX335/imx335.c:159:6:imx335_stop_capture	8	static
../Drivers/BSP/IMX335/imx335.c:169:10:imx335_get_capture_frame_count	4	static
../Drivers/BSP/IMX335/imx335.c:181:9:imx335_isp_background_process	8	static
../Drivers/BSP/IMX335/imx335.c:197:6:imx335_dcmipp_pipe_frame_cb	16	static
../Drivers/BSP/IMX335/imx335.c:211:6:imx335_dcmipp_pipe_vsync_cb	16	static
../Drivers/BSP/IMX335/imx335.c:243:16:imx335_dcmipp_init	72	static
../Drivers/BSP/IMX335/imx335.c:316:16:imx335_io_init	4	static
../Drivers/BSP/IMX335/imx335.c:326:16:imx335_io_deinit	4	static
../Drivers/BSP/IMX335/imx335.c:339:16:imx335_io_writereg	40	static
../Drivers/BSP/IMX335/imx335.c:357:16:imx335_io_readreg	48	static
../Drivers/BSP/IMX335/imx335.c:379:16:imx335_io_gettick	8	static
../Drivers/BSP/IMX335/imx335.c:390:26:imx335_get_sensor_info_helper	16	static
../Drivers/BSP/IMX335/imx335.c:403:26:imx335_set_sensor_gain_helper	16	static
../Drivers/BSP/IMX335/imx335.c:417:26:imx335_get_sensor_gain_helper	16	static
../Drivers/BSP/IMX335/imx335.c:431:26:imx335_set_sensor_exposure_helper	16	static
../Drivers/BSP/IMX335/imx335.c:445:26:imx335_get_sensor_exposure_helper	16	static
