../Drivers/BSP/IMX335/imx335.c:59:9:imx335_init	96	static
../Drivers/BSP/IMX335/imx335.c:130:9:imx335_get_capture	24	static
../Drivers/BSP/IMX335/imx335.c:148:9:imx335_start_capture	24	static
../Drivers/BSP/IMX335/imx335.c:170:6:imx335_stop_capture	8	static
../Drivers/BSP/IMX335/imx335.c:180:10:imx335_get_capture_frame_count	4	static
../Drivers/BSP/IMX335/imx335.c:192:9:imx335_isp_background_process	8	static
../Drivers/BSP/IMX335/imx335.c:208:6:imx335_dcmipp_pipe_frame_cb	16	static
../Drivers/BSP/IMX335/imx335.c:222:6:imx335_dcmipp_pipe_vsync_cb	16	static
../Drivers/BSP/IMX335/imx335.c:254:16:imx335_dcmipp_init	128	static
../Drivers/BSP/IMX335/imx335.c:388:16:imx335_io_init	4	static
../Drivers/BSP/IMX335/imx335.c:398:16:imx335_io_deinit	4	static
../Drivers/BSP/IMX335/imx335.c:411:16:imx335_io_writereg	40	static
../Drivers/BSP/IMX335/imx335.c:429:16:imx335_io_readreg	48	static
../Drivers/BSP/IMX335/imx335.c:451:16:imx335_io_gettick	8	static
../Drivers/BSP/IMX335/imx335.c:462:26:imx335_get_sensor_info_helper	16	static
../Drivers/BSP/IMX335/imx335.c:475:26:imx335_set_sensor_gain_helper	16	static
../Drivers/BSP/IMX335/imx335.c:489:26:imx335_get_sensor_gain_helper	16	static
../Drivers/BSP/IMX335/imx335.c:503:26:imx335_set_sensor_exposure_helper	16	static
../Drivers/BSP/IMX335/imx335.c:517:26:imx335_get_sensor_exposure_helper	16	static
