../Drivers/BSP/IMX335/imx335.c:54:9:imx335_init	96	static
../Drivers/BSP/IMX335/imx335.c:125:9:imx335_get_capture	24	static
../Drivers/BSP/IMX335/imx335.c:144:9:imx335_start_capture	24	static
../Drivers/BSP/IMX335/imx335.c:163:6:imx335_stop_capture	8	static
../Drivers/BSP/IMX335/imx335.c:173:10:imx335_get_capture_frame_count	4	static
../Drivers/BSP/IMX335/imx335.c:185:9:imx335_isp_background_process	8	static
../Drivers/BSP/IMX335/imx335.c:201:6:imx335_dcmipp_pipe_frame_cb	16	static
../Drivers/BSP/IMX335/imx335.c:215:6:imx335_dcmipp_pipe_vsync_cb	16	static
../Drivers/BSP/IMX335/imx335.c:247:16:imx335_dcmipp_init	128	static
../Drivers/BSP/IMX335/imx335.c:373:16:imx335_io_init	4	static
../Drivers/BSP/IMX335/imx335.c:383:16:imx335_io_deinit	4	static
../Drivers/BSP/IMX335/imx335.c:396:16:imx335_io_writereg	40	static
../Drivers/BSP/IMX335/imx335.c:414:16:imx335_io_readreg	48	static
../Drivers/BSP/IMX335/imx335.c:436:16:imx335_io_gettick	8	static
../Drivers/BSP/IMX335/imx335.c:447:26:imx335_get_sensor_info_helper	16	static
../Drivers/BSP/IMX335/imx335.c:460:26:imx335_set_sensor_gain_helper	16	static
../Drivers/BSP/IMX335/imx335.c:474:26:imx335_get_sensor_gain_helper	16	static
../Drivers/BSP/IMX335/imx335.c:488:26:imx335_set_sensor_exposure_helper	16	static
../Drivers/BSP/IMX335/imx335.c:502:26:imx335_get_sensor_exposure_helper	16	static
