../Drivers/BSP/IMX335/imx335.c:56:9:imx335_init	96	static
../Drivers/BSP/IMX335/imx335.c:127:9:imx335_get_capture	24	static
../Drivers/BSP/IMX335/imx335.c:145:9:imx335_start_capture	24	static
../Drivers/BSP/IMX335/imx335.c:165:6:imx335_stop_capture	8	static
../Drivers/BSP/IMX335/imx335.c:175:10:imx335_get_capture_frame_count	4	static
../Drivers/BSP/IMX335/imx335.c:187:9:imx335_isp_background_process	8	static
../Drivers/BSP/IMX335/imx335.c:203:6:imx335_dcmipp_pipe_frame_cb	16	static
../Drivers/BSP/IMX335/imx335.c:217:6:imx335_dcmipp_pipe_vsync_cb	16	static
../Drivers/BSP/IMX335/imx335.c:249:16:imx335_dcmipp_init	120	static
../Drivers/BSP/IMX335/imx335.c:346:16:imx335_io_init	4	static
../Drivers/BSP/IMX335/imx335.c:356:16:imx335_io_deinit	4	static
../Drivers/BSP/IMX335/imx335.c:369:16:imx335_io_writereg	40	static
../Drivers/BSP/IMX335/imx335.c:387:16:imx335_io_readreg	48	static
../Drivers/BSP/IMX335/imx335.c:409:16:imx335_io_gettick	8	static
../Drivers/BSP/IMX335/imx335.c:420:26:imx335_get_sensor_info_helper	16	static
../Drivers/BSP/IMX335/imx335.c:433:26:imx335_set_sensor_gain_helper	16	static
../Drivers/BSP/IMX335/imx335.c:447:26:imx335_get_sensor_gain_helper	16	static
../Drivers/BSP/IMX335/imx335.c:461:26:imx335_set_sensor_exposure_helper	16	static
../Drivers/BSP/IMX335/imx335.c:475:26:imx335_get_sensor_exposure_helper	16	static
