../../Drivers/STM32N6xx_HAL_Driver/Inc/stm32n6xx_ll_bus.h:1407:22:LL_AHB4_GRP1_EnableClock	24	static
../../Drivers/STM32N6xx_HAL_Driver/Inc/stm32n6xx_ll_bus.h:2273:22:LL_APB1_GRP1_EnableClock	24	static
../../Drivers/STM32N6xx_HAL_Driver/Inc/stm32n6xx_ll_bus.h:2403:22:LL_APB1_GRP1_DisableClock	16	static
../Drivers/BSP/IMX335/imx335.c:57:9:imx335_init	96	static
../Drivers/BSP/IMX335/imx335.c:135:9:imx335_get_capture	24	static
../Drivers/BSP/IMX335/imx335.c:154:9:imx335_start_capture	24	static
../Drivers/BSP/IMX335/imx335.c:175:6:imx335_stop_capture	8	static
../Drivers/BSP/IMX335/imx335.c:188:10:imx335_get_capture_frame_count	4	static
../Drivers/BSP/IMX335/imx335.c:205:9:imx335_set_wb_mode	16	static
../Drivers/BSP/IMX335/imx335.c:238:9:imx335_isp_background_process	8	static
../Drivers/BSP/IMX335/imx335.c:254:6:imx335_dcmipp_pipe_frame_cb	16	static
../Drivers/BSP/IMX335/imx335.c:270:6:imx335_dcmipp_pipe_vsync_cb	16	static
../Drivers/BSP/IMX335/imx335.c:302:16:imx335_dcmipp_init	128	static
../Drivers/BSP/IMX335/imx335.c:437:13:cam_iic_delay	8	static
../Drivers/BSP/IMX335/imx335.c:447:16:imx335_io_init	32	static
../Drivers/BSP/IMX335/imx335.c:481:9:imx335_io_deinit	32	static
../Drivers/BSP/IMX335/imx335.c:503:13:cam_iic_start	8	static
../Drivers/BSP/IMX335/imx335.c:514:13:cam_iic_stop	8	static
../Drivers/BSP/IMX335/imx335.c:524:16:cam_iic_wait_ack	16	static
../Drivers/BSP/IMX335/imx335.c:551:13:cam_iic_send_byte	24	static
../Drivers/BSP/IMX335/imx335.c:571:16:cam_iic_read_byte	24	static
../Drivers/BSP/IMX335/imx335.c:608:16:imx335_io_writereg	32	static
../Drivers/BSP/IMX335/imx335.c:659:16:imx335_io_readreg	40	static
../Drivers/BSP/IMX335/imx335.c:695:16:imx335_io_gettick	8	static
../Drivers/BSP/IMX335/imx335.c:706:26:imx335_get_sensor_info_helper	16	static
../Drivers/BSP/IMX335/imx335.c:719:26:imx335_set_sensor_gain_helper	16	static
../Drivers/BSP/IMX335/imx335.c:733:26:imx335_get_sensor_gain_helper	16	static
../Drivers/BSP/IMX335/imx335.c:747:26:imx335_set_sensor_exposure_helper	16	static
../Drivers/BSP/IMX335/imx335.c:761:26:imx335_get_sensor_exposure_helper	16	static
