../../Drivers/STM32N6xx_HAL_Driver/Inc/stm32n6xx_ll_bus.h:1407:22:LL_AHB4_GRP1_EnableClock	24	static
../Drivers/BSP/IMX335/imx335.c:55:9:imx335_init	96	static
../Drivers/BSP/IMX335/imx335.c:133:9:imx335_get_capture	24	static
../Drivers/BSP/IMX335/imx335.c:152:9:imx335_start_capture	24	static
../Drivers/BSP/IMX335/imx335.c:173:6:imx335_stop_capture	8	static
../Drivers/BSP/IMX335/imx335.c:186:10:imx335_get_capture_frame_count	4	static
../Drivers/BSP/IMX335/imx335.c:203:9:imx335_set_wb_mode	16	static
../Drivers/BSP/IMX335/imx335.c:236:9:imx335_isp_background_process	8	static
../Drivers/BSP/IMX335/imx335.c:252:6:imx335_dcmipp_pipe_frame_cb	16	static
../Drivers/BSP/IMX335/imx335.c:268:6:imx335_dcmipp_pipe_vsync_cb	16	static
../Drivers/BSP/IMX335/imx335.c:300:16:imx335_dcmipp_init	128	static
../Drivers/BSP/IMX335/imx335.c:435:13:cam_iic_delay	8	static
../Drivers/BSP/IMX335/imx335.c:445:16:imx335_io_init	32	static
../Drivers/BSP/IMX335/imx335.c:476:9:imx335_io_deinit	32	static
../Drivers/BSP/IMX335/imx335.c:494:13:cam_iic_start	8	static
../Drivers/BSP/IMX335/imx335.c:505:13:cam_iic_stop	8	static
../Drivers/BSP/IMX335/imx335.c:515:16:cam_iic_wait_ack	16	static
../Drivers/BSP/IMX335/imx335.c:542:13:cam_iic_send_byte	24	static
../Drivers/BSP/IMX335/imx335.c:562:16:cam_iic_read_byte	24	static
../Drivers/BSP/IMX335/imx335.c:599:16:imx335_io_writereg	32	static
../Drivers/BSP/IMX335/imx335.c:642:16:imx335_io_readreg	40	static
../Drivers/BSP/IMX335/imx335.c:670:16:imx335_io_gettick	8	static
../Drivers/BSP/IMX335/imx335.c:681:26:imx335_get_sensor_info_helper	16	static
../Drivers/BSP/IMX335/imx335.c:694:26:imx335_set_sensor_gain_helper	16	static
../Drivers/BSP/IMX335/imx335.c:708:26:imx335_get_sensor_gain_helper	16	static
../Drivers/BSP/IMX335/imx335.c:722:26:imx335_set_sensor_exposure_helper	16	static
../Drivers/BSP/IMX335/imx335.c:736:26:imx335_get_sensor_exposure_helper	16	static
