../Drivers/BSP/IMX335/imx335.c:54:9:imx335_init	96	static
../Drivers/BSP/IMX335/imx335.c:125:9:imx335_get_capture	24	static
../Drivers/BSP/IMX335/imx335.c:145:9:imx335_start_capture	24	static
../Drivers/BSP/IMX335/imx335.c:166:6:imx335_stop_capture	8	static
../Drivers/BSP/IMX335/imx335.c:176:10:imx335_get_capture_frame_count	4	static
../Drivers/BSP/IMX335/imx335.c:188:9:imx335_isp_background_process	8	static
../Drivers/BSP/IMX335/imx335.c:204:6:imx335_dcmipp_pipe_frame_cb	16	static
../Drivers/BSP/IMX335/imx335.c:218:6:imx335_dcmipp_pipe_vsync_cb	16	static
../Drivers/BSP/IMX335/imx335.c:250:16:imx335_dcmipp_init	128	static
../Drivers/BSP/IMX335/imx335.c:376:16:imx335_io_init	4	static
../Drivers/BSP/IMX335/imx335.c:386:16:imx335_io_deinit	4	static
../Drivers/BSP/IMX335/imx335.c:399:16:imx335_io_writereg	40	static
../Drivers/BSP/IMX335/imx335.c:417:16:imx335_io_readreg	48	static
../Drivers/BSP/IMX335/imx335.c:439:16:imx335_io_gettick	8	static
../Drivers/BSP/IMX335/imx335.c:450:26:imx335_get_sensor_info_helper	16	static
../Drivers/BSP/IMX335/imx335.c:463:26:imx335_set_sensor_gain_helper	16	static
../Drivers/BSP/IMX335/imx335.c:477:26:imx335_get_sensor_gain_helper	16	static
../Drivers/BSP/IMX335/imx335.c:491:26:imx335_set_sensor_exposure_helper	16	static
../Drivers/BSP/IMX335/imx335.c:505:26:imx335_get_sensor_exposure_helper	16	static
