../Drivers/BSP/RGBLCD/rgblcd.c:50:6:rgblcd_init	112	static
../Drivers/BSP/RGBLCD/rgblcd.c:219:6:rgblcd_display_dir	16	static
../Drivers/BSP/RGBLCD/rgblcd.c:243:6:rgblcd_fill	40	static
../Drivers/BSP/RGBLCD/rgblcd.c:286:6:rgblcd_color_fill	40	static
../Drivers/BSP/RGBLCD/rgblcd.c:322:6:rgblcd_draw_point	24	static
../Drivers/BSP/RGBLCD/rgblcd.c:347:10:rgblcd_read_point	24	static
../Drivers/BSP/RGBLCD/rgblcd.c:373:6:rgblcd_clear	24	static
../Drivers/BSP/RGBLCD/rgblcd.c:387:6:rgblcd_draw_line	64	static
../Drivers/BSP/RGBLCD/rgblcd.c:473:6:rgblcd_draw_hline	32	static
../Drivers/BSP/RGBLCD/rgblcd.c:492:6:rgblcd_draw_rectangle	32	static
../Drivers/BSP/RGBLCD/rgblcd.c:508:6:rgblcd_draw_circle	40	static
../Drivers/BSP/RGBLCD/rgblcd.c:549:6:rgblcd_fill_circle	40	static
../Drivers/BSP/RGBLCD/rgblcd.c:593:6:rgblcd_show_char	40	static
../Drivers/BSP/RGBLCD/rgblcd.c:682:6:rgblcd_show_num	48	static
../Drivers/BSP/RGBLCD/rgblcd.c:725:6:rgblcd_show_xnum	48	static
../Drivers/BSP/RGBLCD/rgblcd.c:773:6:rgblcd_show_string	40	static
../Drivers/BSP/RGBLCD/rgblcd.c:804:17:rgblcd_panelid_read	56	static
../Drivers/BSP/RGBLCD/rgblcd.c:864:16:rgblcd_ltdc_clk_set	416	static
../Drivers/BSP/RGBLCD/rgblcd.c:886:17:rgblcd_pow	24	static
