../Drivers/BSP/RGBLCD/rgblcd.c:55:6:rgblcd_init	112	static
../Drivers/BSP/RGBLCD/rgblcd.c:225:6:rgblcd_display_dir	16	static
../Drivers/BSP/RGBLCD/rgblcd.c:249:6:rgblcd_fill	40	static
../Drivers/BSP/RGBLCD/rgblcd.c:292:6:rgblcd_color_fill	40	static
../Drivers/BSP/RGBLCD/rgblcd.c:328:6:rgblcd_draw_point	24	static
../Drivers/BSP/RGBLCD/rgblcd.c:353:10:rgblcd_read_point	24	static
../Drivers/BSP/RGBLCD/rgblcd.c:379:6:rgblcd_clear	24	static
../Drivers/BSP/RGBLCD/rgblcd.c:393:6:rgblcd_draw_line	64	static
../Drivers/BSP/RGBLCD/rgblcd.c:479:6:rgblcd_draw_hline	32	static
../Drivers/BSP/RGBLCD/rgblcd.c:498:6:rgblcd_draw_rectangle	32	static
../Drivers/BSP/RGBLCD/rgblcd.c:514:6:rgblcd_draw_circle	40	static
../Drivers/BSP/RGBLCD/rgblcd.c:555:6:rgblcd_fill_circle	40	static
../Drivers/BSP/RGBLCD/rgblcd.c:599:6:rgblcd_show_char	40	static
../Drivers/BSP/RGBLCD/rgblcd.c:688:6:rgblcd_show_num	48	static
../Drivers/BSP/RGBLCD/rgblcd.c:731:6:rgblcd_show_xnum	48	static
../Drivers/BSP/RGBLCD/rgblcd.c:779:6:rgblcd_show_string	40	static
../Drivers/BSP/RGBLCD/rgblcd.c:810:17:rgblcd_panelid_read	56	static
../Drivers/BSP/RGBLCD/rgblcd.c:870:16:rgblcd_ltdc_clk_set	416	static
../Drivers/BSP/RGBLCD/rgblcd.c:892:17:rgblcd_pow	24	static
../Drivers/BSP/RGBLCD/rgblcd.c:904:6:rgblcd_layer2_draw_point	16	static
../Drivers/BSP/RGBLCD/rgblcd.c:910:6:rgblcd_layer2_draw_rect	32	static
