../../Drivers/STM32N6xx_HAL_Driver/Inc/stm32n6xx_ll_bus.h:679:22:LL_MEM_EnableClock	8	static
../../Drivers/STM32N6xx_HAL_Driver/Inc/stm32n6xx_ll_bus.h:785:22:LL_MEM_EnableClockLowPower	8	static
../../Drivers/STM32N6xx_HAL_Driver/Inc/stm32n6xx_ll_bus.h:2065:22:LL_AHB5_GRP1_EnableClockLowPower	8	static
../../Middlewares/ST/AI/Npu/ll_aton/ll_aton_NN_interface.h:489:32:LL_Buffer_addr_start	0	static
../X-CUBE-AI/App/app_x-cube-ai.c:76:15:box_iou	0	static
../X-CUBE-AI/App/app_x-cube-ai.c:128:13:ai_detection_temporal_smooth	144	static
../X-CUBE-AI/App/app_x-cube-ai.c:579:14:l2_normalize.constprop	16	static
../X-CUBE-AI/App/app_x-cube-ai.c:440:7:ai_crop_resize_face_112	104	static,ignoring_inline_asm
../X-CUBE-AI/App/app_x-cube-ai.c:557:7:quantize_u8_to_s8	8	static
../X-CUBE-AI/App/app_x-cube-ai.c:592:6:ai_face_enroll	32	static
../X-CUBE-AI/App/app_x-cube-ai.c:623:6:ai_face_enroll_multi	544	static
../X-CUBE-AI/App/app_x-cube-ai.c:686:6:ai_face_identify	584	static
../X-CUBE-AI/App/app_x-cube-ai.c:744:7:ai_face_gallery_print	24	static
../X-CUBE-AI/App/app_x-cube-ai.c:756:7:ai_face_reid_run	24	static,ignoring_inline_asm
../X-CUBE-AI/App/app_x-cube-ai.c:800:7:MX_X_CUBE_AI_Process_User	256	static,ignoring_inline_asm
../X-CUBE-AI/App/app_x-cube-ai.c:828:6:set_clk_sleep_mode	32	static
../X-CUBE-AI/App/app_x-cube-ai.c:867:6:MX_X_CUBE_AI_Init	56	static
../X-CUBE-AI/App/app_x-cube-ai.c:926:6:MX_X_CUBE_AI_Process	8	static,ignoring_inline_asm
