../X-CUBE-AI/App/network_fc.c:37594:13:LL_ATON_End_EpochBlock_183	280	static
../X-CUBE-AI/App/network_fc.c:37537:13:LL_ATON_End_EpochBlock_182	192	static
../X-CUBE-AI/App/network_fc.c:35391:13:LL_ATON_End_EpochBlock_171	200	static
../X-CUBE-AI/App/network_fc.c:35334:13:LL_ATON_End_EpochBlock_170	192	static
../X-CUBE-AI/App/network_fc.c:35277:13:LL_ATON_End_EpochBlock_169	192	static
../X-CUBE-AI/App/network_fc.c:34853:13:LL_ATON_End_EpochBlock_165	200	static
../X-CUBE-AI/App/network_fc.c:33124:13:LL_ATON_End_EpochBlock_159	200	static
../X-CUBE-AI/App/network_fc.c:32508:13:LL_ATON_End_EpochBlock_154	200	static
../X-CUBE-AI/App/network_fc.c:30779:13:LL_ATON_End_EpochBlock_148	200	static
../X-CUBE-AI/App/network_fc.c:30163:13:LL_ATON_End_EpochBlock_143	200	static
../X-CUBE-AI/App/network_fc.c:28522:13:LL_ATON_End_EpochBlock_137	192	static
../X-CUBE-AI/App/network_fc.c:27906:13:LL_ATON_End_EpochBlock_132	192	static
../X-CUBE-AI/App/network_fc.c:26313:13:LL_ATON_End_EpochBlock_127	200	static
../X-CUBE-AI/App/network_fc.c:25697:13:LL_ATON_End_EpochBlock_122	200	static
../X-CUBE-AI/App/network_fc.c:24103:13:LL_ATON_End_EpochBlock_117	200	static
../X-CUBE-AI/App/network_fc.c:23487:13:LL_ATON_End_EpochBlock_112	200	static
../X-CUBE-AI/App/network_fc.c:21893:13:LL_ATON_End_EpochBlock_107	200	static
../X-CUBE-AI/App/network_fc.c:21277:13:LL_ATON_End_EpochBlock_102	200	static
../X-CUBE-AI/App/network_fc.c:19683:13:LL_ATON_End_EpochBlock_97	200	static
../X-CUBE-AI/App/network_fc.c:19067:13:LL_ATON_End_EpochBlock_92	200	static
../X-CUBE-AI/App/network_fc.c:17473:13:LL_ATON_End_EpochBlock_87	200	static
../X-CUBE-AI/App/network_fc.c:16857:13:LL_ATON_End_EpochBlock_82	200	static
../X-CUBE-AI/App/network_fc.c:15263:13:LL_ATON_End_EpochBlock_77	200	static
../X-CUBE-AI/App/network_fc.c:14647:13:LL_ATON_End_EpochBlock_72	200	static
../X-CUBE-AI/App/network_fc.c:13142:13:LL_ATON_End_EpochBlock_67	192	static
../X-CUBE-AI/App/network_fc.c:12526:13:LL_ATON_End_EpochBlock_62	192	static
../X-CUBE-AI/App/network_fc.c:11008:13:LL_ATON_End_EpochBlock_57	192	static
../X-CUBE-AI/App/network_fc.c:10392:13:LL_ATON_End_EpochBlock_52	192	static
../X-CUBE-AI/App/network_fc.c:8874:13:LL_ATON_End_EpochBlock_47	192	static
../X-CUBE-AI/App/network_fc.c:8258:13:LL_ATON_End_EpochBlock_42	192	static
../X-CUBE-AI/App/network_fc.c:6740:13:LL_ATON_End_EpochBlock_37	192	static
../X-CUBE-AI/App/network_fc.c:6124:13:LL_ATON_End_EpochBlock_32	192	static
../X-CUBE-AI/App/network_fc.c:4606:13:LL_ATON_End_EpochBlock_27	192	static
../X-CUBE-AI/App/network_fc.c:3990:13:LL_ATON_End_EpochBlock_22	192	static
../X-CUBE-AI/App/network_fc.c:2561:13:LL_ATON_End_EpochBlock_17	192	static
../X-CUBE-AI/App/network_fc.c:1945:13:LL_ATON_End_EpochBlock_12	192	static
../X-CUBE-AI/App/network_fc.c:1184:13:LL_ATON_End_EpochBlock_8	192	static
../X-CUBE-AI/App/network_fc.c:568:13:LL_ATON_End_EpochBlock_3	192	static
../X-CUBE-AI/App/network_fc.c:37503:13:LL_ATON_End_EpochBlock_181	8	static
../X-CUBE-AI/App/network_fc.c:37174:13:LL_ATON_End_EpochBlock_180	8	static
../X-CUBE-AI/App/network_fc.c:36774:13:LL_ATON_End_EpochBlock_179	8	static
../X-CUBE-AI/App/network_fc.c:36403:13:LL_ATON_End_EpochBlock_178	8	static
../X-CUBE-AI/App/network_fc.c:35247:13:LL_ATON_End_EpochBlock_168	8	static
../X-CUBE-AI/App/network_fc.c:34801:13:LL_ATON_End_EpochBlock_164	8	static
../X-CUBE-AI/App/network_fc.c:34123:13:LL_ATON_End_EpochBlock_163	8	static
../X-CUBE-AI/App/network_fc.c:33396:13:LL_ATON_End_EpochBlock_162	8	static
../X-CUBE-AI/App/network_fc.c:33091:13:LL_ATON_End_EpochBlock_158	8	static
../X-CUBE-AI/App/network_fc.c:32780:13:LL_ATON_End_EpochBlock_157	8	static
../X-CUBE-AI/App/network_fc.c:32456:13:LL_ATON_End_EpochBlock_153	8	static
../X-CUBE-AI/App/network_fc.c:31778:13:LL_ATON_End_EpochBlock_152	8	static
../X-CUBE-AI/App/network_fc.c:31051:13:LL_ATON_End_EpochBlock_151	8	static
../X-CUBE-AI/App/network_fc.c:30746:13:LL_ATON_End_EpochBlock_147	8	static
../X-CUBE-AI/App/network_fc.c:30435:13:LL_ATON_End_EpochBlock_146	8	static
../X-CUBE-AI/App/network_fc.c:30111:13:LL_ATON_End_EpochBlock_142	8	static
../X-CUBE-AI/App/network_fc.c:29437:13:LL_ATON_End_EpochBlock_141	8	static
../X-CUBE-AI/App/network_fc.c:28794:13:LL_ATON_End_EpochBlock_140	8	static
../X-CUBE-AI/App/network_fc.c:28489:13:LL_ATON_End_EpochBlock_136	8	static
../X-CUBE-AI/App/network_fc.c:28178:13:LL_ATON_End_EpochBlock_135	8	static
../X-CUBE-AI/App/network_fc.c:27854:13:LL_ATON_End_EpochBlock_131	8	static
../X-CUBE-AI/App/network_fc.c:27177:13:LL_ATON_End_EpochBlock_130	8	static
../X-CUBE-AI/App/network_fc.c:26280:13:LL_ATON_End_EpochBlock_126	8	static
../X-CUBE-AI/App/network_fc.c:25969:13:LL_ATON_End_EpochBlock_125	8	static
../X-CUBE-AI/App/network_fc.c:25645:13:LL_ATON_End_EpochBlock_121	8	static
../X-CUBE-AI/App/network_fc.c:24968:13:LL_ATON_End_EpochBlock_120	8	static
../X-CUBE-AI/App/network_fc.c:24070:13:LL_ATON_End_EpochBlock_116	8	static
../X-CUBE-AI/App/network_fc.c:23759:13:LL_ATON_End_EpochBlock_115	8	static
../X-CUBE-AI/App/network_fc.c:23435:13:LL_ATON_End_EpochBlock_111	8	static
../X-CUBE-AI/App/network_fc.c:22758:13:LL_ATON_End_EpochBlock_110	8	static
../X-CUBE-AI/App/network_fc.c:21860:13:LL_ATON_End_EpochBlock_106	8	static
../X-CUBE-AI/App/network_fc.c:21549:13:LL_ATON_End_EpochBlock_105	8	static
../X-CUBE-AI/App/network_fc.c:21225:13:LL_ATON_End_EpochBlock_101	8	static
../X-CUBE-AI/App/network_fc.c:20548:13:LL_ATON_End_EpochBlock_100	8	static
../X-CUBE-AI/App/network_fc.c:19650:13:LL_ATON_End_EpochBlock_96	8	static
../X-CUBE-AI/App/network_fc.c:19339:13:LL_ATON_End_EpochBlock_95	8	static
../X-CUBE-AI/App/network_fc.c:19015:13:LL_ATON_End_EpochBlock_91	8	static
../X-CUBE-AI/App/network_fc.c:18338:13:LL_ATON_End_EpochBlock_90	8	static
../X-CUBE-AI/App/network_fc.c:17440:13:LL_ATON_End_EpochBlock_86	8	static
../X-CUBE-AI/App/network_fc.c:17129:13:LL_ATON_End_EpochBlock_85	8	static
../X-CUBE-AI/App/network_fc.c:16805:13:LL_ATON_End_EpochBlock_81	8	static
../X-CUBE-AI/App/network_fc.c:16128:13:LL_ATON_End_EpochBlock_80	8	static
../X-CUBE-AI/App/network_fc.c:15230:13:LL_ATON_End_EpochBlock_76	8	static
../X-CUBE-AI/App/network_fc.c:14919:13:LL_ATON_End_EpochBlock_75	8	static
../X-CUBE-AI/App/network_fc.c:14595:13:LL_ATON_End_EpochBlock_71	8	static
../X-CUBE-AI/App/network_fc.c:13922:13:LL_ATON_End_EpochBlock_70	8	static
../X-CUBE-AI/App/network_fc.c:13109:13:LL_ATON_End_EpochBlock_66	8	static
../X-CUBE-AI/App/network_fc.c:12798:13:LL_ATON_End_EpochBlock_65	8	static
../X-CUBE-AI/App/network_fc.c:12478:13:LL_ATON_End_EpochBlock_61	8	static
../X-CUBE-AI/App/network_fc.c:11872:13:LL_ATON_End_EpochBlock_60	8	static
../X-CUBE-AI/App/network_fc.c:10975:13:LL_ATON_End_EpochBlock_56	8	static
../X-CUBE-AI/App/network_fc.c:10664:13:LL_ATON_End_EpochBlock_55	8	static
../X-CUBE-AI/App/network_fc.c:10344:13:LL_ATON_End_EpochBlock_51	8	static
../X-CUBE-AI/App/network_fc.c:9738:13:LL_ATON_End_EpochBlock_50	8	static
../X-CUBE-AI/App/network_fc.c:8841:13:LL_ATON_End_EpochBlock_46	8	static
../X-CUBE-AI/App/network_fc.c:8530:13:LL_ATON_End_EpochBlock_45	8	static
../X-CUBE-AI/App/network_fc.c:8210:13:LL_ATON_End_EpochBlock_41	8	static
../X-CUBE-AI/App/network_fc.c:7604:13:LL_ATON_End_EpochBlock_40	8	static
../X-CUBE-AI/App/network_fc.c:6707:13:LL_ATON_End_EpochBlock_36	8	static
../X-CUBE-AI/App/network_fc.c:6396:13:LL_ATON_End_EpochBlock_35	8	static
../X-CUBE-AI/App/network_fc.c:6076:13:LL_ATON_End_EpochBlock_31	8	static
../X-CUBE-AI/App/network_fc.c:5470:13:LL_ATON_End_EpochBlock_30	8	static
../X-CUBE-AI/App/network_fc.c:4573:13:LL_ATON_End_EpochBlock_26	8	static
../X-CUBE-AI/App/network_fc.c:4262:13:LL_ATON_End_EpochBlock_25	8	static
../X-CUBE-AI/App/network_fc.c:3942:13:LL_ATON_End_EpochBlock_21	8	static
../X-CUBE-AI/App/network_fc.c:3340:13:LL_ATON_End_EpochBlock_20	8	static
../X-CUBE-AI/App/network_fc.c:2528:13:LL_ATON_End_EpochBlock_16	8	static
../X-CUBE-AI/App/network_fc.c:2217:13:LL_ATON_End_EpochBlock_15	8	static
../X-CUBE-AI/App/network_fc.c:1897:13:LL_ATON_End_EpochBlock_11	8	static
../X-CUBE-AI/App/network_fc.c:1151:13:LL_ATON_End_EpochBlock_7	8	static
../X-CUBE-AI/App/network_fc.c:840:13:LL_ATON_End_EpochBlock_6	8	static
../X-CUBE-AI/App/network_fc.c:535:13:LL_ATON_End_EpochBlock_2	8	static
../X-CUBE-AI/App/network_fc.c:224:13:LL_ATON_End_EpochBlock_1	8	static
../X-CUBE-AI/App/network_fc.c:36810:13:LL_ATON_Start_EpochBlock_180	8	static
../X-CUBE-AI/App/network_fc.c:36447:13:LL_ATON_Start_EpochBlock_179	8	static
../X-CUBE-AI/App/network_fc.c:35904:13:LL_ATON_Start_EpochBlock_178	8	static
../X-CUBE-AI/App/network_fc.c:33421:13:LL_ATON_Start_EpochBlock_163	8	static
../X-CUBE-AI/App/network_fc.c:33300:13:LL_ATON_Start_EpochBlock_162	8	static
../X-CUBE-AI/App/network_fc.c:32684:13:LL_ATON_Start_EpochBlock_157	8	static
../X-CUBE-AI/App/network_fc.c:31076:13:LL_ATON_Start_EpochBlock_152	8	static
../X-CUBE-AI/App/network_fc.c:30955:13:LL_ATON_Start_EpochBlock_151	8	static
../X-CUBE-AI/App/network_fc.c:30339:13:LL_ATON_Start_EpochBlock_146	8	static
../X-CUBE-AI/App/network_fc.c:28819:13:LL_ATON_Start_EpochBlock_141	8	static
../X-CUBE-AI/App/network_fc.c:28698:13:LL_ATON_Start_EpochBlock_140	8	static
../X-CUBE-AI/App/network_fc.c:28082:13:LL_ATON_Start_EpochBlock_135	8	static
../X-CUBE-AI/App/network_fc.c:26488:13:LL_ATON_Start_EpochBlock_130	8	static
../X-CUBE-AI/App/network_fc.c:25873:13:LL_ATON_Start_EpochBlock_125	8	static
../X-CUBE-AI/App/network_fc.c:24278:13:LL_ATON_Start_EpochBlock_120	8	static
../X-CUBE-AI/App/network_fc.c:23663:13:LL_ATON_Start_EpochBlock_115	8	static
../X-CUBE-AI/App/network_fc.c:22068:13:LL_ATON_Start_EpochBlock_110	8	static
../X-CUBE-AI/App/network_fc.c:21453:13:LL_ATON_Start_EpochBlock_105	8	static
../X-CUBE-AI/App/network_fc.c:19858:13:LL_ATON_Start_EpochBlock_100	8	static
../X-CUBE-AI/App/network_fc.c:19243:13:LL_ATON_Start_EpochBlock_95	8	static
../X-CUBE-AI/App/network_fc.c:17648:13:LL_ATON_Start_EpochBlock_90	8	static
../X-CUBE-AI/App/network_fc.c:17033:13:LL_ATON_Start_EpochBlock_85	8	static
../X-CUBE-AI/App/network_fc.c:15438:13:LL_ATON_Start_EpochBlock_80	8	static
../X-CUBE-AI/App/network_fc.c:14823:13:LL_ATON_Start_EpochBlock_75	8	static
../X-CUBE-AI/App/network_fc.c:13317:13:LL_ATON_Start_EpochBlock_70	8	static
../X-CUBE-AI/App/network_fc.c:12702:13:LL_ATON_Start_EpochBlock_65	8	static
../X-CUBE-AI/App/network_fc.c:11183:13:LL_ATON_Start_EpochBlock_60	8	static
../X-CUBE-AI/App/network_fc.c:10568:13:LL_ATON_Start_EpochBlock_55	8	static
../X-CUBE-AI/App/network_fc.c:9049:13:LL_ATON_Start_EpochBlock_50	8	static
../X-CUBE-AI/App/network_fc.c:8434:13:LL_ATON_Start_EpochBlock_45	8	static
../X-CUBE-AI/App/network_fc.c:6915:13:LL_ATON_Start_EpochBlock_40	8	static
../X-CUBE-AI/App/network_fc.c:6300:13:LL_ATON_Start_EpochBlock_35	8	static
../X-CUBE-AI/App/network_fc.c:4781:13:LL_ATON_Start_EpochBlock_30	8	static
../X-CUBE-AI/App/network_fc.c:4166:13:LL_ATON_Start_EpochBlock_25	8	static
../X-CUBE-AI/App/network_fc.c:2736:13:LL_ATON_Start_EpochBlock_20	8	static
../X-CUBE-AI/App/network_fc.c:2121:13:LL_ATON_Start_EpochBlock_15	8	static
../X-CUBE-AI/App/network_fc.c:744:13:LL_ATON_Start_EpochBlock_6	8	static
../X-CUBE-AI/App/network_fc.c:128:13:LL_ATON_Start_EpochBlock_1	8	static
../X-CUBE-AI/App/network_fc.c:37211:13:LL_ATON_Start_EpochBlock_181	8	static
../X-CUBE-AI/App/network_fc.c:35029:13:LL_ATON_Start_EpochBlock_168	8	static
../X-CUBE-AI/App/network_fc.c:34179:13:LL_ATON_Start_EpochBlock_164	8	static
../X-CUBE-AI/App/network_fc.c:32805:13:LL_ATON_Start_EpochBlock_158	8	static
../X-CUBE-AI/App/network_fc.c:31834:13:LL_ATON_Start_EpochBlock_153	8	static
../X-CUBE-AI/App/network_fc.c:30460:13:LL_ATON_Start_EpochBlock_147	8	static
../X-CUBE-AI/App/network_fc.c:29489:13:LL_ATON_Start_EpochBlock_142	8	static
../X-CUBE-AI/App/network_fc.c:28203:13:LL_ATON_Start_EpochBlock_136	8	static
../X-CUBE-AI/App/network_fc.c:27233:13:LL_ATON_Start_EpochBlock_131	8	static
../X-CUBE-AI/App/network_fc.c:25994:13:LL_ATON_Start_EpochBlock_126	8	static
../X-CUBE-AI/App/network_fc.c:25024:13:LL_ATON_Start_EpochBlock_121	8	static
../X-CUBE-AI/App/network_fc.c:23784:13:LL_ATON_Start_EpochBlock_116	8	static
../X-CUBE-AI/App/network_fc.c:22814:13:LL_ATON_Start_EpochBlock_111	8	static
../X-CUBE-AI/App/network_fc.c:21574:13:LL_ATON_Start_EpochBlock_106	8	static
../X-CUBE-AI/App/network_fc.c:20604:13:LL_ATON_Start_EpochBlock_101	8	static
../X-CUBE-AI/App/network_fc.c:19364:13:LL_ATON_Start_EpochBlock_96	8	static
../X-CUBE-AI/App/network_fc.c:18394:13:LL_ATON_Start_EpochBlock_91	8	static
../X-CUBE-AI/App/network_fc.c:17154:13:LL_ATON_Start_EpochBlock_86	8	static
../X-CUBE-AI/App/network_fc.c:16184:13:LL_ATON_Start_EpochBlock_81	8	static
../X-CUBE-AI/App/network_fc.c:14944:13:LL_ATON_Start_EpochBlock_76	8	static
../X-CUBE-AI/App/network_fc.c:13974:13:LL_ATON_Start_EpochBlock_71	8	static
../X-CUBE-AI/App/network_fc.c:12823:13:LL_ATON_Start_EpochBlock_66	8	static
../X-CUBE-AI/App/network_fc.c:11928:13:LL_ATON_Start_EpochBlock_61	8	static
../X-CUBE-AI/App/network_fc.c:10689:13:LL_ATON_Start_EpochBlock_56	8	static
../X-CUBE-AI/App/network_fc.c:9794:13:LL_ATON_Start_EpochBlock_51	8	static
../X-CUBE-AI/App/network_fc.c:8555:13:LL_ATON_Start_EpochBlock_46	8	static
../X-CUBE-AI/App/network_fc.c:7660:13:LL_ATON_Start_EpochBlock_41	8	static
../X-CUBE-AI/App/network_fc.c:6421:13:LL_ATON_Start_EpochBlock_36	8	static
../X-CUBE-AI/App/network_fc.c:5526:13:LL_ATON_Start_EpochBlock_31	8	static
../X-CUBE-AI/App/network_fc.c:4287:13:LL_ATON_Start_EpochBlock_26	8	static
../X-CUBE-AI/App/network_fc.c:3392:13:LL_ATON_Start_EpochBlock_21	8	static
../X-CUBE-AI/App/network_fc.c:2242:13:LL_ATON_Start_EpochBlock_16	8	static
../X-CUBE-AI/App/network_fc.c:1359:13:LL_ATON_Start_EpochBlock_11	8	static
../X-CUBE-AI/App/network_fc.c:865:13:LL_ATON_Start_EpochBlock_7	8	static
../X-CUBE-AI/App/network_fc.c:249:13:LL_ATON_Start_EpochBlock_2	8	static
../X-CUBE-AI/App/network_fc.c:35818:13:LL_ATON_End_EpochBlock_177	16	static
../X-CUBE-AI/App/network_fc.c:35732:13:LL_ATON_End_EpochBlock_176	16	static
../X-CUBE-AI/App/network_fc.c:35646:13:LL_ATON_End_EpochBlock_175	16	static
../X-CUBE-AI/App/network_fc.c:35580:13:LL_ATON_End_EpochBlock_174	320	static
../X-CUBE-AI/App/network_fc.c:35514:13:LL_ATON_End_EpochBlock_173	320	static
../X-CUBE-AI/App/network_fc.c:35448:13:LL_ATON_End_EpochBlock_172	320	static
../X-CUBE-AI/App/network_fc.c:34971:13:LL_ATON_End_EpochBlock_167	192	static
../X-CUBE-AI/App/network_fc.c:33242:13:LL_ATON_End_EpochBlock_161	192	static
../X-CUBE-AI/App/network_fc.c:32626:13:LL_ATON_End_EpochBlock_156	192	static
../X-CUBE-AI/App/network_fc.c:30897:13:LL_ATON_End_EpochBlock_150	192	static
../X-CUBE-AI/App/network_fc.c:30281:13:LL_ATON_End_EpochBlock_145	192	static
../X-CUBE-AI/App/network_fc.c:28640:13:LL_ATON_End_EpochBlock_139	192	static
../X-CUBE-AI/App/network_fc.c:28024:13:LL_ATON_End_EpochBlock_134	192	static
../X-CUBE-AI/App/network_fc.c:26431:13:LL_ATON_End_EpochBlock_129	192	static
../X-CUBE-AI/App/network_fc.c:25815:13:LL_ATON_End_EpochBlock_124	192	static
../X-CUBE-AI/App/network_fc.c:24221:13:LL_ATON_End_EpochBlock_119	192	static
../X-CUBE-AI/App/network_fc.c:23605:13:LL_ATON_End_EpochBlock_114	192	static
../X-CUBE-AI/App/network_fc.c:22011:13:LL_ATON_End_EpochBlock_109	192	static
../X-CUBE-AI/App/network_fc.c:21395:13:LL_ATON_End_EpochBlock_104	192	static
../X-CUBE-AI/App/network_fc.c:19801:13:LL_ATON_End_EpochBlock_99	192	static
../X-CUBE-AI/App/network_fc.c:19185:13:LL_ATON_End_EpochBlock_94	192	static
../X-CUBE-AI/App/network_fc.c:17591:13:LL_ATON_End_EpochBlock_89	192	static
../X-CUBE-AI/App/network_fc.c:16975:13:LL_ATON_End_EpochBlock_84	192	static
../X-CUBE-AI/App/network_fc.c:15381:13:LL_ATON_End_EpochBlock_79	192	static
../X-CUBE-AI/App/network_fc.c:14765:13:LL_ATON_End_EpochBlock_74	192	static
../X-CUBE-AI/App/network_fc.c:13260:13:LL_ATON_End_EpochBlock_69	192	static
../X-CUBE-AI/App/network_fc.c:12644:13:LL_ATON_End_EpochBlock_64	192	static
../X-CUBE-AI/App/network_fc.c:11126:13:LL_ATON_End_EpochBlock_59	192	static
../X-CUBE-AI/App/network_fc.c:10510:13:LL_ATON_End_EpochBlock_54	192	static
../X-CUBE-AI/App/network_fc.c:8992:13:LL_ATON_End_EpochBlock_49	192	static
../X-CUBE-AI/App/network_fc.c:8376:13:LL_ATON_End_EpochBlock_44	192	static
../X-CUBE-AI/App/network_fc.c:6858:13:LL_ATON_End_EpochBlock_39	192	static
../X-CUBE-AI/App/network_fc.c:6242:13:LL_ATON_End_EpochBlock_34	192	static
../X-CUBE-AI/App/network_fc.c:4724:13:LL_ATON_End_EpochBlock_29	192	static
../X-CUBE-AI/App/network_fc.c:4108:13:LL_ATON_End_EpochBlock_24	192	static
../X-CUBE-AI/App/network_fc.c:2679:13:LL_ATON_End_EpochBlock_19	192	static
../X-CUBE-AI/App/network_fc.c:2063:13:LL_ATON_End_EpochBlock_14	192	static
../X-CUBE-AI/App/network_fc.c:1302:13:LL_ATON_End_EpochBlock_10	200	static
../X-CUBE-AI/App/network_fc.c:686:13:LL_ATON_End_EpochBlock_5	192	static
../X-CUBE-AI/App/network_fc.c:34910:13:LL_ATON_End_EpochBlock_166	184	static
../X-CUBE-AI/App/network_fc.c:33181:13:LL_ATON_End_EpochBlock_160	184	static
../X-CUBE-AI/App/network_fc.c:32565:13:LL_ATON_End_EpochBlock_155	184	static
../X-CUBE-AI/App/network_fc.c:30836:13:LL_ATON_End_EpochBlock_149	184	static
../X-CUBE-AI/App/network_fc.c:30220:13:LL_ATON_End_EpochBlock_144	184	static
../X-CUBE-AI/App/network_fc.c:28579:13:LL_ATON_End_EpochBlock_138	184	static
../X-CUBE-AI/App/network_fc.c:27963:13:LL_ATON_End_EpochBlock_133	184	static
../X-CUBE-AI/App/network_fc.c:26370:13:LL_ATON_End_EpochBlock_128	184	static
../X-CUBE-AI/App/network_fc.c:25754:13:LL_ATON_End_EpochBlock_123	184	static
../X-CUBE-AI/App/network_fc.c:24160:13:LL_ATON_End_EpochBlock_118	184	static
../X-CUBE-AI/App/network_fc.c:23544:13:LL_ATON_End_EpochBlock_113	184	static
../X-CUBE-AI/App/network_fc.c:21950:13:LL_ATON_End_EpochBlock_108	184	static
../X-CUBE-AI/App/network_fc.c:21334:13:LL_ATON_End_EpochBlock_103	184	static
../X-CUBE-AI/App/network_fc.c:19740:13:LL_ATON_End_EpochBlock_98	184	static
../X-CUBE-AI/App/network_fc.c:19124:13:LL_ATON_End_EpochBlock_93	184	static
../X-CUBE-AI/App/network_fc.c:17530:13:LL_ATON_End_EpochBlock_88	184	static
../X-CUBE-AI/App/network_fc.c:16914:13:LL_ATON_End_EpochBlock_83	184	static
../X-CUBE-AI/App/network_fc.c:15320:13:LL_ATON_End_EpochBlock_78	184	static
../X-CUBE-AI/App/network_fc.c:14704:13:LL_ATON_End_EpochBlock_73	184	static
../X-CUBE-AI/App/network_fc.c:13199:13:LL_ATON_End_EpochBlock_68	184	static
../X-CUBE-AI/App/network_fc.c:12583:13:LL_ATON_End_EpochBlock_63	184	static
../X-CUBE-AI/App/network_fc.c:11065:13:LL_ATON_End_EpochBlock_58	184	static
../X-CUBE-AI/App/network_fc.c:10449:13:LL_ATON_End_EpochBlock_53	184	static
../X-CUBE-AI/App/network_fc.c:8931:13:LL_ATON_End_EpochBlock_48	184	static
../X-CUBE-AI/App/network_fc.c:8315:13:LL_ATON_End_EpochBlock_43	184	static
../X-CUBE-AI/App/network_fc.c:6797:13:LL_ATON_End_EpochBlock_38	184	static
../X-CUBE-AI/App/network_fc.c:6181:13:LL_ATON_End_EpochBlock_33	184	static
../X-CUBE-AI/App/network_fc.c:4663:13:LL_ATON_End_EpochBlock_28	184	static
../X-CUBE-AI/App/network_fc.c:4047:13:LL_ATON_End_EpochBlock_23	184	static
../X-CUBE-AI/App/network_fc.c:2618:13:LL_ATON_End_EpochBlock_18	184	static
../X-CUBE-AI/App/network_fc.c:2002:13:LL_ATON_End_EpochBlock_13	184	static
../X-CUBE-AI/App/network_fc.c:1241:13:LL_ATON_End_EpochBlock_9	184	static
../X-CUBE-AI/App/network_fc.c:625:13:LL_ATON_End_EpochBlock_4	184	static
../X-CUBE-AI/App/network_fc.c:85:26:LL_ATON_Set_User_Input_Buffer_network_fc	0	static
../X-CUBE-AI/App/network_fc.c:92:7:LL_ATON_Get_User_Input_Buffer_network_fc	0	static
../X-CUBE-AI/App/network_fc.c:99:26:LL_ATON_Set_User_Output_Buffer_network_fc	0	static
../X-CUBE-AI/App/network_fc.c:106:7:LL_ATON_Get_User_Output_Buffer_network_fc	0	static
../X-CUBE-AI/App/network_fc.c:113:6:LL_ATON_EC_Network_Init_network_fc	0	static
../X-CUBE-AI/App/network_fc.c:118:6:LL_ATON_EC_Inference_Init_network_fc	0	static
../X-CUBE-AI/App/network_fc.c:37693:31:LL_ATON_EpochBlockItems_network_fc	0	static
../X-CUBE-AI/App/network_fc.c:40267:30:LL_ATON_Input_Buffers_Info_network_fc	0	static
../X-CUBE-AI/App/network_fc.c:47626:30:LL_ATON_Output_Buffers_Info_network_fc	0	static
../X-CUBE-AI/App/network_fc.c:47660:30:LL_ATON_Internal_Buffers_Info_network_fc	0	static
