../X-CUBE-AI/App/network_f.c:26990:13:LL_ATON_End_EpochBlock_95	8	static
../X-CUBE-AI/App/network_f.c:26803:13:LL_ATON_End_EpochBlock_92	8	static
../X-CUBE-AI/App/network_f.c:26667:13:LL_ATON_End_EpochBlock_91	8	static
../X-CUBE-AI/App/network_f.c:26276:13:LL_ATON_End_EpochBlock_89	8	static
../X-CUBE-AI/App/network_f.c:25554:13:LL_ATON_End_EpochBlock_88	8	static
../X-CUBE-AI/App/network_f.c:24819:13:LL_ATON_End_EpochBlock_87	8	static
../X-CUBE-AI/App/network_f.c:24486:13:LL_ATON_End_EpochBlock_86	8	static
../X-CUBE-AI/App/network_f.c:23753:13:LL_ATON_End_EpochBlock_85	8	static
../X-CUBE-AI/App/network_f.c:23420:13:LL_ATON_End_EpochBlock_84	8	static
../X-CUBE-AI/App/network_f.c:22687:13:LL_ATON_End_EpochBlock_83	8	static
../X-CUBE-AI/App/network_f.c:22354:13:LL_ATON_End_EpochBlock_82	8	static
../X-CUBE-AI/App/network_f.c:21621:13:LL_ATON_End_EpochBlock_81	8	static
../X-CUBE-AI/App/network_f.c:21311:13:LL_ATON_End_EpochBlock_80	8	static
../X-CUBE-AI/App/network_f.c:21025:13:LL_ATON_End_EpochBlock_79	8	static
../X-CUBE-AI/App/network_f.c:20757:13:LL_ATON_End_EpochBlock_77	8	static
../X-CUBE-AI/App/network_f.c:20406:13:LL_ATON_End_EpochBlock_74	8	static
../X-CUBE-AI/App/network_f.c:19743:13:LL_ATON_End_EpochBlock_73	8	static
../X-CUBE-AI/App/network_f.c:18979:13:LL_ATON_End_EpochBlock_72	8	static
../X-CUBE-AI/App/network_f.c:18361:13:LL_ATON_End_EpochBlock_70	8	static
../X-CUBE-AI/App/network_f.c:17930:13:LL_ATON_End_EpochBlock_69	8	static
../X-CUBE-AI/App/network_f.c:17455:13:LL_ATON_End_EpochBlock_68	8	static
../X-CUBE-AI/App/network_f.c:16756:13:LL_ATON_End_EpochBlock_66	8	static
../X-CUBE-AI/App/network_f.c:16534:13:LL_ATON_End_EpochBlock_65	8	static
../X-CUBE-AI/App/network_f.c:16088:13:LL_ATON_End_EpochBlock_63	8	static
../X-CUBE-AI/App/network_f.c:15801:13:LL_ATON_End_EpochBlock_62	8	static
../X-CUBE-AI/App/network_f.c:15586:13:LL_ATON_End_EpochBlock_60	8	static
../X-CUBE-AI/App/network_f.c:14944:13:LL_ATON_End_EpochBlock_59	8	static
../X-CUBE-AI/App/network_f.c:14498:13:LL_ATON_End_EpochBlock_57	8	static
../X-CUBE-AI/App/network_f.c:14185:13:LL_ATON_End_EpochBlock_56	8	static
../X-CUBE-AI/App/network_f.c:13486:13:LL_ATON_End_EpochBlock_54	8	static
../X-CUBE-AI/App/network_f.c:13264:13:LL_ATON_End_EpochBlock_53	8	static
../X-CUBE-AI/App/network_f.c:12818:13:LL_ATON_End_EpochBlock_51	8	static
../X-CUBE-AI/App/network_f.c:12505:13:LL_ATON_End_EpochBlock_50	8	static
../X-CUBE-AI/App/network_f.c:11806:13:LL_ATON_End_EpochBlock_48	8	static
../X-CUBE-AI/App/network_f.c:11584:13:LL_ATON_End_EpochBlock_47	8	static
../X-CUBE-AI/App/network_f.c:11138:13:LL_ATON_End_EpochBlock_45	8	static
../X-CUBE-AI/App/network_f.c:10851:13:LL_ATON_End_EpochBlock_44	8	static
../X-CUBE-AI/App/network_f.c:10646:13:LL_ATON_End_EpochBlock_42	8	static
../X-CUBE-AI/App/network_f.c:10171:13:LL_ATON_End_EpochBlock_41	8	static
../X-CUBE-AI/App/network_f.c:9725:13:LL_ATON_End_EpochBlock_39	8	static
../X-CUBE-AI/App/network_f.c:9438:13:LL_ATON_End_EpochBlock_38	8	static
../X-CUBE-AI/App/network_f.c:9228:13:LL_ATON_End_EpochBlock_36	8	static
../X-CUBE-AI/App/network_f.c:8670:13:LL_ATON_End_EpochBlock_35	8	static
../X-CUBE-AI/App/network_f.c:8224:13:LL_ATON_End_EpochBlock_33	8	static
../X-CUBE-AI/App/network_f.c:7981:13:LL_ATON_End_EpochBlock_32	8	static
../X-CUBE-AI/App/network_f.c:7684:13:LL_ATON_End_EpochBlock_31	8	static
../X-CUBE-AI/App/network_f.c:7142:13:LL_ATON_End_EpochBlock_29	8	static
../X-CUBE-AI/App/network_f.c:6678:13:LL_ATON_End_EpochBlock_28	8	static
../X-CUBE-AI/App/network_f.c:6412:13:LL_ATON_End_EpochBlock_26	8	static
../X-CUBE-AI/App/network_f.c:6125:13:LL_ATON_End_EpochBlock_25	8	static
../X-CUBE-AI/App/network_f.c:5915:13:LL_ATON_End_EpochBlock_23	8	static
../X-CUBE-AI/App/network_f.c:5357:13:LL_ATON_End_EpochBlock_22	8	static
../X-CUBE-AI/App/network_f.c:4911:13:LL_ATON_End_EpochBlock_20	8	static
../X-CUBE-AI/App/network_f.c:4624:13:LL_ATON_End_EpochBlock_19	8	static
../X-CUBE-AI/App/network_f.c:4414:13:LL_ATON_End_EpochBlock_17	8	static
../X-CUBE-AI/App/network_f.c:3856:13:LL_ATON_End_EpochBlock_16	8	static
../X-CUBE-AI/App/network_f.c:3410:13:LL_ATON_End_EpochBlock_14	8	static
../X-CUBE-AI/App/network_f.c:3167:13:LL_ATON_End_EpochBlock_13	8	static
../X-CUBE-AI/App/network_f.c:2886:13:LL_ATON_End_EpochBlock_12	8	static
../X-CUBE-AI/App/network_f.c:2692:13:LL_ATON_End_EpochBlock_10	8	static
../X-CUBE-AI/App/network_f.c:2470:13:LL_ATON_End_EpochBlock_9	8	static
../X-CUBE-AI/App/network_f.c:2011:13:LL_ATON_End_EpochBlock_7	8	static
../X-CUBE-AI/App/network_f.c:1528:13:LL_ATON_End_EpochBlock_6	8	static
../X-CUBE-AI/App/network_f.c:1217:13:LL_ATON_End_EpochBlock_5	8	static
../X-CUBE-AI/App/network_f.c:974:13:LL_ATON_End_EpochBlock_4	8	static
../X-CUBE-AI/App/network_f.c:327:13:LL_ATON_End_EpochBlock_3	8	static
../X-CUBE-AI/App/network_f.c:15705:13:LL_ATON_Start_EpochBlock_62	8	static
../X-CUBE-AI/App/network_f.c:10755:13:LL_ATON_Start_EpochBlock_44	8	static
../X-CUBE-AI/App/network_f.c:9342:13:LL_ATON_Start_EpochBlock_38	8	static
../X-CUBE-AI/App/network_f.c:6515:13:LL_ATON_Start_EpochBlock_28	8	static
../X-CUBE-AI/App/network_f.c:6029:13:LL_ATON_Start_EpochBlock_25	8	static
../X-CUBE-AI/App/network_f.c:4528:13:LL_ATON_Start_EpochBlock_19	8	static
../X-CUBE-AI/App/network_f.c:2790:13:LL_ATON_Start_EpochBlock_12	8	static
../X-CUBE-AI/App/network_f.c:26888:13:LL_ATON_Start_EpochBlock_95	8	static
../X-CUBE-AI/App/network_f.c:26701:13:LL_ATON_Start_EpochBlock_92	8	static
../X-CUBE-AI/App/network_f.c:20856:13:LL_ATON_Start_EpochBlock_79	8	static
../X-CUBE-AI/App/network_f.c:26828:13:LL_ATON_End_EpochBlock_93	200	static
../X-CUBE-AI/App/network_f.c:26329:13:LL_ATON_End_EpochBlock_90	200	static
../X-CUBE-AI/App/network_f.c:20514:13:LL_ATON_End_EpochBlock_76	200	static
../X-CUBE-AI/App/network_f.c:20457:13:LL_ATON_End_EpochBlock_75	192	static
../X-CUBE-AI/App/network_f.c:20571:13:LL_ATON_Start_EpochBlock_77	8	static
../X-CUBE-AI/App/network_f.c:18468:13:LL_ATON_Start_EpochBlock_72	8	static
../X-CUBE-AI/App/network_f.c:16570:13:LL_ATON_Start_EpochBlock_66	8	static
../X-CUBE-AI/App/network_f.c:13300:13:LL_ATON_Start_EpochBlock_54	8	static
../X-CUBE-AI/App/network_f.c:11620:13:LL_ATON_Start_EpochBlock_48	8	static
../X-CUBE-AI/App/network_f.c:2506:13:LL_ATON_Start_EpochBlock_10	8	static
../X-CUBE-AI/App/network_f.c:26386:13:LL_ATON_Start_EpochBlock_91	8	static
../X-CUBE-AI/App/network_f.c:25610:13:LL_ATON_Start_EpochBlock_89	8	static
../X-CUBE-AI/App/network_f.c:24852:13:LL_ATON_Start_EpochBlock_88	8	static
../X-CUBE-AI/App/network_f.c:24542:13:LL_ATON_Start_EpochBlock_87	8	static
../X-CUBE-AI/App/network_f.c:23786:13:LL_ATON_Start_EpochBlock_86	8	static
../X-CUBE-AI/App/network_f.c:23476:13:LL_ATON_Start_EpochBlock_85	8	static
../X-CUBE-AI/App/network_f.c:22720:13:LL_ATON_Start_EpochBlock_84	8	static
../X-CUBE-AI/App/network_f.c:22410:13:LL_ATON_Start_EpochBlock_83	8	static
../X-CUBE-AI/App/network_f.c:21654:13:LL_ATON_Start_EpochBlock_82	8	static
../X-CUBE-AI/App/network_f.c:21344:13:LL_ATON_Start_EpochBlock_81	8	static
../X-CUBE-AI/App/network_f.c:21053:13:LL_ATON_Start_EpochBlock_80	8	static
../X-CUBE-AI/App/network_f.c:19799:13:LL_ATON_Start_EpochBlock_74	8	static
../X-CUBE-AI/App/network_f.c:19026:13:LL_ATON_Start_EpochBlock_73	8	static
../X-CUBE-AI/App/network_f.c:17506:13:LL_ATON_Start_EpochBlock_69	8	static
../X-CUBE-AI/App/network_f.c:16854:13:LL_ATON_Start_EpochBlock_68	8	static
../X-CUBE-AI/App/network_f.c:16190:13:LL_ATON_Start_EpochBlock_65	8	static
../X-CUBE-AI/App/network_f.c:15826:13:LL_ATON_Start_EpochBlock_63	8	static
../X-CUBE-AI/App/network_f.c:14980:13:LL_ATON_Start_EpochBlock_60	8	static
../X-CUBE-AI/App/network_f.c:14600:13:LL_ATON_Start_EpochBlock_59	8	static
../X-CUBE-AI/App/network_f.c:14236:13:LL_ATON_Start_EpochBlock_57	8	static
../X-CUBE-AI/App/network_f.c:13584:13:LL_ATON_Start_EpochBlock_56	8	static
../X-CUBE-AI/App/network_f.c:12920:13:LL_ATON_Start_EpochBlock_53	8	static
../X-CUBE-AI/App/network_f.c:12556:13:LL_ATON_Start_EpochBlock_51	8	static
../X-CUBE-AI/App/network_f.c:11904:13:LL_ATON_Start_EpochBlock_50	8	static
../X-CUBE-AI/App/network_f.c:11240:13:LL_ATON_Start_EpochBlock_47	8	static
../X-CUBE-AI/App/network_f.c:10876:13:LL_ATON_Start_EpochBlock_45	8	static
../X-CUBE-AI/App/network_f.c:10207:13:LL_ATON_Start_EpochBlock_42	8	static
../X-CUBE-AI/App/network_f.c:9827:13:LL_ATON_Start_EpochBlock_41	8	static
../X-CUBE-AI/App/network_f.c:9463:13:LL_ATON_Start_EpochBlock_39	8	static
../X-CUBE-AI/App/network_f.c:8706:13:LL_ATON_Start_EpochBlock_36	8	static
../X-CUBE-AI/App/network_f.c:8323:13:LL_ATON_Start_EpochBlock_35	8	static
../X-CUBE-AI/App/network_f.c:7725:13:LL_ATON_Start_EpochBlock_32	8	static
../X-CUBE-AI/App/network_f.c:7251:13:LL_ATON_Start_EpochBlock_31	8	static
../X-CUBE-AI/App/network_f.c:6706:13:LL_ATON_Start_EpochBlock_29	8	static
../X-CUBE-AI/App/network_f.c:6150:13:LL_ATON_Start_EpochBlock_26	8	static
../X-CUBE-AI/App/network_f.c:5393:13:LL_ATON_Start_EpochBlock_23	8	static
../X-CUBE-AI/App/network_f.c:5013:13:LL_ATON_Start_EpochBlock_22	8	static
../X-CUBE-AI/App/network_f.c:4649:13:LL_ATON_Start_EpochBlock_20	8	static
../X-CUBE-AI/App/network_f.c:3892:13:LL_ATON_Start_EpochBlock_17	8	static
../X-CUBE-AI/App/network_f.c:3509:13:LL_ATON_Start_EpochBlock_16	8	static
../X-CUBE-AI/App/network_f.c:2911:13:LL_ATON_Start_EpochBlock_13	8	static
../X-CUBE-AI/App/network_f.c:2121:13:LL_ATON_Start_EpochBlock_9	8	static
../X-CUBE-AI/App/network_f.c:1561:13:LL_ATON_Start_EpochBlock_7	8	static
../X-CUBE-AI/App/network_f.c:1246:13:LL_ATON_Start_EpochBlock_6	8	static
../X-CUBE-AI/App/network_f.c:1023:13:LL_ATON_Start_EpochBlock_5	8	static
../X-CUBE-AI/App/network_f.c:354:13:LL_ATON_Start_EpochBlock_4	8	static
../X-CUBE-AI/App/network_f.c:182:13:LL_ATON_Start_EpochBlock_3	8	static
../X-CUBE-AI/App/network_f.c:20786:13:LL_ATON_End_EpochBlock_78	32	static
../X-CUBE-AI/App/network_f.c:18399:13:LL_ATON_End_EpochBlock_71	32	static
../X-CUBE-AI/App/network_f.c:16785:13:LL_ATON_End_EpochBlock_67	32	static
../X-CUBE-AI/App/network_f.c:16121:13:LL_ATON_End_EpochBlock_64	32	static
../X-CUBE-AI/App/network_f.c:15636:13:LL_ATON_End_EpochBlock_61	32	static
../X-CUBE-AI/App/network_f.c:14531:13:LL_ATON_End_EpochBlock_58	32	static
../X-CUBE-AI/App/network_f.c:13515:13:LL_ATON_End_EpochBlock_55	32	static
../X-CUBE-AI/App/network_f.c:12851:13:LL_ATON_End_EpochBlock_52	32	static
../X-CUBE-AI/App/network_f.c:11835:13:LL_ATON_End_EpochBlock_49	32	static
../X-CUBE-AI/App/network_f.c:11171:13:LL_ATON_End_EpochBlock_46	32	static
../X-CUBE-AI/App/network_f.c:10686:13:LL_ATON_End_EpochBlock_43	32	static
../X-CUBE-AI/App/network_f.c:9758:13:LL_ATON_End_EpochBlock_40	32	static
../X-CUBE-AI/App/network_f.c:9273:13:LL_ATON_End_EpochBlock_37	32	static
../X-CUBE-AI/App/network_f.c:8254:13:LL_ATON_End_EpochBlock_34	32	static
../X-CUBE-AI/App/network_f.c:7182:13:LL_ATON_End_EpochBlock_30	32	static
../X-CUBE-AI/App/network_f.c:6445:13:LL_ATON_End_EpochBlock_27	32	static
../X-CUBE-AI/App/network_f.c:5960:13:LL_ATON_End_EpochBlock_24	32	static
../X-CUBE-AI/App/network_f.c:4944:13:LL_ATON_End_EpochBlock_21	32	static
../X-CUBE-AI/App/network_f.c:4459:13:LL_ATON_End_EpochBlock_18	32	static
../X-CUBE-AI/App/network_f.c:3440:13:LL_ATON_End_EpochBlock_15	32	static
../X-CUBE-AI/App/network_f.c:2721:13:LL_ATON_End_EpochBlock_11	32	static
../X-CUBE-AI/App/network_f.c:2052:13:LL_ATON_End_EpochBlock_8	32	static
../X-CUBE-AI/App/network_f.c:17971:13:LL_ATON_Start_EpochBlock_70	8	static
../X-CUBE-AI/App/network_f.c:8015:13:LL_ATON_Start_EpochBlock_33	8	static
../X-CUBE-AI/App/network_f.c:3201:13:LL_ATON_Start_EpochBlock_14	8	static
../X-CUBE-AI/App/network_f.c:125:13:LL_ATON_End_EpochBlock_2	192	static
../X-CUBE-AI/App/network_f.c:81:26:LL_ATON_Set_User_Input_Buffer_network_f	0	static
../X-CUBE-AI/App/network_f.c:88:7:LL_ATON_Get_User_Input_Buffer_network_f	0	static
../X-CUBE-AI/App/network_f.c:95:26:LL_ATON_Set_User_Output_Buffer_network_f	0	static
../X-CUBE-AI/App/network_f.c:102:7:LL_ATON_Get_User_Output_Buffer_network_f	0	static
../X-CUBE-AI/App/network_f.c:109:6:LL_ATON_EC_Network_Init_network_f	0	static
../X-CUBE-AI/App/network_f.c:114:6:LL_ATON_EC_Inference_Init_network_f	0	static
../X-CUBE-AI/App/network_f.c:27017:31:LL_ATON_EpochBlockItems_network_f	0	static
../X-CUBE-AI/App/network_f.c:28331:30:LL_ATON_Input_Buffers_Info_network_f	0	static
../X-CUBE-AI/App/network_f.c:32009:30:LL_ATON_Output_Buffers_Info_network_f	0	static
../X-CUBE-AI/App/network_f.c:32112:30:LL_ATON_Internal_Buffers_Info_network_f	0	static
