../X-CUBE-AI/App/network.c:6565:13:LL_ATON_End_EpochBlock_20	200	static
../X-CUBE-AI/App/network.c:6513:13:LL_ATON_End_EpochBlock_19	8	static
../X-CUBE-AI/App/network.c:5864:13:LL_ATON_End_EpochBlock_18	8	static
../X-CUBE-AI/App/network.c:5451:13:LL_ATON_End_EpochBlock_17	8	static
../X-CUBE-AI/App/network.c:5311:13:LL_ATON_End_EpochBlock_16	8	static
../X-CUBE-AI/App/network.c:4823:13:LL_ATON_End_EpochBlock_15	8	static
../X-CUBE-AI/App/network.c:4695:13:LL_ATON_End_EpochBlock_14	8	static
../X-CUBE-AI/App/network.c:4446:13:LL_ATON_End_EpochBlock_13	8	static
../X-CUBE-AI/App/network.c:4310:13:LL_ATON_End_EpochBlock_12	8	static
../X-CUBE-AI/App/network.c:3897:13:LL_ATON_End_EpochBlock_11	8	static
../X-CUBE-AI/App/network.c:3744:13:LL_ATON_End_EpochBlock_10	8	static
../X-CUBE-AI/App/network.c:3021:13:LL_ATON_End_EpochBlock_9	8	static
../X-CUBE-AI/App/network.c:2868:13:LL_ATON_End_EpochBlock_8	8	static
../X-CUBE-AI/App/network.c:2147:13:LL_ATON_End_EpochBlock_7	8	static
../X-CUBE-AI/App/network.c:1998:13:LL_ATON_End_EpochBlock_6	8	static
../X-CUBE-AI/App/network.c:1347:13:LL_ATON_End_EpochBlock_5	8	static
../X-CUBE-AI/App/network.c:1208:13:LL_ATON_End_EpochBlock_4	8	static
../X-CUBE-AI/App/network.c:719:13:LL_ATON_End_EpochBlock_3	8	static
../X-CUBE-AI/App/network.c:326:13:LL_ATON_End_EpochBlock_2	8	static
../X-CUBE-AI/App/network.c:5903:13:LL_ATON_Start_EpochBlock_19	8	static
../X-CUBE-AI/App/network.c:5355:13:LL_ATON_Start_EpochBlock_17	8	static
../X-CUBE-AI/App/network.c:4727:13:LL_ATON_Start_EpochBlock_15	8	static
../X-CUBE-AI/App/network.c:4350:13:LL_ATON_Start_EpochBlock_13	8	static
../X-CUBE-AI/App/network.c:3801:13:LL_ATON_Start_EpochBlock_11	8	static
../X-CUBE-AI/App/network.c:2925:13:LL_ATON_Start_EpochBlock_9	8	static
../X-CUBE-AI/App/network.c:2051:13:LL_ATON_Start_EpochBlock_7	8	static
../X-CUBE-AI/App/network.c:1251:13:LL_ATON_Start_EpochBlock_5	8	static
../X-CUBE-AI/App/network.c:130:13:LL_ATON_Start_EpochBlock_2	8	static
../X-CUBE-AI/App/network.c:5476:13:LL_ATON_Start_EpochBlock_18	8	static
../X-CUBE-AI/App/network.c:4848:13:LL_ATON_Start_EpochBlock_16	8	static
../X-CUBE-AI/App/network.c:3922:13:LL_ATON_Start_EpochBlock_12	8	static
../X-CUBE-AI/App/network.c:4471:13:LL_ATON_Start_EpochBlock_14	8	static
../X-CUBE-AI/App/network.c:3046:13:LL_ATON_Start_EpochBlock_10	8	static
../X-CUBE-AI/App/network.c:2172:13:LL_ATON_Start_EpochBlock_8	8	static
../X-CUBE-AI/App/network.c:1372:13:LL_ATON_Start_EpochBlock_6	8	static
../X-CUBE-AI/App/network.c:756:13:LL_ATON_Start_EpochBlock_4	8	static
../X-CUBE-AI/App/network.c:355:13:LL_ATON_Start_EpochBlock_3	8	static
../X-CUBE-AI/App/network.c:86:26:LL_ATON_Set_User_Input_Buffer_Default	0	static
../X-CUBE-AI/App/network.c:93:7:LL_ATON_Get_User_Input_Buffer_Default	0	static
../X-CUBE-AI/App/network.c:100:26:LL_ATON_Set_User_Output_Buffer_Default	0	static
../X-CUBE-AI/App/network.c:107:7:LL_ATON_Get_User_Output_Buffer_Default	0	static
../X-CUBE-AI/App/network.c:114:6:LL_ATON_EC_Network_Init_Default	0	static
../X-CUBE-AI/App/network.c:119:6:LL_ATON_EC_Inference_Init_Default	0	static
../X-CUBE-AI/App/network.c:6632:31:LL_ATON_EpochBlockItems_Default	0	static
../X-CUBE-AI/App/network.c:6910:30:LL_ATON_Input_Buffers_Info_Default	0	static
../X-CUBE-AI/App/network.c:8057:30:LL_ATON_Output_Buffers_Info_Default	0	static
../X-CUBE-AI/App/network.c:8091:30:LL_ATON_Internal_Buffers_Info_Default	0	static
