../../Drivers/STM32N6xx_HAL_Driver/Inc/stm32n6xx_ll_bus.h:1165:22:LL_AHB3_GRP1_EnableClock	24	static
../Core/Src/main.c:89:5:main	24	static,ignoring_inline_asm
../Core/Src/main.c:308:6:PeriphCommonClock_Config	408	static
../Core/Src/main.c:328:15:SystemIsolation_Config	16	static
../Core/Src/main.c:456:8:HAL_DCMIPP_PIPE_FrameEventCallback	16	static,ignoring_inline_asm
../Core/Src/main.c:469:8:HAL_DCMIPP_PIPE_VsyncEventCallback	16	static,ignoring_inline_asm
../Core/Src/main.c:475:8:HAL_LTDC_ErrorCallback	16	static,ignoring_inline_asm
../Core/Src/main.c:481:8:HAL_DCMIPP_ErrorCallback	16	static,ignoring_inline_asm
../Core/Src/main.c:488:7:_close	16	static
../Core/Src/main.c:489:7:_fstat	16	static
../Core/Src/main.c:490:7:_isatty	16	static
../Core/Src/main.c:491:7:_lseek	24	static
../Core/Src/main.c:492:7:_read	32	static
../Core/Src/main.c:526:7:_write	24	static
../Core/Src/main.c:532:7:_getpid	4	static
../Core/Src/main.c:533:7:_kill	16	static
../Core/Src/main.c:534:7:_open	24	static
../Core/Src/main.c:546:6:HAL_TIM_PeriodElapsedCallback	16	static
../Core/Src/main.c:564:6:Error_Handler	4	static,ignoring_inline_asm
