../../Drivers/STM32N6xx_HAL_Driver/Inc/stm32n6xx_ll_bus.h:1165:22:LL_AHB3_GRP1_EnableClock	24	static
../Core/Src/main.c:85:5:main	48	static,ignoring_inline_asm
../Core/Src/main.c:246:6:PeriphCommonClock_Config	408	static
../Core/Src/main.c:265:15:SystemIsolation_Config	16	static
../Core/Src/main.c:371:8:HAL_DCMIPP_PIPE_FrameEventCallback	16	static,ignoring_inline_asm
../Core/Src/main.c:384:8:HAL_DCMIPP_PIPE_VsyncEventCallback	16	static,ignoring_inline_asm
../Core/Src/main.c:390:8:HAL_LTDC_ErrorCallback	16	static,ignoring_inline_asm
../Core/Src/main.c:396:8:HAL_DCMIPP_ErrorCallback	16	static,ignoring_inline_asm
../Core/Src/main.c:403:7:_close	16	static
../Core/Src/main.c:404:7:_fstat	16	static
../Core/Src/main.c:405:7:_isatty	16	static
../Core/Src/main.c:406:7:_lseek	24	static
../Core/Src/main.c:407:7:_read	32	static
../Core/Src/main.c:441:7:_write	24	static
../Core/Src/main.c:447:7:_getpid	4	static
../Core/Src/main.c:448:7:_kill	16	static
../Core/Src/main.c:449:7:_open	24	static
../Core/Src/main.c:461:6:HAL_TIM_PeriodElapsedCallback	16	static
../Core/Src/main.c:479:6:Error_Handler	4	static,ignoring_inline_asm
