../../Drivers/STM32N6xx_HAL_Driver/Inc/stm32n6xx_ll_bus.h:1165:22:LL_AHB3_GRP1_EnableClock	24	static
../Core/Src/main.c:89:5:main	24	static,ignoring_inline_asm
../Core/Src/main.c:306:6:PeriphCommonClock_Config	408	static
../Core/Src/main.c:326:15:SystemIsolation_Config	16	static
../Core/Src/main.c:453:8:HAL_DCMIPP_PIPE_FrameEventCallback	16	static,ignoring_inline_asm
../Core/Src/main.c:466:8:HAL_DCMIPP_PIPE_VsyncEventCallback	16	static,ignoring_inline_asm
../Core/Src/main.c:472:8:HAL_LTDC_ErrorCallback	16	static,ignoring_inline_asm
../Core/Src/main.c:478:8:HAL_DCMIPP_ErrorCallback	16	static,ignoring_inline_asm
../Core/Src/main.c:485:7:_close	16	static
../Core/Src/main.c:486:7:_fstat	16	static
../Core/Src/main.c:487:7:_isatty	16	static
../Core/Src/main.c:488:7:_lseek	24	static
../Core/Src/main.c:489:7:_read	32	static
../Core/Src/main.c:523:7:_write	24	static
../Core/Src/main.c:529:7:_getpid	4	static
../Core/Src/main.c:530:7:_kill	16	static
../Core/Src/main.c:531:7:_open	24	static
../Core/Src/main.c:543:6:HAL_TIM_PeriodElapsedCallback	16	static
../Core/Src/main.c:561:6:Error_Handler	4	static,ignoring_inline_asm
