../../Drivers/STM32N6xx_HAL_Driver/Inc/stm32n6xx_ll_bus.h:1165:22:LL_AHB3_GRP1_EnableClock	1
../Core/Src/main.c:83:5:main	9
../Core/Src/main.c:195:6:PeriphCommonClock_Config	2
../Core/Src/main.c:214:15:SystemIsolation_Config	1
../Core/Src/main.c:318:8:HAL_DCMIPP_PIPE_FrameEventCallback	3
../Core/Src/main.c:331:8:HAL_DCMIPP_PIPE_VsyncEventCallback	1
../Core/Src/main.c:337:8:HAL_LTDC_ErrorCallback	1
../Core/Src/main.c:343:8:HAL_DCMIPP_ErrorCallback	1
../Core/Src/main.c:350:7:_close	1
../Core/Src/main.c:351:7:_fstat	1
../Core/Src/main.c:352:7:_isatty	1
../Core/Src/main.c:353:7:_lseek	1
../Core/Src/main.c:354:7:_read	1
../Core/Src/main.c:355:7:_write	1
../Core/Src/main.c:361:7:_getpid	1
../Core/Src/main.c:362:7:_kill	1
../Core/Src/main.c:363:7:_open	1
../Core/Src/main.c:376:6:HAL_TIM_PeriodElapsedCallback	2
../Core/Src/main.c:394:6:Error_Handler	1
