../../Drivers/STM32N6xx_HAL_Driver/Inc/stm32n6xx_ll_bus.h:1165:22:LL_AHB3_GRP1_EnableClock	1
../Core/Src/main.c:83:5:main	10
../Core/Src/main.c:216:6:PeriphCommonClock_Config	2
../Core/Src/main.c:235:15:SystemIsolation_Config	1
../Core/Src/main.c:332:8:HAL_DCMIPP_PIPE_FrameEventCallback	1
../Core/Src/main.c:338:8:HAL_DCMIPP_PIPE_VsyncEventCallback	1
../Core/Src/main.c:344:8:HAL_LTDC_ErrorCallback	1
../Core/Src/main.c:350:8:HAL_DCMIPP_ErrorCallback	1
../Core/Src/main.c:366:6:HAL_TIM_PeriodElapsedCallback	2
../Core/Src/main.c:384:6:Error_Handler	1
