../APP/ui/eez-flow.h:3000:27:utf8casecmp	40	static
../APP/ui/eez-flow.h:3030:14:utf8cat	24	static
../APP/ui/eez-flow.h:3049:36:utf8chr	24	static
../APP/ui/eez-flow.h:3090:27:utf8cmp	16	static
../APP/ui/eez-flow.h:3110:14:utf8cpy	24	static
../APP/ui/eez-flow.h:3126:30:utf8cspn	32	static
../APP/ui/eez-flow.h:3177:14:utf8dup	16	static
../APP/ui/eez-flow.h:3181:14:utf8dup_ex	32	static
../APP/ui/eez-flow.h:3216:30:utf8len	16	static
../APP/ui/eez-flow.h:3220:30:utf8nlen	24	static
../APP/ui/eez-flow.h:3250:27:utf8ncasecmp	80	static
../APP/ui/eez-flow.h:3324:14:utf8ncat	32	static
../APP/ui/eez-flow.h:3345:27:utf8ncmp	24	static
../APP/ui/eez-flow.h:3362:14:utf8ncpy	48	static
../APP/ui/eez-flow.h:3398:14:utf8ndup	16	static
../APP/ui/eez-flow.h:3402:14:utf8ndup_ex	32	static
../APP/ui/eez-flow.h:3441:36:utf8rchr	32	static
../APP/ui/eez-flow.h:3509:36:utf8pbrk	24	static
../APP/ui/eez-flow.h:3557:30:utf8size	16	static
../APP/ui/eez-flow.h:3561:30:utf8size_lazy	16	static
../APP/ui/eez-flow.h:3565:30:utf8nsize_lazy	24	static
../APP/ui/eez-flow.h:3573:30:utf8spn	32	static
../APP/ui/eez-flow.h:3627:36:utf8str	32	static
../APP/ui/eez-flow.h:3662:36:utf8casestr	40	static
../APP/ui/eez-flow.h:3708:36:utf8valid	16	static
../APP/ui/eez-flow.h:3712:36:utf8nvalid	32	static
../APP/ui/eez-flow.h:3811:5:utf8makevalid	32	static
../APP/ui/eez-flow.h:3877:1:utf8codepoint	16	static
../APP/ui/eez-flow.h:3902:30:utf8codepointcalcsize	16	static
../APP/ui/eez-flow.h:3918:30:utf8codepointsize	16	static
../APP/ui/eez-flow.h:3930:14:utf8catcodepoint	24	static
../APP/ui/eez-flow.h:3974:27:utf8islower	16	static
../APP/ui/eez-flow.h:3978:27:utf8isupper	16	static
../APP/ui/eez-flow.h:3982:6:utf8lwr	32	static
../APP/ui/eez-flow.h:3999:6:utf8upr	32	static
../APP/ui/eez-flow.h:4016:36:utf8lwrcodepoint	16	static
../APP/ui/eez-flow.h:4182:36:utf8uprcodepoint	16	static
../APP/ui/eez-flow.h:4349:1:utf8rcodepoint	24	static
../APP/ui/screens.c:24:13:event_handler_cb_page_lock_page_lock	24	static
../APP/ui/screens.c:35:13:event_handler_cb_page_lock_btn_verify	24	static
../APP/ui/screens.c:46:13:event_handler_cb_camera_obj3	24	static
../APP/ui/screens.c:57:13:event_handler_cb_camera_obj5	24	static
../APP/ui/screens.c:68:13:event_handler_cb_page_main_ui_cont_main	24	static
../APP/ui/screens.c:79:13:event_handler_cb_page_main_dashboard	48	static
../APP/ui/screens.c:97:13:event_handler_cb_page_main_dashboard_1	48	static
../APP/ui/screens.c:115:13:event_handler_cb_page_main_dashboard_2	48	static
../APP/ui/screens.c:133:13:event_handler_cb_page_main_obj6	48	static
../APP/ui/screens.c:147:13:event_handler_cb_page_main_c1	24	static
../APP/ui/screens.c:158:13:event_handler_cb_page_main_c1_1	24	static
../APP/ui/screens.c:169:13:event_handler_cb_page_main_c1_2	24	static
../APP/ui/screens.c:180:13:event_handler_cb_page_main_c1_3	24	static
../APP/ui/screens.c:191:13:event_handler_cb_page_main_c1_4	24	static
../APP/ui/screens.c:202:13:event_handler_cb_page_main_c1_39	24	static
../APP/ui/screens.c:213:13:event_handler_cb_page_main_c1_40	24	static
../APP/ui/screens.c:224:13:event_handler_cb_page_main_c1_41	24	static
../APP/ui/screens.c:235:13:event_handler_cb_page_main_c29	24	static
../APP/ui/screens.c:246:13:event_handler_cb_page_main_c30	24	static
../APP/ui/screens.c:257:13:event_handler_cb_page_main_obj110	48	static
../APP/ui/screens.c:271:13:event_handler_cb_page_main_obj111	24	static
../APP/ui/screens.c:282:13:event_handler_cb_page_main_obj122	24	static
../APP/ui/screens.c:293:13:event_handler_cb_page_main_obj125	24	static
../APP/ui/screens.c:304:13:event_handler_cb_page_main_obj127	24	static
../APP/ui/screens.c:315:13:event_handler_cb_page_main_obj129	24	static
../APP/ui/screens.c:326:13:event_handler_cb_page_main_obj131	24	static
../APP/ui/screens.c:337:13:event_handler_cb_page_main_obj133	24	static
../APP/ui/screens.c:348:13:event_handler_cb_page_main_obj135	24	static
../APP/ui/screens.c:359:13:event_handler_cb_page_main_obj137	24	static
../APP/ui/screens.c:370:13:event_handler_cb_page_main_obj139	24	static
../APP/ui/screens.c:381:13:event_handler_cb_page_main_obj141	24	static
../APP/ui/screens.c:392:13:event_handler_cb_page_main_obj143	24	static
../APP/ui/screens.c:403:13:event_handler_cb_page_main_obj145	24	static
../APP/ui/screens.c:414:13:event_handler_cb_page_main_obj147	24	static
../APP/ui/screens.c:425:13:event_handler_cb_page_main_obj149	24	static
../APP/ui/screens.c:436:13:event_handler_cb_page_main_obj151	24	static
../APP/ui/screens.c:447:13:event_handler_cb_page_main_obj153	24	static
../APP/ui/screens.c:458:13:event_handler_cb_page_main_obj155	24	static
../APP/ui/screens.c:469:13:event_handler_cb_page_main_obj157	24	static
../APP/ui/screens.c:480:13:event_handler_cb_page_main_obj159	24	static
../APP/ui/screens.c:491:13:event_handler_cb_page_main_obj161	24	static
../APP/ui/screens.c:502:13:event_handler_cb_page_main_obj163	24	static
../APP/ui/screens.c:513:13:event_handler_cb_page_main_obj165	24	static
../APP/ui/screens.c:524:13:event_handler_cb_page_main_obj167	24	static
../APP/ui/screens.c:535:13:event_handler_cb_page_main_obj169	24	static
../APP/ui/screens.c:546:13:event_handler_cb_page_main_obj171	24	static
../APP/ui/screens.c:557:13:event_handler_cb_page_main_obj173	24	static
../APP/ui/screens.c:568:13:event_handler_cb_page_main_obj175	24	static
../APP/ui/screens.c:579:13:event_handler_cb_page_main_obj177	24	static
../APP/ui/screens.c:590:13:event_handler_cb_page_main_obj179	24	static
../APP/ui/screens.c:601:13:event_handler_cb_page_main_obj181	24	static
../APP/ui/screens.c:612:13:event_handler_cb_page_main_obj183	24	static
../APP/ui/screens.c:623:13:event_handler_cb_page_main_obj185	24	static
../APP/ui/screens.c:634:13:event_handler_cb_page_main_obj187	24	static
../APP/ui/screens.c:645:13:event_handler_cb_page_main_obj189	24	static
../APP/ui/screens.c:656:13:event_handler_cb_page_main_obj191	24	static
../APP/ui/screens.c:667:13:event_handler_cb_page_choose_c1_5	24	static
../APP/ui/screens.c:678:13:event_handler_cb_page_choose_c1_6	24	static
../APP/ui/screens.c:689:13:event_handler_cb_page_choose_c1_7	24	static
../APP/ui/screens.c:700:13:event_handler_cb_page_choose_c1_8	24	static
../APP/ui/screens.c:711:13:event_handler_cb_page_choose_c1_9	24	static
../APP/ui/screens.c:722:13:event_handler_cb_page_choose_c1_10	24	static
../APP/ui/screens.c:733:13:event_handler_cb_page_choose_c1_11	24	static
../APP/ui/screens.c:744:13:event_handler_cb_page_choose_c1_12	24	static
../APP/ui/screens.c:755:13:event_handler_cb_page_choose_c1_13	24	static
../APP/ui/screens.c:766:13:event_handler_cb_page_choose_c1_14	24	static
../APP/ui/screens.c:777:13:event_handler_cb_page_choose_c1_15	24	static
../APP/ui/screens.c:788:13:event_handler_cb_page_choose_c1_16	24	static
../APP/ui/screens.c:799:13:event_handler_cb_page_choose_c1_17	24	static
../APP/ui/screens.c:810:13:event_handler_cb_page_choose_c1_18	24	static
../APP/ui/screens.c:821:13:event_handler_cb_page_choose_c1_19	24	static
../APP/ui/screens.c:832:13:event_handler_cb_page_choose_c1_20	24	static
../APP/ui/screens.c:843:13:event_handler_cb_page_choose_c1_21	24	static
../APP/ui/screens.c:854:13:event_handler_cb_page_choose_c1_22	24	static
../APP/ui/screens.c:865:13:event_handler_cb_page_choose_c1_23	24	static
../APP/ui/screens.c:876:13:event_handler_cb_page_choose_c1_24	24	static
../APP/ui/screens.c:887:13:event_handler_cb_page_choose_c1_25	24	static
../APP/ui/screens.c:898:13:event_handler_cb_page_choose_c1_26	24	static
../APP/ui/screens.c:909:13:event_handler_cb_page_choose_c1_27	24	static
../APP/ui/screens.c:920:13:event_handler_cb_page_choose_c1_28	24	static
../APP/ui/screens.c:931:13:event_handler_cb_page_choose_c1_29	24	static
../APP/ui/screens.c:942:13:event_handler_cb_page_choose_c1_30	24	static
../APP/ui/screens.c:953:13:event_handler_cb_page_choose_c1_31	24	static
../APP/ui/screens.c:964:13:event_handler_cb_page_choose_c1_32	24	static
../APP/ui/screens.c:975:13:event_handler_cb_page_choose_c1_33	24	static
../APP/ui/screens.c:986:13:event_handler_cb_page_choose_c1_34	24	static
../APP/ui/screens.c:997:13:event_handler_cb_page_choose_c1_35	24	static
../APP/ui/screens.c:1008:13:event_handler_cb_page_choose_c1_36	24	static
../APP/ui/screens.c:1019:13:event_handler_cb_page_choose_c1_37	24	static
../APP/ui/screens.c:1030:13:event_handler_cb_page_choose_c1_38	24	static
../APP/ui/screens.c:1045:6:create_screen_page_lock	88	static
../APP/ui/screens.c:1144:6:tick_screen_page_lock	16	static
../APP/ui/screens.c:1149:6:create_screen_camera	56	static
../APP/ui/screens.c:1204:6:tick_screen_camera	16	static
../APP/ui/screens.c:1209:6:create_screen_page_main	3328	static
../APP/ui/screens.c:5687:6:tick_screen_page_main	1344	static
../APP/ui/screens.c:7360:6:create_screen_page_choose	880	static
../APP/ui/screens.c:8936:6:tick_screen_page_choose	160	static
../APP/ui/screens.c:9832:6:tick_screen	16	static
../APP/ui/screens.c:9837:6:tick_screen_by_id	16	static
../APP/ui/screens.c:9920:6:create_screens	32	static
