../APP/UART4_RxTask.c:41:6:UART4_RxCallback	8	static
../APP/UART4_RxTask.c:52:6:handle_led	0	static
../APP/UART4_RxTask.c:64:6:handle_drawer	0	static
../APP/UART4_RxTask.c:72:6:handle_face_clear	0	static
../APP/UART4_RxTask.c:76:6:handle_alert	8	static
../APP/UART4_RxTask.c:94:6:handle_heartbeat	8	static
../APP/UART4_RxTask.c:121:6:handle_time	48	static
../APP/UART4_RxTask.c:136:6:get_current_time_str	56	static
../APP/UART4_RxTask.c:235:6:on_inventory_stm32	0	static
../APP/UART4_RxTask.c:240:6:on_inventory_app	8	static
../APP/UART4_RxTask.c:165:6:handle_inventory	40	static
../APP/UART4_RxTask.c:296:6:handle_miniapp_outbound	8	static
../APP/UART4_RxTask.c:331:6:handle_qty_alert	16	static
../APP/UART4_RxTask.c:350:6:inventory_store_to_slot	32	static
../APP/UART4_RxTask.c:369:6:inventory_add_quantity	16	static
../APP/UART4_RxTask.c:246:6:handle_store	40	static
../APP/UART4_RxTask.c:398:6:UART4_RxTask	280	static
