../APP/ui/eez-flow.cpp:1021:18:float eez_linear(float)	0	static
../APP/ui/eez-flow.cpp:1024:18:float eez_easeInQuad(float)	0	static
../APP/ui/eez-flow.cpp:1027:18:float eez_easeOutQuad(float)	0	static
../APP/ui/eez-flow.cpp:1033:18:float eez_easeInCubic(float)	0	static
../APP/ui/eez-flow.cpp:1042:18:float eez_easeInQuart(float)	0	static
../APP/ui/eez-flow.cpp:1051:18:float eez_easeInQuint(float)	0	static
../APP/ui/eez-flow.cpp:1095:18:float eez_easeInBack(float)	0	static
../APP/ui/eez-flow.cpp:1198:13:bool eez::compare_UNDEFINED_value(const Value&, const Value&)	0	static
../APP/ui/eez-flow.cpp:1201:13:void eez::UNDEFINED_value_to_text(const Value&, char*, int)	0	static
../APP/ui/eez-flow.cpp:1206:20:const char* eez::UNDEFINED_value_type_name(const Value&)	0	static
../APP/ui/eez-flow.cpp:1210:13:bool eez::compare_NULL_value(const Value&, const Value&)	0	static
../APP/ui/eez-flow.cpp:1219:20:const char* eez::NULL_value_type_name(const Value&)	0	static
../APP/ui/eez-flow.cpp:1233:20:const char* eez::BOOLEAN_value_type_name(const Value&)	0	static
../APP/ui/eez-flow.cpp:1237:13:bool eez::compare_INT8_value(const Value&, const Value&)	0	static
../APP/ui/eez-flow.cpp:1243:20:const char* eez::INT8_value_type_name(const Value&)	0	static
../APP/ui/eez-flow.cpp:1247:13:bool eez::compare_UINT8_value(const Value&, const Value&)	0	static
../APP/ui/eez-flow.cpp:1253:20:const char* eez::UINT8_value_type_name(const Value&)	0	static
../APP/ui/eez-flow.cpp:1257:13:bool eez::compare_INT16_value(const Value&, const Value&)	0	static
../APP/ui/eez-flow.cpp:1263:20:const char* eez::INT16_value_type_name(const Value&)	0	static
../APP/ui/eez-flow.cpp:1267:13:bool eez::compare_UINT16_value(const Value&, const Value&)	0	static
../APP/ui/eez-flow.cpp:1273:20:const char* eez::UINT16_value_type_name(const Value&)	0	static
../APP/ui/eez-flow.cpp:1277:13:bool eez::compare_INT32_value(const Value&, const Value&)	0	static
../APP/ui/eez-flow.cpp:1283:20:const char* eez::INT32_value_type_name(const Value&)	0	static
../APP/ui/eez-flow.cpp:1287:13:bool eez::compare_UINT32_value(const Value&, const Value&)	0	static
../APP/ui/eez-flow.cpp:1293:20:const char* eez::UINT32_value_type_name(const Value&)	0	static
../APP/ui/eez-flow.cpp:1297:13:bool eez::compare_INT64_value(const Value&, const Value&)	8	static
../APP/ui/eez-flow.cpp:1303:20:const char* eez::INT64_value_type_name(const Value&)	0	static
../APP/ui/eez-flow.cpp:1307:13:bool eez::compare_UINT64_value(const Value&, const Value&)	8	static
../APP/ui/eez-flow.cpp:1313:20:const char* eez::UINT64_value_type_name(const Value&)	0	static
../APP/ui/eez-flow.cpp:1317:13:bool eez::compare_FLOAT_value(const Value&, const Value&)	0	static
../APP/ui/eez-flow.cpp:1392:20:const char* eez::FLOAT_value_type_name(const Value&)	0	static
../APP/ui/eez-flow.cpp:1396:13:bool eez::compare_DOUBLE_value(const Value&, const Value&)	0	static
../APP/ui/eez-flow.cpp:1471:20:const char* eez::DOUBLE_value_type_name(const Value&)	0	static
../APP/ui/eez-flow.cpp:1497:20:const char* eez::STRING_value_type_name(const Value&)	0	static
../APP/ui/eez-flow.cpp:1511:13:bool eez::compare_ARRAY_value(const Value&, const Value&)	0	static
../APP/ui/eez-flow.cpp:1519:20:const char* eez::ARRAY_value_type_name(const Value&)	0	static
../APP/ui/eez-flow.cpp:1523:13:bool eez::compare_ARRAY_ASSET_value(const Value&, const Value&)	0	static
../APP/ui/eez-flow.cpp:1535:13:bool eez::compare_ARRAY_REF_value(const Value&, const Value&)	0	static
../APP/ui/eez-flow.cpp:1557:13:bool eez::compare_BLOB_REF_value(const Value&, const Value&)	0	static
../APP/ui/eez-flow.cpp:1563:20:const char* eez::BLOB_REF_value_type_name(const Value&)	0	static
../APP/ui/eez-flow.cpp:1567:13:bool eez::compare_STREAM_value(const Value&, const Value&)	0	static
../APP/ui/eez-flow.cpp:1573:20:const char* eez::STREAM_value_type_name(const Value&)	0	static
../APP/ui/eez-flow.cpp:1577:13:bool eez::compare_WIDGET_value(const Value&, const Value&)	0	static
../APP/ui/eez-flow.cpp:1583:20:const char* eez::WIDGET_value_type_name(const Value&)	0	static
../APP/ui/eez-flow.cpp:1587:13:bool eez::compare_JSON_value(const Value&, const Value&)	0	static
../APP/ui/eez-flow.cpp:1593:20:const char* eez::JSON_value_type_name(const Value&)	0	static
../APP/ui/eez-flow.cpp:1607:13:bool eez::compare_EVENT_value(const Value&, const Value&)	0	static
../APP/ui/eez-flow.cpp:1613:20:const char* eez::EVENT_value_type_name(const Value&)	0	static
../APP/ui/eez-flow.cpp:1617:20:const char* eez::PROPERTY_REF_value_type_name(const Value&)	0	static
../APP/ui/eez-flow.cpp:1621:13:bool eez::compare_PROPERTY_REF_value(const Value&, const Value&)	0	static
../APP/ui/eez-flow.cpp:1628:13:bool eez::compare_DATE_value(const Value&, const Value&)	0	static
../APP/ui/eez-flow.cpp:1634:20:const char* eez::DATE_value_type_name(const Value&)	0	static
../APP/ui/eez-flow.cpp:1638:13:bool eez::compare_VERSIONED_STRING_value(const Value&, const Value&)	0	static
../APP/ui/eez-flow.cpp:1649:20:const char* eez::VERSIONED_STRING_value_type_name(const Value&)	0	static
../APP/ui/eez-flow.cpp:1680:13:bool eez::compare_FLOW_OUTPUT_value(const Value&, const Value&)	0	static
../APP/ui/eez-flow.cpp:1688:20:const char* eez::FLOW_OUTPUT_value_type_name(const Value&)	0	static
../APP/ui/eez-flow.cpp:1692:13:bool eez::compare_NATIVE_VARIABLE_value(const Value&, const Value&)	0	static
../APP/ui/eez-flow.cpp:1702:20:const char* eez::NATIVE_VARIABLE_value_type_name(const Value&)	0	static
../APP/ui/eez-flow.cpp:1716:20:const char* eez::ERROR_value_type_name(const Value&)	0	static
../APP/ui/eez-flow.cpp:1720:13:bool eez::compare_RANGE_value(const Value&, const Value&)	0	static
../APP/ui/eez-flow.cpp:1732:13:bool eez::compare_POINTER_value(const Value&, const Value&)	0	static
../APP/ui/eez-flow.cpp:1758:13:bool eez::compare_YT_DATA_GET_VALUE_FUNCTION_POINTER_value(const Value&, const Value&)	0	static
../APP/ui/eez-flow.cpp:1761:13:bool eez::compare_IP_ADDRESS_value(const Value&, const Value&)	0	static
../APP/ui/eez-flow.cpp:1771:13:bool eez::compare_TIME_ZONE_value(const Value&, const Value&)	0	static
../APP/ui/eez-flow.cpp:2978:6:void eez::flow::executeLabelInComponent(FlowState*, unsigned int)	0	static
../APP/ui/eez-flow.cpp:5801:13:void eez::flow::writeLogMessage(const char*)	24	static
../APP/ui/eez-flow.cpp:6362:13:void eez::flow::replacePage(int16_t, uint32_t, uint32_t, uint32_t)	0	static
../APP/ui/eez-flow.cpp:6368:13:void eez::flow::showKeyboard(eez::Value, eez::Value, eez::Value, eez::Value, bool, void (*)(char*), void (*)())	0	static
../APP/ui/eez-flow.cpp:6377:13:void eez::flow::showKeypad(eez::Value, eez::Value, eez::Value, eez::Value, eez::Unit, void (*)(float), void (*)())	0	static
../APP/ui/eez-flow.cpp:6410:18:lv_obj_t* eez::flow::getLvglObjectFromIndex(int32_t)	0	static
../APP/ui/eez-flow.cpp:6418:16:int32_t eez::flow::getLvglScreenByName(const char*)	0	static
../APP/ui/eez-flow.cpp:6434:20:const void* eez::flow::getLvglImageByName(const char*)	0	static
../APP/ui/eez-flow.cpp:6446:13:void eez::flow::executeLvglAction(int)	0	static
../APP/ui/eez-flow.cpp:6449:13:void eez::flow::lvglObjAddStyle(lv_obj_t*, int32_t)	0	static
../APP/ui/eez-flow.cpp:6457:13:void eez::flow::lvglSetColorTheme(const char*)	0	static
../APP/ui/eez-flow.cpp:6517:18:lv_obj_t* getLvglObjectFromIndex(int32_t)	0	static
../APP/ui/eez-flow.cpp:6523:20:lv_group_t* getLvglGroupFromIndex(int32_t)	0	static
../APP/ui/eez-flow.cpp:6584:13:void executeLvglAction(int)	0	static
../APP/ui/eez-flow.cpp:6623:13:bool isScreenCreated(int)	8	static
../APP/ui/eez-flow.cpp:3175:8:eez::flow::LVGLExecutionState::~LVGLExecutionState()	0	static
../APP/ui/eez-flow.cpp:2812:8:eez::flow::DelayComponenentExecutionState::~DelayComponenentExecutionState()	0	static
../APP/ui/eez-flow.cpp:2784:8:eez::flow::CounterComponenentExecutionState::~CounterComponenentExecutionState()	0	static
../APP/ui/eez-flow.cpp:2593:8:eez::flow::AnimateComponenentExecutionState::~AnimateComponenentExecutionState()	0	static
../APP/ui/eez-flow.h:1300:8:eez::PropertyRef::~PropertyRef()	0	static
../APP/ui/eez-flow.h:1291:8:eez::LVGLEventRef::~LVGLEventRef()	0	static
../APP/ui/eez-flow.h:1283:5:eez::BlobRef::~BlobRef()	8	static
../APP/ui/eez-flow.h:1266:5:eez::StringRef::~StringRef()	8	static
../APP/ui/eez-flow.cpp:6604:6:void eez_flow_set_theme(const char*)	24	static
../APP/ui/eez-flow.cpp:6569:20:const void* getLvglFontByName(const char*)	24	static
../APP/ui/eez-flow.cpp:6561:20:const void* getLvglImageByName(const char*)	24	static
../APP/ui/eez-flow.cpp:6553:16:int32_t getLvglStyleByName(const char*)	24	static
../APP/ui/eez-flow.cpp:6545:16:int32_t getLvglGroupByName(const char*)	24	static
../APP/ui/eez-flow.cpp:6537:16:int32_t getLvglObjectByName(const char*)	24	static
../APP/ui/eez-flow.cpp:6529:16:int32_t getLvglScreenByName(const char*)	24	static
../APP/ui/eez-flow.cpp:5495:13:void eez::flow::writeArrayType(uint32_t)	64	static
../APP/ui/eez-flow.cpp:5456:13:void eez::flow::writeValueAddr(const void*)	64	static
../APP/ui/eez-flow.cpp:1610:13:void eez::EVENT_value_to_text(const Value&, char*, int)	0	static
../APP/ui/eez-flow.cpp:1580:13:void eez::WIDGET_value_to_text(const Value&, char*, int)	0	static
../APP/ui/eez-flow.cpp:1624:13:void eez::PROPERTY_REF_value_to_text(const Value&, char*, int)	16	static
../APP/ui/eez-flow.cpp:1036:18:float eez_easeOutCubic(float)	16	static
../APP/ui/eez-flow.cpp:1045:18:float eez_easeOutQuart(float)	16	static
../APP/ui/eez-flow.cpp:1054:18:float eez_easeOutQuint(float)	16	static
../APP/ui/eez-flow.cpp:1098:18:float eez_easeOutBack(float)	16	static
../APP/ui/eez-flow.cpp:1060:18:float eez_easeInSine(float)	8	static
../APP/ui/eez-flow.cpp:1066:18:float eez_easeInOutSine(float)	8	static
../APP/ui/eez-flow.cpp:1063:18:float eez_easeOutSine(float)	0	static
../APP/ui/eez-flow.cpp:1084:18:float eez_easeInCirc(float)	16	static
../APP/ui/eez-flow.cpp:1087:18:float eez_easeOutCirc(float)	0	static
../APP/ui/eez-flow.h:1300:8:virtual eez::PropertyRef::~PropertyRef()	8	static
../APP/ui/eez-flow.h:1291:8:virtual eez::LVGLEventRef::~LVGLEventRef()	8	static
../APP/ui/eez-flow.cpp:2593:8:virtual eez::flow::AnimateComponenentExecutionState::~AnimateComponenentExecutionState()	8	static
../APP/ui/eez-flow.cpp:2784:8:virtual eez::flow::CounterComponenentExecutionState::~CounterComponenentExecutionState()	8	static
../APP/ui/eez-flow.cpp:2812:8:virtual eez::flow::DelayComponenentExecutionState::~DelayComponenentExecutionState()	8	static
../APP/ui/eez-flow.cpp:3175:8:virtual eez::flow::LVGLExecutionState::~LVGLExecutionState()	8	static
../APP/ui/eez-flow.h:1283:5:virtual eez::BlobRef::~BlobRef()	8	static
../APP/ui/eez-flow.h:1266:5:virtual eez::StringRef::~StringRef()	8	static
../APP/ui/eez-flow.cpp:3118:13:void eez::flow::anim_callback_set_image_angle(void*, int32_t)	0	static
../APP/ui/eez-flow.cpp:3116:13:void eez::flow::anim_callback_set_image_zoom(void*, int32_t)	0	static
../APP/ui/eez-flow.cpp:3114:13:void eez::flow::anim_callback_set_opacity(void*, int32_t)	0	static
../APP/ui/eez-flow.cpp:3112:13:void eez::flow::anim_callback_set_height(void*, int32_t)	0	static
../APP/ui/eez-flow.cpp:3110:13:void eez::flow::anim_callback_set_width(void*, int32_t)	0	static
../APP/ui/eez-flow.cpp:3108:13:void eez::flow::anim_callback_set_y(void*, int32_t)	0	static
../APP/ui/eez-flow.cpp:3106:13:void eez::flow::anim_callback_set_x(void*, int32_t)	0	static
../APP/ui/eez-flow.cpp:3119:16:int32_t eez::flow::anim_callback_get_image_angle(lv_anim_t*)	0	static
../APP/ui/eez-flow.cpp:3117:16:int32_t eez::flow::anim_callback_get_image_zoom(lv_anim_t*)	0	static
../APP/ui/eez-flow.cpp:3113:16:int32_t eez::flow::anim_callback_get_height(lv_anim_t*)	0	static
../APP/ui/eez-flow.cpp:3111:16:int32_t eez::flow::anim_callback_get_width(lv_anim_t*)	0	static
../APP/ui/eez-flow.cpp:3109:16:int32_t eez::flow::anim_callback_get_y(lv_anim_t*)	0	static
../APP/ui/eez-flow.cpp:3107:16:int32_t eez::flow::anim_callback_get_x(lv_anim_t*)	0	static
../APP/ui/eez-flow.cpp:3986:13:void eez::flow::playAnimation(lv_obj_t*, int32_t, int32_t, int32_t, int32_t, bool, bool, int32_t, lv_anim_exec_xcb_t, lv_anim_get_value_cb_t)	120	static
../APP/ui/eez-flow.cpp:6474:15:double eez::flow::getDateNowDefaultImplementation()	16	static
../APP/ui/eez-flow.cpp:384:13:eez::Unit eez::getDerivedUnit(Unit, float)	12	static
../APP/ui/eez-flow.cpp:1133:18:float eez_easeOutBounce(float)	0	static
../APP/ui/eez-flow.cpp:1130:18:float eez_easeInBounce(float)	8	static
../APP/ui/eez-flow.cpp:1149:18:float eez_easeInOutBounce(float)	8	static
../APP/ui/eez-flow.cpp:5336:13:bool eez::flow::isSubscribedTo(MessagesToDebugger)	8	static
../APP/ui/eez-flow.cpp:6577:20:const char* getLvglObjectNameFromIndex(int32_t)	0	static
../APP/ui/eez-flow.cpp:6626:13:void createScreen(int)	16	static
../APP/ui/eez-flow.cpp:6631:13:void deleteScreen(int)	16	static
../APP/ui/eez-flow.cpp:5343:13:void eez::flow::setDebuggerState(DebuggerState)	272	static
../APP/ui/eez-flow.cpp:1030:18:float eez_easeInOutQuad(float)	0	static
../APP/ui/eez-flow.cpp:1039:18:float eez_easeInOutCubic(float)	16	static
../APP/ui/eez-flow.cpp:1048:18:float eez_easeInOutQuart(float)	16	static
../APP/ui/eez-flow.cpp:1057:18:float eez_easeInOutQuint(float)	16	static
../APP/ui/eez-flow.cpp:1069:18:float eez_easeInExpo(float)	0	static
../APP/ui/eez-flow.cpp:1072:18:float eez_easeOutExpo(float)	16	static
../APP/ui/eez-flow.cpp:1075:18:float eez_easeInOutExpo(float)	16	static
../APP/ui/eez-flow.cpp:1101:18:float eez_easeInOutBack(float)	0	static
../APP/ui/eez-flow.cpp:1106:18:float eez_easeInElastic(float)	24	static
../APP/ui/eez-flow.cpp:1113:18:float eez_easeOutElastic(float)	24	static
../APP/ui/eez-flow.cpp:1120:18:float eez_easeInOutElastic(float)	32	static
../APP/ui/eez-flow.cpp:1090:18:float eez_easeInOutCirc(float)	16	static
../APP/ui/eez-flow.cpp:6668:13:void on_screen_unloaded(lv_event_t*)	8	static
../APP/ui/eez-flow.cpp:6430:16:int32_t eez::flow::getLvglStyleByName(const char*)	0	static
../APP/ui/eez-flow.cpp:1744:13:bool eez::compare_ENUM_value(const Value&, const Value&)	0	static
../APP/ui/eez-flow.cpp:1786:20:const char* eez::YT_DATA_GET_VALUE_FUNCTION_POINTER_value_type_name(const Value&)	0	static
../APP/ui/eez-flow.cpp:1683:13:void eez::FLOW_OUTPUT_value_to_text(const Value&, char*, int)	0	static
../APP/ui/eez-flow.h:1097:10:bool eez::Value::isArray() const	0	static
../APP/ui/eez-flow.h:1094:7:bool eez::Value::isString() const	0	static
../APP/ui/eez-flow.h:1088:7:bool eez::Value::isDouble() const	0	static
../APP/ui/eez-flow.h:1060:10:bool eez::Value::isIndirectValueType() const	0	static
../APP/ui/eez-flow.cpp:1706:13:bool eez::compare_ERROR_value(const Value&, const Value&)	0	static
../APP/ui/eez-flow.cpp:1711:13:void eez::ERROR_value_to_text(const Value&, char*, int)	0	static
../APP/ui/eez-flow.cpp:1723:13:void eez::RANGE_value_to_text(const Value&, char*, int)	0	static
../APP/ui/eez-flow.cpp:1697:13:void eez::NATIVE_VARIABLE_value_to_text(const Value&, char*, int)	0	static
../APP/ui/eez-flow.cpp:1740:20:const char* eez::POINTER_value_type_name(const Value&)	0	static
../APP/ui/eez-flow.cpp:1728:20:const char* eez::RANGE_value_type_name(const Value&)	0	static
../APP/ui/eez-flow.cpp:1735:13:void eez::POINTER_value_to_text(const Value&, char*, int)	0	static
../APP/ui/eez-flow.cpp:1749:13:void eez::ENUM_value_to_text(const Value&, char*, int)	0	static
../APP/ui/eez-flow.cpp:1754:20:const char* eez::ENUM_value_type_name(const Value&)	0	static
../APP/ui/eez-flow.cpp:1767:20:const char* eez::IP_ADDRESS_value_type_name(const Value&)	0	static
../APP/ui/eez-flow.cpp:1777:20:const char* eez::TIME_ZONE_value_type_name(const Value&)	0	static
../APP/ui/eez-flow.cpp:1781:13:void eez::YT_DATA_GET_VALUE_FUNCTION_POINTER_value_to_text(const Value&, char*, int)	0	static
../APP/ui/eez-flow.cpp:6393:13:void eez::flow::writeDebuggerBuffer(const char*, uint32_t)	0	static
../APP/ui/eez-flow.cpp:6414:20:lv_group_t* eez::flow::getLvglGroupFromIndex(int32_t)	0	static
../APP/ui/eez-flow.cpp:6422:16:int32_t eez::flow::getLvglObjectByName(const char*)	0	static
../APP/ui/eez-flow.cpp:6426:16:int32_t eez::flow::getLvglGroupByName(const char*)	0	static
../APP/ui/eez-flow.cpp:6438:20:const void* eez::flow::getLvglFontByName(const char*)	0	static
../APP/ui/eez-flow.cpp:6442:20:const char* eez::flow::getLvglObjectNameFromIndex(int32_t)	0	static
../APP/ui/eez-flow.cpp:6453:13:void eez::flow::lvglObjRemoveStyle(lv_obj_t*, int32_t)	0	static
../APP/ui/eez-flow.cpp:1214:13:void eez::NULL_value_to_text(const Value&, char*, int)	0	static
../APP/ui/eez-flow.cpp:1507:20:const char* eez::STRING_ASSET_value_type_name(const Value&)	0	static
../APP/ui/eez-flow.cpp:1514:13:void eez::ARRAY_value_to_text(const Value&, char*, int)	0	static
../APP/ui/eez-flow.cpp:1526:13:void eez::ARRAY_ASSET_value_to_text(const Value&, char*, int)	0	static
../APP/ui/eez-flow.cpp:1531:20:const char* eez::ARRAY_ASSET_value_type_name(const Value&)	0	static
../APP/ui/eez-flow.cpp:1538:13:void eez::ARRAY_REF_value_to_text(const Value&, char*, int)	0	static
../APP/ui/eez-flow.cpp:1543:20:const char* eez::ARRAY_REF_value_type_name(const Value&)	0	static
../APP/ui/eez-flow.cpp:1553:20:const char* eez::STRING_REF_value_type_name(const Value&)	0	static
../APP/ui/eez-flow.cpp:6397:13:void eez::flow::finishToDebuggerMessage()	0	static
../APP/ui/eez-flow.cpp:6399:13:void eez::flow::onDebuggerInputAvailable()	0	static
../APP/ui/eez-flow.cpp:6389:13:void eez::flow::scpiComponentInit()	0	static
../APP/ui/eez-flow.cpp:6391:13:void eez::flow::startToDebuggerMessage()	0	static
../APP/ui/eez-flow.cpp:6386:13:void eez::flow::stopScript()	0	static
../APP/ui/eez-flow.cpp:3115:16:int32_t eez::flow::anim_callback_get_opacity(lv_anim_t*)	16	static
../APP/ui/eez-flow.cpp:140:15:eez::Theme* eez::getTheme(int)	0	static
../APP/ui/eez-flow.h:918:5:eez::Value::Value()	12	static
../APP/ui/eez-flow.h:1014:10:void eez::Value::freeRef()	8	static
../APP/ui/eez-flow.h:1310:8:eez::JsonMemberValue::~JsonMemberValue()	8	static
../APP/ui/eez-flow.h:1310:8:virtual eez::JsonMemberValue::~JsonMemberValue()	8	static
../APP/ui/eez-flow.h:1305:8:eez::ArrayElementValue::~ArrayElementValue()	8	static
../APP/ui/eez-flow.h:1305:8:virtual eez::ArrayElementValue::~ArrayElementValue()	8	static
../APP/ui/eez-flow.cpp:1663:20:const char* eez::VALUE_PTR_value_type_name(const Value&)	24	static
../APP/ui/eez-flow.h:2356:8:eez::flow::InputActionComponentExecutionState::~InputActionComponentExecutionState()	8	static
../APP/ui/eez-flow.h:2356:8:virtual eez::flow::InputActionComponentExecutionState::~InputActionComponentExecutionState()	8	static
../APP/ui/eez-flow.cpp:3027:8:eez::flow::LoopComponenentExecutionState::~LoopComponenentExecutionState()	8	static
../APP/ui/eez-flow.cpp:3027:8:virtual eez::flow::LoopComponenentExecutionState::~LoopComponenentExecutionState()	8	static
../APP/ui/eez-flow.cpp:5018:8:eez::flow::WatchVariableComponenentExecutionState::~WatchVariableComponenentExecutionState()	8	static
../APP/ui/eez-flow.cpp:5018:8:virtual eez::flow::WatchVariableComponenentExecutionState::~WatchVariableComponenentExecutionState()	8	static
../APP/ui/eez-flow.h:1921:8:eez::flow::CatchErrorComponenentExecutionState::~CatchErrorComponenentExecutionState()	8	static
../APP/ui/eez-flow.h:1921:8:virtual eez::flow::CatchErrorComponenentExecutionState::~CatchErrorComponenentExecutionState()	8	static
../APP/ui/eez-flow.h:1021:12:eez::Value& eez::Value::operator=(const eez::Value&)	16	static
../APP/ui/eez-flow.h:2182:7:bool eez::flow::EvalStack::push(eez::Value*)	24	static
../APP/ui/eez-flow.h:1006:2:eez::Value::Value(const eez::Value&)	8	static
../APP/ui/eez-flow.cpp:4437:1:eez::flow::MQTTEventActionComponenentExecutionState::~MQTTEventActionComponenentExecutionState()	16	static
../APP/ui/eez-flow.cpp:4437:1:virtual eez::flow::MQTTEventActionComponenentExecutionState::~MQTTEventActionComponenentExecutionState()	8	static
../APP/ui/eez-flow.h:1051:10:bool eez::Value::operator==(const eez::Value&) const	0	static
../APP/ui/eez-flow.cpp:1653:13:bool eez::compare_VALUE_PTR_value(const Value&, const Value&)	8	static
../APP/ui/eez-flow.h:1151:6:int eez::Value::getInt() const	0	static
../APP/ui/eez-flow.cpp:1223:13:bool eez::compare_BOOLEAN_value(const Value&, const Value&)	16	static
../APP/ui/eez-flow.cpp:1590:13:void eez::JSON_value_to_text(const Value&, char*, int)	16	static
../APP/ui/eez-flow.cpp:1570:13:void eez::STREAM_value_to_text(const Value&, char*, int)	16	static
../APP/ui/eez-flow.cpp:1560:13:void eez::BLOB_REF_value_to_text(const Value&, char*, int)	16	static
../APP/ui/eez-flow.h:1202:10:void eez::Value::toText(char*, int) const	4	static
../APP/ui/eez-flow.cpp:1656:13:void eez::VALUE_PTR_value_to_text(const Value&, char*, int)	8	static
../APP/ui/eez-flow.h:2189:8:eez::Value eez::flow::EvalStack::pop()	8	static
../APP/ui/eez-flow.h:3030:14:utf8_int8_t* utf8cat(utf8_int8_t*, const utf8_int8_t*)	8	static
../APP/ui/eez-flow.h:3110:14:utf8_int8_t* utf8cpy(utf8_int8_t*, const utf8_int8_t*)	0	static
../APP/ui/eez-flow.h:3181:14:utf8_int8_t* utf8dup_ex(const utf8_int8_t*, utf8_int8_t* (*)(utf8_int8_t*, size_t), utf8_int8_t*)	16	static
../APP/ui/eez-flow.h:3177:14:utf8_int8_t* utf8dup(const utf8_int8_t*)	8	static
../APP/ui/eez-flow.h:3324:14:utf8_int8_t* utf8ncat(utf8_int8_t*, const utf8_int8_t*, size_t)	12	static
../APP/ui/eez-flow.h:3362:14:utf8_int8_t* utf8ncpy(utf8_int8_t*, const utf8_int8_t*, size_t)	12	static
../APP/ui/eez-flow.h:3402:14:utf8_int8_t* utf8ndup_ex(const utf8_int8_t*, size_t, utf8_int8_t* (*)(utf8_int8_t*, size_t), utf8_int8_t*)	16	static
../APP/ui/eez-flow.h:3398:14:utf8_int8_t* utf8ndup(const utf8_int8_t*, size_t)	8	static
../APP/ui/eez-flow.h:3877:1:constexpr utf8_int8_t* utf8codepoint(const utf8_int8_t*, utf8_int32_t*)	0	static
../APP/ui/eez-flow.cpp:5464:13:void eez::flow::writeString(const char*)	80	static
../APP/ui/eez-flow.h:3930:14:utf8_int8_t* utf8catcodepoint(utf8_int8_t*, utf8_int32_t, size_t)	0	static
../APP/ui/eez-flow.h:3811:5:int utf8makevalid(utf8_int8_t*, utf8_int32_t)	24	static
../APP/ui/eez-flow.h:4016:36:constexpr utf8_int32_t utf8lwrcodepoint(utf8_int32_t)	0	static
../APP/ui/eez-flow.h:3982:6:void utf8lwr(utf8_int8_t*)	24	static
../APP/ui/eez-flow.h:4182:36:constexpr utf8_int32_t utf8uprcodepoint(utf8_int32_t)	0	static
../APP/ui/eez-flow.h:3999:6:void utf8upr(utf8_int8_t*)	24	static
../APP/ui/eez-flow.cpp:25:6:void eez::executeActionFunction(int)	0	static
../APP/ui/eez-flow.cpp:48:7:void* eez::alloc(size_t, uint32_t)	0	static
../APP/ui/eez-flow.cpp:56:6:void eez::free(void*)	0	static
../APP/ui/eez-flow.cpp:71:6:void eez::getAllocInfo(uint32_t&, uint32_t&)	48	static
../APP/ui/eez-flow.cpp:43:6:void eez::initAllocHeap(uint8_t*, size_t)	0	static
../APP/ui/eez-flow.cpp:5659:6:0(FlowState*, int, int, unsigned int, int)	320	static
../APP/ui/eez-flow.cpp:97:6:bool eez::decompressAssetsData(const uint8_t*, uint32_t, Assets*, uint32_t, int*)	0	static
../APP/ui/eez-flow.cpp:121:6:void eez::loadMainAssets(const uint8_t*, uint32_t)	16	static
../APP/ui/eez-flow.cpp:137:5:int eez::getThemesCount()	0	static
../APP/ui/eez-flow.cpp:146:13:const char* eez::getThemeName(int)	8	static
../APP/ui/eez-flow.cpp:153:10:uint32_t eez::getThemeColorsCount(int)	8	static
../APP/ui/eez-flow.cpp:160:17:const uint16_t* eez::getThemeColors(int)	8	static
../APP/ui/eez-flow.cpp:168:17:const uint16_t* eez::getColors()	0	static
../APP/ui/eez-flow.cpp:212:6:void eez::initMemory()	0	static
../APP/ui/eez-flow.cpp:216:6:void eez::initAssetsMemory()	0	static
../APP/ui/eez-flow.cpp:221:6:void eez::initOtherMemory()	0	static
../APP/ui/eez-flow.cpp:223:10:uint8_t* eez::allocBuffer(uint32_t)	0	static
../APP/ui/eez-flow.cpp:238:10:uint32_t eez::millis()	0	static
../APP/ui/eez-flow.cpp:362:6:eez::Unit eez::getUnitFromName(const char*)	16	static
../APP/ui/eez-flow.cpp:372:6:eez::Unit eez::getBaseUnit(Unit)	0	static
../APP/ui/eez-flow.cpp:378:7:float eez::getUnitFactor(Unit)	0	static
../APP/ui/eez-flow.cpp:396:6:eez::Unit eez::findDerivedUnit(float, Unit)	16	static
../APP/ui/eez-flow.cpp:433:6:eez::Unit eez::getSmallerUnit(Unit, float, float)	8	static
../APP/ui/eez-flow.cpp:440:6:eez::Unit eez::getBiggestUnit(Unit, float)	16	static
../APP/ui/eez-flow.cpp:452:6:eez::Unit eez::getSmallestUnit(Unit, float, float)	16	static
../APP/ui/eez-flow.cpp:474:7:float eez::remap(float, float, float, float, float)	0	static
../APP/ui/eez-flow.cpp:477:7:float eez::remapQuad(float, float, float, float, float)	0	static
../APP/ui/eez-flow.cpp:483:7:float eez::remapOutQuad(float, float, float, float, float)	0	static
../APP/ui/eez-flow.cpp:489:7:float eez::remapInOutQuad(float, float, float, float, float)	0	static
../APP/ui/eez-flow.cpp:495:7:float eez::remapCubic(float, float, float, float, float)	0	static
../APP/ui/eez-flow.cpp:501:7:float eez::remapOutCubic(float, float, float, float, float)	0	static
../APP/ui/eez-flow.cpp:508:7:float eez::remapExp(float, float, float, float, float)	24	static
../APP/ui/eez-flow.cpp:514:7:float eez::remapOutExp(float, float, float, float, float)	24	static
../APP/ui/eez-flow.cpp:520:7:float eez::clamp(float, float, float)	0	static
../APP/ui/eez-flow.cpp:529:6:void eez::stringCopy(char*, size_t, const char*)	16	static
../APP/ui/eez-flow.cpp:1226:13:void eez::BOOLEAN_value_to_text(const Value&, char*, int)	16	static
../APP/ui/eez-flow.cpp:533:6:void eez::stringCopyLength(char*, size_t, const char*, size_t)	16	static
../APP/ui/eez-flow.cpp:538:6:void eez::stringAppendString(char*, size_t, const char*)	16	static
../APP/ui/eez-flow.cpp:544:6:void eez::stringAppendStringLength(char*, size_t, const char*, size_t)	24	static
../APP/ui/eez-flow.cpp:550:6:void eez::stringAppendInt(char*, size_t, int)	16	static
../APP/ui/eez-flow.cpp:1280:13:void eez::INT32_value_to_text(const Value&, char*, int)	0	static
../APP/ui/eez-flow.cpp:1260:13:void eez::INT16_value_to_text(const Value&, char*, int)	0	static
../APP/ui/eez-flow.cpp:1240:13:void eez::INT8_value_to_text(const Value&, char*, int)	0	static
../APP/ui/eez-flow.cpp:554:6:void eez::stringAppendUInt32(char*, size_t, uint32_t)	16	static
../APP/ui/eez-flow.cpp:1290:13:void eez::UINT32_value_to_text(const Value&, char*, int)	0	static
../APP/ui/eez-flow.cpp:1270:13:void eez::UINT16_value_to_text(const Value&, char*, int)	0	static
../APP/ui/eez-flow.cpp:1250:13:void eez::UINT8_value_to_text(const Value&, char*, int)	0	static
../APP/ui/eez-flow.cpp:558:6:void eez::stringAppendInt64(char*, size_t, int64_t)	32	static
../APP/ui/eez-flow.cpp:1300:13:void eez::INT64_value_to_text(const Value&, char*, int)	0	static
../APP/ui/eez-flow.cpp:562:6:void eez::stringAppendUInt64(char*, size_t, uint64_t)	32	static
../APP/ui/eez-flow.cpp:1310:13:void eez::UINT64_value_to_text(const Value&, char*, int)	0	static
../APP/ui/eez-flow.cpp:566:6:void eez::stringAppendFloat(char*, size_t, float)	32	static
../APP/ui/eez-flow.cpp:570:6:void eez::stringAppendFloat(char*, size_t, float, int)	32	static
../APP/ui/eez-flow.cpp:1320:13:void eez::FLOAT_value_to_text(const Value&, char*, int)	40	static
../APP/ui/eez-flow.cpp:574:6:void eez::stringAppendDouble(char*, size_t, double)	32	static
../APP/ui/eez-flow.cpp:578:6:void eez::stringAppendDouble(char*, size_t, double, int)	32	static
../APP/ui/eez-flow.cpp:1399:13:void eez::DOUBLE_value_to_text(const Value&, char*, int)	40	static
../APP/ui/eez-flow.cpp:582:6:void eez::stringAppendVoltage(char*, size_t, float)	32	static
../APP/ui/eez-flow.cpp:586:6:void eez::stringAppendCurrent(char*, size_t, float)	32	static
../APP/ui/eez-flow.cpp:590:6:void eez::stringAppendPower(char*, size_t, float)	32	static
../APP/ui/eez-flow.cpp:594:6:void eez::stringAppendDuration(char*, size_t, float)	32	static
../APP/ui/eez-flow.cpp:602:6:void eez::stringAppendLoad(char*, size_t, float)	32	static
../APP/ui/eez-flow.cpp:612:10:uint32_t eez::crc32(const uint8_t*, size_t)	8	static
../APP/ui/eez-flow.cpp:624:9:uint8_t eez::toBCD(uint8_t)	0	static
../APP/ui/eez-flow.cpp:627:9:uint8_t eez::fromBCD(uint8_t)	0	static
../APP/ui/eez-flow.cpp:630:7:float eez::roundPrec(float, float)	0	static
../APP/ui/eez-flow.cpp:634:7:float eez::floorPrec(float, float)	0	static
../APP/ui/eez-flow.cpp:638:7:float eez::ceilPrec(float, float)	0	static
../APP/ui/eez-flow.cpp:642:6:bool eez::isNaN(float)	0	static
../APP/ui/eez-flow.cpp:645:6:bool eez::isNaN(double)	0	static
../APP/ui/eez-flow.cpp:648:6:bool eez::isDigit(char)	0	static
../APP/ui/eez-flow.cpp:651:6:bool eez::isHexDigit(char)	0	static
../APP/ui/eez-flow.cpp:654:6:bool eez::isUperCaseLetter(char)	0	static
../APP/ui/eez-flow.cpp:657:6:char eez::toHexDigit(int)	0	static
../APP/ui/eez-flow.cpp:5522:13:void eez::flow::writeHex(char*, uint8_t*, size_t)	24	static
../APP/ui/eez-flow.cpp:664:5:int eez::fromHexDigit(char)	0	static
../APP/ui/eez-flow.cpp:673:6:bool eez::pointInsideRect(int, int, int, int, int, int)	8	static
../APP/ui/eez-flow.cpp:676:6:void eez::getParentDir(const char*, char*)	16	static
../APP/ui/eez-flow.cpp:688:6:bool eez::parseMacAddress(const char*, size_t, uint8_t*)	32	static
../APP/ui/eez-flow.cpp:758:5:int eez::getIpAddressPartA(uint32_t)	0	static
../APP/ui/eez-flow.cpp:761:6:void eez::setIpAddressPartA(uint32_t*, uint8_t)	0	static
../APP/ui/eez-flow.cpp:764:5:int eez::getIpAddressPartB(uint32_t)	0	static
../APP/ui/eez-flow.cpp:767:6:void eez::setIpAddressPartB(uint32_t*, uint8_t)	0	static
../APP/ui/eez-flow.cpp:770:5:int eez::getIpAddressPartC(uint32_t)	0	static
../APP/ui/eez-flow.cpp:773:6:void eez::setIpAddressPartC(uint32_t*, uint8_t)	0	static
../APP/ui/eez-flow.cpp:776:5:int eez::getIpAddressPartD(uint32_t)	0	static
../APP/ui/eez-flow.cpp:779:6:void eez::setIpAddressPartD(uint32_t*, uint8_t)	0	static
../APP/ui/eez-flow.cpp:782:6:void eez::ipAddressToArray(uint32_t, uint8_t*)	0	static
../APP/ui/eez-flow.cpp:788:10:uint32_t eez::arrayToIpAddress(uint8_t*)	8	static
../APP/ui/eez-flow.cpp:723:6:bool eez::parseIpAddress(const char*, size_t, uint32_t&)	40	static
../APP/ui/eez-flow.cpp:791:10:uint32_t eez::getIpAddress(uint8_t, uint8_t, uint8_t, uint8_t)	8	static
../APP/ui/eez-flow.cpp:799:6:void eez::ipAddressToString(uint32_t, char*, size_t)	24	static
../APP/ui/eez-flow.cpp:1764:13:void eez::IP_ADDRESS_value_to_text(const Value&, char*, int)	0	static
../APP/ui/eez-flow.cpp:804:6:void eez::macAddressToString(const uint8_t*, char*)	16	static
../APP/ui/eez-flow.cpp:811:6:void eez::formatTimeZone(int16_t, char*, int)	24	static
../APP/ui/eez-flow.cpp:1774:13:void eez::TIME_ZONE_value_to_text(const Value&, char*, int)	0	static
../APP/ui/eez-flow.cpp:827:6:bool eez::parseTimeZone(const char*, size_t, int16_t&)	20	static
../APP/ui/eez-flow.cpp:899:6:void eez::replaceCharacter(char*, char, char)	0	static
../APP/ui/eez-flow.cpp:907:5:int eez::strcicmp(const char*, const char*)	24	static
../APP/ui/eez-flow.cpp:914:5:int eez::strncicmp(const char*, const char*, int)	24	static
../APP/ui/eez-flow.cpp:922:6:bool eez::isStringEmpty(const char*)	8	static
../APP/ui/eez-flow.cpp:930:6:bool eez::startsWith(const char*, const char*)	16	static
../APP/ui/eez-flow.cpp:939:6:bool eez::startsWithNoCase(const char*, const char*)	16	static
../APP/ui/eez-flow.cpp:948:6:bool eez::endsWith(const char*, const char*)	16	static
../APP/ui/eez-flow.cpp:957:6:bool eez::endsWithNoCase(const char*, const char*)	16	static
../APP/ui/eez-flow.cpp:966:6:void eez::formatBytes(uint64_t, char*, int)	88	static
../APP/ui/eez-flow.cpp:977:6:void eez::getFileName(const char*, char*, unsigned int)	24	static
../APP/ui/eez-flow.cpp:992:6:void eez::getBaseFileName(const char*, char*, unsigned int)	24	static
../APP/ui/eez-flow.cpp:1846:10:uint16_t eez::getPageIndexFromValue(const Value&)	0	static
../APP/ui/eez-flow.cpp:1849:10:uint16_t eez::getNumPagesFromValue(const Value&)	0	static
../APP/ui/eez-flow.cpp:1852:7:eez::Value eez::MakeRangeValue(uint16_t, uint16_t)	16	static
../APP/ui/eez-flow.cpp:1859:7:eez::Value eez::MakeEnumDefinitionValue(uint8_t, uint8_t)	16	static
../APP/ui/eez-flow.cpp:1876:19:const eez::ArrayValue* eez::Value::getArray() const	0	static
../APP/ui/eez-flow.cpp:1885:13:eez::ArrayValue* eez::Value::getArray()	0	static
../APP/ui/eez-flow.cpp:2268:7:static eez::Value eez::Value::makeArrayRef(int, int, uint32_t)	40	static
../APP/ui/eez-flow.cpp:2286:7:static eez::Value eez::Value::makeArrayElementRef(eez::Value, int, uint32_t)	40	static
../APP/ui/eez-flow.cpp:2300:7:static eez::Value eez::Value::makeJsonMemberRef(eez::Value, eez::Value, uint32_t)	48	static
../APP/ui/eez-flow.cpp:2357:7:static eez::Value eez::Value::makeLVGLEventRef(uint32_t, void*, void*, int32_t, uint32_t, int32_t, int32_t, uint32_t)	40	static
../APP/ui/eez-flow.cpp:2376:7:static eez::Value eez::Value::makePropertyRef(eez::flow::FlowState*, int, int, uint32_t)	40	static
../APP/ui/eez-flow.cpp:2415:7:eez::Value eez::getVar(int16_t)	8	static
../APP/ui/eez-flow.cpp:2556:6:void eez::flow::registerComponent(defs_v3::ComponentTypes, ExecuteComponentFunctionType)	0	static
../APP/ui/eez-flow.cpp:3433:13:const char* eez::flow::getFullObjectName(FlowState*, const char*)	24	static
../APP/ui/eez-flow.cpp:4681:5:int eez_mqtt_init(const char*, const char*, int, const char*, const char*, void**)	0	static
../APP/ui/eez-flow.cpp:4690:5:int eez_mqtt_deinit(void*)	0	static
../APP/ui/eez-flow.cpp:4694:5:int eez_mqtt_connect(void*)	0	static
../APP/ui/eez-flow.cpp:4698:5:int eez_mqtt_disconnect(void*)	0	static
../APP/ui/eez-flow.cpp:4702:5:int eez_mqtt_subscribe(void*, const char*)	0	static
../APP/ui/eez-flow.cpp:4707:5:int eez_mqtt_unsubscribe(void*, const char*)	0	static
../APP/ui/eez-flow.cpp:4712:5:int eez_mqtt_publish(void*, const char*, const char*)	0	static
../APP/ui/eez-flow.cpp:4911:6:void eez::flow::sortArray(SortArrayActionComponent*, eez::ArrayValue*)	0	static
../APP/ui/eez-flow.cpp:5109:6:eez::flow::date::Date eez::flow::date::makeDate(int, int, int, int, int, int, int)	36	static
../APP/ui/eez-flow.cpp:5104:6:eez::flow::date::Date eez::flow::date::fromString(const char*)	64	static
../APP/ui/eez-flow.cpp:5254:13:eez::flow::date::Date eez::flow::date::timeChangeRuleToLocal(TimeChangeRule&, int)	40	static
../APP/ui/eez-flow.cpp:5132:6:void eez::flow::date::breakDate(Date, int&, int&, int&, int&, int&, int&, int&)	32	static
../APP/ui/eez-flow.cpp:5082:6:void eez::flow::date::toString(Date, char*, uint32_t)	72	static
../APP/ui/eez-flow.cpp:5087:6:void eez::flow::date::toLocaleString(Date, char*, uint32_t)	80	static
../APP/ui/eez-flow.cpp:1631:13:void eez::DATE_value_to_text(const Value&, char*, int)	16	static
../APP/ui/eez-flow.cpp:5236:13:bool eez::flow::date::isDst(Date, DstRule)	88	static
../APP/ui/eez-flow.cpp:5174:5:int eez::flow::date::getYear(Date)	64	static
../APP/ui/eez-flow.cpp:5179:5:int eez::flow::date::getMonth(Date)	64	static
../APP/ui/eez-flow.cpp:5184:5:int eez::flow::date::getDay(Date)	64	static
../APP/ui/eez-flow.cpp:5189:5:int eez::flow::date::getHours(Date)	64	static
../APP/ui/eez-flow.cpp:5194:5:int eez::flow::date::getMinutes(Date)	64	static
../APP/ui/eez-flow.cpp:5199:5:int eez::flow::date::getSeconds(Date)	64	static
../APP/ui/eez-flow.cpp:5204:5:int eez::flow::date::getMilliseconds(Date)	64	static
../APP/ui/eez-flow.cpp:5209:6:eez::flow::date::Date eez::flow::date::utcToLocal(Date)	16	static
../APP/ui/eez-flow.cpp:5079:6:eez::flow::date::Date eez::flow::date::now()	8	static
../APP/ui/eez-flow.cpp:5216:6:eez::flow::date::Date eez::flow::date::localToUtc(Date)	16	static
../APP/ui/eez-flow.cpp:5333:6:void eez::flow::setDebuggerMessageSubsciptionFilter(uint32_t)	0	static
../APP/ui/eez-flow.cpp:5356:6:void eez::flow::onDebuggerClientConnected()	0	static
../APP/ui/eez-flow.cpp:5362:6:void eez::flow::onDebuggerClientDisconnected()	0	static
../APP/ui/eez-flow.cpp:5656:6:void eez::flow::onStopped()	0	static
../APP/ui/eez-flow.cpp:5659:6:void eez::flow::onAddToQueue(FlowState*, int, int, unsigned int, int)	24	static
../APP/ui/eez-flow.cpp:5678:6:void eez::flow::onRemoveFromQueue()	264	static
../APP/ui/eez-flow.cpp:5741:6:void eez::flow::onFlowStateDestroyed(FlowState*)	272	static
../APP/ui/eez-flow.cpp:5751:6:void eez::flow::onFlowStateTimelineChanged(FlowState*)	280	static
../APP/ui/eez-flow.cpp:5762:6:void eez::flow::onFlowError(FlowState*, int, const char*)	280	static
../APP/ui/eez-flow.cpp:5777:6:void eez::flow::onComponentExecutionStateChanged(FlowState*, int)	288	static
../APP/ui/eez-flow.cpp:5789:6:void eez::flow::onComponentAsyncStateChanged(FlowState*, int)	288	static
../APP/ui/eez-flow.cpp:5831:6:void eez::flow::logInfo(FlowState*, unsigned int, const char*)	288	static
../APP/ui/eez-flow.cpp:5845:6:void eez::flow::logScpiCommand(FlowState*, unsigned int, const char*)	288	static
../APP/ui/eez-flow.cpp:5858:6:void eez::flow::logScpiQuery(FlowState*, unsigned int, const char*)	288	static
../APP/ui/eez-flow.cpp:5871:6:void eez::flow::logScpiQueryResult(FlowState*, unsigned int, const char*, size_t)	296	static
../APP/ui/eez-flow.cpp:6214:6:void eez::flow::stop(eez::Assets*)	0	static
../APP/ui/eez-flow.cpp:6239:6:bool eez::flow::isFlowStopped()	0	static
../APP/ui/eez-flow.cpp:6242:10:unsigned int eez::flow::getTickMaxDurationCounter()	0	static
../APP/ui/eez-flow.cpp:6265:5:int eez::flow::getPageIndex(FlowState*)	0	static
../APP/ui/eez-flow.cpp:6268:5:int eez::flow::getPageIndexIncludeParents(FlowState*)	0	static
../APP/ui/eez-flow.cpp:6274:6:void eez::flow::deletePageFlowState(eez::Assets*, int16_t)	0	static
../APP/ui/eez-flow.cpp:6587:19:void eez_flow_init_themes(const char**, size_t, void (*)(uint32_t), uint32_t*, size_t)	8	static
../APP/ui/eez-flow.cpp:6594:6:void eez_flow_init_fonts(const ext_font_desc_t*, size_t)	0	static
../APP/ui/eez-flow.cpp:6598:6:void eez_flow_set_create_screen_func(void (*)(int))	0	static
../APP/ui/eez-flow.cpp:6601:6:void eez_flow_set_delete_screen_func(void (*)(int))	0	static
../APP/ui/eez-flow.cpp:6620:20:int16_t eez_flow_get_current_screen()	0	static
../APP/ui/eez-flow.cpp:6636:17:void eez_flow_set_screen(int16_t, lv_screen_load_anim_t, uint32_t, uint32_t)	8	static
../APP/ui/eez-flow.cpp:6640:17:void eez_flow_push_screen(int16_t, lv_screen_load_anim_t, uint32_t, uint32_t)	24	static
../APP/ui/eez-flow.cpp:6650:17:void eez_flow_pop_screen(lv_screen_load_anim_t, uint32_t, uint32_t)	8	static
../APP/ui/eez-flow.cpp:6656:6:void eez_flow_create_screen(int16_t)	0	static
../APP/ui/eez-flow.cpp:6660:6:void eez_flow_delete_screen(int16_t)	0	static
../APP/ui/eez-flow.cpp:6664:6:bool eez_flow_is_screen_created(int16_t)	0	static
../APP/ui/eez-flow.cpp:6674:6:void eez_flow_delete_screen_on_unload(int)	8	static
../APP/ui/eez-flow.cpp:6708:17:void eez_flow_init_styles(void (*)(lv_obj_t*, int32_t), void (*)(lv_obj_t*, int32_t))	0	static
../APP/ui/eez-flow.cpp:6715:6:void eez_flow_init_groups(lv_group_t**, size_t)	0	static
../APP/ui/eez-flow.cpp:6719:6:void eez_flow_init_screen_names(const char**, size_t)	0	static
../APP/ui/eez-flow.cpp:6723:6:void eez_flow_init_object_names(const char**, size_t)	0	static
../APP/ui/eez-flow.cpp:6727:6:void eez_flow_init_group_names(const char**, size_t)	0	static
../APP/ui/eez-flow.cpp:6731:6:void eez_flow_init_style_names(const char**, size_t)	0	static
../APP/ui/eez-flow.cpp:6738:17:bool eez_flow_is_stopped()	0	static
../APP/ui/eez-flow.cpp:6917:18:float getTimelinePosition(void*)	0	static
../APP/ui/eez-flow.cpp:6930:6:void deletePageFlowState(unsigned int)	0	static
../APP/ui/eez-flow.cpp:6933:16:int compareRollerOptions(lv_roller_t*, const char*, const char*, lv_roller_mode_t)	16	static
../APP/ui/eez-flow.cpp:6956:10:uint32_t eez_flow_get_selected_theme_index()	0	static
../APP/ui/eez-flow.cpp:6959:10:uint32_t eez_flow_get_theme_color(uint32_t)	0	static
../APP/ui/eez-flow.cpp:9294:6:void eez::flow::incRefCounterForFlowState(FlowState*)	0	static
../APP/ui/eez-flow.cpp:9303:6:void eez::flow::decRefCounterForFlowState(FlowState*)	0	static
../APP/ui/eez-flow.cpp:9312:6:bool eez::flow::canFreeFlowState(FlowState*)	0	static
../APP/ui/eez-flow.cpp:9519:6:void eez::flow::startAsyncExecution(FlowState*, int)	16	static
../APP/ui/eez-flow.cpp:6321:14:eez::flow::AsyncAction* eez::flow::beginAsyncExecution()	16	static
../APP/ui/eez-flow.cpp:9634:13:const char* eez::flow::FlowError::getMessage(char*, size_t, int, int) const	56	static
../APP/ui/eez-flow.cpp:9732:6:void eez::flow::enableThrowError(bool)	0	static
../APP/ui/eez-flow.cpp:9756:6:void eez::flow::queueReset()	0	static
../APP/ui/eez-flow.cpp:9763:8:size_t eez::flow::getQueueSize()	0	static
../APP/ui/eez-flow.cpp:9775:8:size_t eez::flow::getMaxQueueSize()	0	static
../APP/ui/eez-flow.cpp:9799:6:bool eez::flow::peekNextTaskFromQueue(FlowState*&, unsigned int&, bool&)	12	static
../APP/ui/eez-flow.cpp:9808:6:void eez::flow::removeNextTaskFromQueue()	16	static
../APP/ui/eez-flow.cpp:9819:6:bool eez::flow::isInQueue(FlowState*, unsigned int)	20	static
../APP/ui/eez-flow.cpp:9835:6:void eez::flow::removeTasksFromQueueForFlowState(FlowState*)	20	static
../APP/ui/eez-flow.cpp:9870:16:eez::flow::WatchListNode* eez::flow::watchListAdd(FlowState*, unsigned int)	24	static
../APP/ui/eez-flow.cpp:9887:6:void eez::flow::watchListRemove(WatchListNode*)	8	static
../APP/ui/eez-flow.cpp:9916:6:void eez::flow::watchListReset()	8	static
../APP/ui/eez-flow.cpp:9923:6:void eez::flow::removeWatchesForFlowState(FlowState*)	16	static
../APP/ui/eez-flow.cpp:9932:10:unsigned int eez::flow::getWatchListSize()	0	static
../APP/ui/eez-flow.h:216:14:static void eez::ObjectAllocator<T>::deallocate(T*) [with T = eez::StringRef]	8	static
../APP/ui/eez-flow.cpp:2226:7:static eez::Value eez::Value::makeStringRef(const char*, int, uint32_t)	48	static
../APP/ui/eez-flow.h:216:14:static void eez::ObjectAllocator<T>::deallocate(T*) [with T = eez::BlobRef]	8	static
../APP/ui/eez-flow.cpp:2314:7:static eez::Value eez::Value::makeBlobRef(const uint8_t*, uint32_t, uint32_t)	40	static
../APP/ui/eez-flow.cpp:2337:7:static eez::Value eez::Value::makeBlobRef(const uint8_t*, uint32_t, const uint8_t*, uint32_t, uint32_t)	56	static
../APP/ui/eez-flow.h:1526:8:T* eez::ListOfAssetsPtr<T>::item(int) [with T = eez::Component]	0	static
../APP/ui/eez-flow.cpp:2561:6:bool eez::flow::hasExecFunc(FlowState*, unsigned int)	8	static
../APP/ui/eez-flow.cpp:5410:6:bool eez::flow::canExecuteStep(FlowState*&, unsigned int&)	16	static
../APP/ui/eez-flow.cpp:9375:6:void eez::flow::deallocateComponentExecutionState(FlowState*, unsigned int)	24	static
../APP/ui/eez-flow.cpp:4433:6:void eez::flow::onFreeMQTTConnection(eez::ArrayValue*)	16	static
../APP/ui/eez-flow.cpp:6345:6:void eez::flow::onArrayValueFree(eez::ArrayValue*)	0	static
../APP/ui/eez-flow.cpp:1814:1:eez::ArrayValueRef::~ArrayValueRef()	16	static
../APP/ui/eez-flow.cpp:1814:1:virtual eez::ArrayValueRef::~ArrayValueRef()	8	static
../APP/ui/eez-flow.cpp:9321:6:void eez::flow::freeFlowState(FlowState*)	24	static
../APP/ui/eez-flow.h:2468:5:eez::flow::LVGLUserWidgetExecutionState::~LVGLUserWidgetExecutionState()	8	static
../APP/ui/eez-flow.h:2468:5:virtual eez::flow::LVGLUserWidgetExecutionState::~LVGLUserWidgetExecutionState()	8	static
../APP/ui/eez-flow.cpp:9366:6:void eez::flow::freeAllChildrenFlowStates(FlowState*)	16	static
../APP/ui/eez-flow.cpp:9526:6:void eez::flow::endAsyncExecution(FlowState*, int)	16	static
../APP/ui/eez-flow.h:1962:4:T* eez::flow::allocateComponentExecutionState(FlowState*, unsigned int) [with T = LVGLExecutionState]	16	static
../APP/ui/eez-flow.h:1512:8:T* eez::AssetsPtr<T>::ptr() [with T = eez::FlowDefinition]	0	static
../APP/ui/eez-flow.h:1512:8:T* eez::AssetsPtr<T>::ptr() [with T = unsigned char]	0	static
../APP/ui/eez-flow.cpp:9146:13:bool eez::flow::isComponentReadyToRun(FlowState*, unsigned int)	64	static
../APP/ui/eez-flow.h:1526:8:T* eez::ListOfAssetsPtr<T>::item(int) [with T = eez::Value]	0	static
../APP/ui/eez-flow.cpp:6286:7:eez::Value eez::flow::getGlobalVariable(eez::Assets*, uint32_t)	24	static
../APP/ui/eez-flow.cpp:6283:7:eez::Value eez::flow::getGlobalVariable(uint32_t)	8	static
../APP/ui/eez-flow.cpp:6298:6:void eez::flow::setGlobalVariable(eez::Assets*, uint32_t, const eez::Value&)	24	static
../APP/ui/eez-flow.cpp:6295:6:void eez::flow::setGlobalVariable(uint32_t, const eez::Value&)	0	static
../APP/ui/eez-flow.h:1526:8:T* eez::ListOfAssetsPtr<T>::item(int) [with T = eez::Flow]	0	static
../APP/ui/eez-flow.cpp:5366:6:void eez::flow::processDebuggerInput(char*, uint32_t)	48	static
../APP/ui/eez-flow.h:1529:14:const T* eez::ListOfAssetsPtr<T>::item(int) const [with T = eez::Property]	0	static
../APP/ui/eez-flow.h:1526:8:T* eez::ListOfAssetsPtr<T>::item(int) [with T = eez::Language]	0	static
../APP/ui/eez-flow.h:1526:8:T* eez::ListOfAssetsPtr<T>::item(int) [with T = eez::Property]	0	static
../APP/ui/eez-flow.cpp:6095:6:bool eez::flow::evalAssignableProperty(FlowState*, int, int, eez::Value&, const FlowError&, int*, const int32_t*)	328	static
../APP/ui/eez-flow.cpp:2670:6:void eez::flow::executeCallAction(FlowState*, unsigned int, int, const eez::Value&)	96	static
../APP/ui/eez-flow.cpp:9405:6:void eez::flow::propagateValue(FlowState*, unsigned int, unsigned int, const eez::Value&)	72	static
../APP/ui/eez-flow.cpp:6761:17:void flowPropagateValueInt32(void*, unsigned int, unsigned int, int32_t)	24	static
../APP/ui/eez-flow.cpp:6764:17:void flowPropagateValueUint32(void*, unsigned int, unsigned int, uint32_t)	24	static
../APP/ui/eez-flow.cpp:6767:19:void flowPropagateValueLVGLEvent(void*, unsigned int, unsigned int, lv_event_t*)	80	static
../APP/ui/eez-flow.cpp:9425:6:void eez::flow::propagateValue(FlowState*, unsigned int, unsigned int)	16	static
../APP/ui/eez-flow.cpp:6758:17:void flowPropagateValue(void*, unsigned int, unsigned int)	0	static
../APP/ui/eez-flow.cpp:9429:6:void eez::flow::propagateValueThroughSeqout(FlowState*, unsigned int)	24	static
../APP/ui/eez-flow.cpp:2851:6:void eez::flow::executeEndComponent(FlowState*, unsigned int)	0	static
../APP/ui/eez-flow.cpp:2992:6:void eez::flow::executeLabelOutComponent(FlowState*, unsigned int)	8	static
../APP/ui/eez-flow.cpp:4195:6:void eez::flow::executeLVGLApiComponent(FlowState*, unsigned int)	40	static
../APP/ui/eez-flow.cpp:4850:6:void eez::flow::executeShowPageComponent(FlowState*, unsigned int)	16	static
../APP/ui/eez-flow.cpp:4951:6:void eez::flow::executeStartComponent(FlowState*, unsigned int)	0	static
../APP/ui/eez-flow.cpp:6328:6:void eez::flow::endAsyncExecution(AsyncAction*)	8	static
../APP/ui/eez-flow.cpp:4724:6:void eez::flow::executeNoopComponent(FlowState*, unsigned int)	0	static
../APP/ui/eez-flow.cpp:2725:6:void eez::flow::executeCatchErrorComponent(FlowState*, unsigned int)	16	static
../APP/ui/eez-flow.cpp:2771:6:void eez::flow::executeConstantComponent(FlowState*, unsigned int)	16	static
../APP/ui/eez-flow.cpp:4734:6:void eez::flow::executeOnEventComponent(FlowState*, unsigned int)	16	static
../APP/ui/eez-flow.cpp:9584:6:void eez::flow::throwError(FlowState*, int, const char*)	64	static
../APP/ui/eez-flow.cpp:2571:6:void eez::flow::executeComponent(FlowState*, unsigned int)	128	static
../APP/ui/eez-flow.cpp:9727:6:void eez::flow::throwError(FlowState*, int, const FlowError&)	536	static
../APP/ui/eez-flow.cpp:2898:6:bool eez::flow::getCallActionValue(FlowState*, unsigned int, eez::Value&)	64	static
../APP/ui/eez-flow.cpp:9778:6:bool eez::flow::addToQueue(FlowState*, unsigned int, int, int, int, bool)	32	static
../APP/ui/eez-flow.cpp:9544:6:void eez::flow::onEvent(FlowState*, FlowEvent, eez::Value)	56	static
../APP/ui/eez-flow.h:2174:7:bool eez::flow::EvalStack::push(const eez::Value&)	0	static
../APP/ui/eez-flow.cpp:5925:13:void eez::flow::evalExpression(FlowState*, const uint8_t*, int*)	120	static
../APP/ui/eez-flow.cpp:6021:6:bool eez::flow::evalExpression(FlowState*, int, const uint8_t*, eez::Value&, const FlowError&, int*, const int32_t*)	96	static
../APP/ui/eez-flow.cpp:6077:6:bool eez::flow::evalProperty(FlowState*, int, int, eez::Value&, const FlowError&, int*, const int32_t*)	328	static
../APP/ui/eez-flow.cpp:2391:7:eez::Value eez::Value::evalProperty() const	64	static
../APP/ui/eez-flow.h:1316:14:eez::Value eez::Value::getValue() const	8	static
../APP/ui/eez-flow.cpp:1597:13:bool eez::compare_JSON_MEMBER_VALUE_value(const Value&, const Value&)	40	static
../APP/ui/eez-flow.cpp:1670:13:bool eez::compare_ARRAY_ELEMENT_VALUE_value(const Value&, const Value&)	0	static
../APP/ui/eez-flow.cpp:1600:13:void eez::JSON_MEMBER_VALUE_value_to_text(const Value&, char*, int)	32	static
../APP/ui/eez-flow.cpp:1673:13:void eez::ARRAY_ELEMENT_VALUE_value_to_text(const Value&, char*, int)	0	static
../APP/ui/eez-flow.cpp:1603:20:const char* eez::JSON_MEMBER_VALUE_value_type_name(const Value&)	24	static
../APP/ui/eez-flow.cpp:1676:20:const char* eez::ARRAY_ELEMENT_VALUE_value_type_name(const Value&)	0	static
../APP/ui/eez-flow.cpp:1866:13:const char* eez::Value::getString() const	24	static
../APP/ui/eez-flow.cpp:1475:13:bool eez::compare_STRING_value(const Value&, const Value&)	16	static
../APP/ui/eez-flow.cpp:1501:13:bool eez::compare_STRING_ASSET_value(const Value&, const Value&)	0	static
../APP/ui/eez-flow.cpp:1547:13:bool eez::compare_STRING_REF_value(const Value&, const Value&)	0	static
../APP/ui/eez-flow.cpp:1489:13:void eez::STRING_value_to_text(const Value&, char*, int)	16	static
../APP/ui/eez-flow.cpp:1504:13:void eez::STRING_ASSET_value_to_text(const Value&, char*, int)	0	static
../APP/ui/eez-flow.cpp:1641:13:void eez::VERSIONED_STRING_value_to_text(const Value&, char*, int)	0	static
../APP/ui/eez-flow.cpp:1550:13:void eez::STRING_REF_value_to_text(const Value&, char*, int)	0	static
../APP/ui/eez-flow.cpp:2248:7:static eez::Value eez::Value::concatenateString(const eez::Value&, const eez::Value&)	48	static
../APP/ui/eez-flow.cpp:2397:7:eez::Value eez::Value::clone()	56	static
../APP/ui/eez-flow.cpp:9130:6:void eez::flow::initGlobalVariables(eez::Assets*)	40	static
../APP/ui/eez-flow.cpp:1894:8:double eez::Value::toDouble(int*) const	40	static
../APP/ui/eez-flow.cpp:4865:12:int eez::flow::elementCompare(const void*, const void*)	88	static
../APP/ui/eez-flow.cpp:1950:7:float eez::Value::toFloat(int*) const	40	static
../APP/ui/eez-flow.cpp:8416:15:size_t eez::flow::do_string_format(FormatType, const eez::Value&, char*, size_t, const char*)	32	static
../APP/ui/eez-flow.cpp:2003:9:int32_t eez::Value::toInt32(int*) const	40	static
../APP/ui/eez-flow.cpp:2059:9:int64_t eez::Value::toInt64(int*) const	40	static
../APP/ui/eez-flow.cpp:2112:6:bool eez::Value::toBool(int*) const	40	static
../APP/ui/eez-flow.cpp:2439:6:void eez::setVar(int16_t, const Value&)	8	static
../APP/ui/eez-flow.cpp:2178:7:eez::Value eez::Value::toString(uint32_t) const	96	static
../APP/ui/eez-flow.cpp:1820:6:bool eez::assignValue(Value&, const Value&, uint32_t)	32	static
../APP/ui/eez-flow.cpp:5687:6:0(const eez::Value*)	288	static
../APP/ui/eez-flow.cpp:5687:6:void eez::flow::onValueChanged(const eez::Value*)	8	static
../APP/ui/eez-flow.cpp:5530:13:void eez::flow::writeValue(const eez::Value&)	112	static
../APP/ui/eez-flow.cpp:5626:6:0(eez::Assets*)	296	static
../APP/ui/eez-flow.cpp:5626:6:void eez::flow::onStarted(eez::Assets*)	8	static
../APP/ui/eez-flow.cpp:6135:10:unsigned int eez::flow::start(eez::Assets*)	8	static
../APP/ui/eez-flow.cpp:5698:6:void eez::flow::onFlowStateCreated(FlowState*)	304	static
../APP/ui/eez-flow.cpp:9203:19:eez::flow::FlowState* eez::flow::initFlowState(eez::Assets*, int, FlowState*, int, const eez::Value&)	88	static
../APP/ui/eez-flow.cpp:9280:12:eez::flow::FlowState* eez::flow::initActionFlowState(int, FlowState*, int, const eez::Value&)	16	static
../APP/ui/eez-flow.cpp:9287:12:eez::flow::FlowState* eez::flow::initPageFlowState(eez::Assets*, int, FlowState*, int)	48	static
../APP/ui/eez-flow.cpp:6245:12:eez::flow::FlowState* eez::flow::getPageFlowState(eez::Assets*, int16_t)	16	static
../APP/ui/eez-flow.cpp:6755:17:void flowOnPageLoaded(unsigned int)	0	static
../APP/ui/eez-flow.cpp:5884:6:0(int, int, bool, bool)	280	static
../APP/ui/eez-flow.cpp:5884:6:void eez::flow::onPageChanged(int, int, bool, bool)	12	static
../APP/ui/eez-flow.cpp:6744:6:void replacePageHook(int16_t, uint32_t, uint32_t, uint32_t)	40	static
../APP/ui/eez-flow.cpp:6682:17:void eez_flow_init(const uint8_t*, uint32_t, lv_obj_t**, size_t, const ext_img_desc_t*, size_t, void (**)(lv_event_t*))	8	static
../APP/ui/eez-flow.cpp:9387:6:void eez::flow::resetSequenceInputs(FlowState*)	48	static
../APP/ui/eez-flow.cpp:9515:6:void eez::flow::clearInputValue(FlowState*, int)	32	static
../APP/ui/eez-flow.cpp:4217:31:eez::flow::LVGLUserWidgetExecutionState* eez::flow::createUserWidgetFlowState(FlowState*, unsigned int)	56	static
../APP/ui/eez-flow.cpp:6920:7:void* getFlowState(void*, unsigned int)	8	static
../APP/ui/eez-flow.cpp:4232:6:void eez::flow::executeLVGLUserWidgetComponent(FlowState*, unsigned int)	56	static
../APP/ui/eez-flow.cpp:6973:7:eez::Value eez::flow::op_add(const eez::Value&, const eez::Value&)	248	static
../APP/ui/eez-flow.cpp:7355:13:void eez::flow::do_OPERATION_TYPE_ADD(EvalStack&)	72	static
../APP/ui/eez-flow.cpp:7024:7:eez::Value eez::flow::op_sub(const eez::Value&, const eez::Value&)	56	static
../APP/ui/eez-flow.cpp:7364:13:void eez::flow::do_OPERATION_TYPE_SUB(EvalStack&)	72	static
../APP/ui/eez-flow.cpp:7050:7:eez::Value eez::flow::op_mul(const eez::Value&, const eez::Value&)	56	static
../APP/ui/eez-flow.cpp:7373:13:void eez::flow::do_OPERATION_TYPE_MUL(EvalStack&)	72	static
../APP/ui/eez-flow.cpp:7076:7:eez::Value eez::flow::op_div(const eez::Value&, const eez::Value&)	56	static
../APP/ui/eez-flow.cpp:7382:13:void eez::flow::do_OPERATION_TYPE_DIV(EvalStack&)	72	static
../APP/ui/eez-flow.cpp:7109:7:eez::Value eez::flow::op_mod(const eez::Value&, const eez::Value&)	72	static
../APP/ui/eez-flow.cpp:7391:13:void eez::flow::do_OPERATION_TYPE_MOD(EvalStack&)	72	static
../APP/ui/eez-flow.cpp:7142:7:eez::Value eez::flow::op_left_shift(const eez::Value&, const eez::Value&)	48	static
../APP/ui/eez-flow.cpp:7400:13:void eez::flow::do_OPERATION_TYPE_LEFT_SHIFT(EvalStack&)	72	static
../APP/ui/eez-flow.cpp:7162:7:eez::Value eez::flow::op_right_shift(const eez::Value&, const eez::Value&)	48	static
../APP/ui/eez-flow.cpp:7409:13:void eez::flow::do_OPERATION_TYPE_RIGHT_SHIFT(EvalStack&)	72	static
../APP/ui/eez-flow.cpp:7182:7:eez::Value eez::flow::op_binary_and(const eez::Value&, const eez::Value&)	48	static
../APP/ui/eez-flow.cpp:7418:13:void eez::flow::do_OPERATION_TYPE_BINARY_AND(EvalStack&)	72	static
../APP/ui/eez-flow.cpp:7202:7:eez::Value eez::flow::op_binary_or(const eez::Value&, const eez::Value&)	48	static
../APP/ui/eez-flow.cpp:7427:13:void eez::flow::do_OPERATION_TYPE_BINARY_OR(EvalStack&)	72	static
../APP/ui/eez-flow.cpp:7222:7:eez::Value eez::flow::op_binary_xor(const eez::Value&, const eez::Value&)	48	static
../APP/ui/eez-flow.cpp:7436:13:void eez::flow::do_OPERATION_TYPE_BINARY_XOR(EvalStack&)	72	static
../APP/ui/eez-flow.cpp:7242:13:bool eez::flow::is_equal(const eez::Value&, const eez::Value&)	48	static
../APP/ui/eez-flow.cpp:7301:7:eez::Value eez::flow::op_eq(const eez::Value&, const eez::Value&)	16	static
../APP/ui/eez-flow.cpp:7445:13:void eez::flow::do_OPERATION_TYPE_EQUAL(EvalStack&)	56	static
../APP/ui/eez-flow.cpp:7310:7:eez::Value eez::flow::op_neq(const eez::Value&, const eez::Value&)	16	static
../APP/ui/eez-flow.cpp:7450:13:void eez::flow::do_OPERATION_TYPE_NOT_EQUAL(EvalStack&)	56	static
../APP/ui/eez-flow.cpp:7285:13:bool eez::flow::is_less(const eez::Value&, const eez::Value&)	56	static
../APP/ui/eez-flow.cpp:7319:7:eez::Value eez::flow::op_less(const eez::Value&, const eez::Value&)	16	static
../APP/ui/eez-flow.cpp:7455:13:void eez::flow::do_OPERATION_TYPE_LESS(EvalStack&)	56	static
../APP/ui/eez-flow.cpp:7298:13:bool eez::flow::is_great(const eez::Value&, const eez::Value&)	16	static
../APP/ui/eez-flow.cpp:7328:7:eez::Value eez::flow::op_great(const eez::Value&, const eez::Value&)	16	static
../APP/ui/eez-flow.cpp:7460:13:void eez::flow::do_OPERATION_TYPE_GREATER(EvalStack&)	56	static
../APP/ui/eez-flow.cpp:7337:7:eez::Value eez::flow::op_less_eq(const eez::Value&, const eez::Value&)	16	static
../APP/ui/eez-flow.cpp:7465:13:void eez::flow::do_OPERATION_TYPE_LESS_OR_EQUAL(EvalStack&)	56	static
../APP/ui/eez-flow.cpp:7346:7:eez::Value eez::flow::op_great_eq(const eez::Value&, const eez::Value&)	16	static
../APP/ui/eez-flow.cpp:7470:13:void eez::flow::do_OPERATION_TYPE_GREATER_OR_EQUAL(EvalStack&)	56	static
../APP/ui/eez-flow.cpp:8910:13:void eez::flow::do_OPERATION_TYPE_LVGL_COLOR_LIGHTEN(EvalStack&)	64	static
../APP/ui/eez-flow.cpp:8895:13:void eez::flow::do_OPERATION_TYPE_LVGL_COLOR_DARKEN(EvalStack&)	64	static
../APP/ui/eez-flow.cpp:9006:13:void eez::flow::do_OPERATION_TYPE_EVENT_GET_ROTARY_DIFF(EvalStack&)	40	static
../APP/ui/eez-flow.cpp:8997:13:void eez::flow::do_OPERATION_TYPE_EVENT_GET_GESTURE_DIR(EvalStack&)	40	static
../APP/ui/eez-flow.cpp:8988:13:void eez::flow::do_OPERATION_TYPE_EVENT_GET_KEY(EvalStack&)	40	static
../APP/ui/eez-flow.cpp:8979:13:void eez::flow::do_OPERATION_TYPE_EVENT_GET_USER_DATA(EvalStack&)	40	static
../APP/ui/eez-flow.cpp:8970:13:void eez::flow::do_OPERATION_TYPE_EVENT_GET_TARGET(EvalStack&)	40	static
../APP/ui/eez-flow.cpp:8961:13:void eez::flow::do_OPERATION_TYPE_EVENT_GET_CURRENT_TARGET(EvalStack&)	40	static
../APP/ui/eez-flow.cpp:8952:13:void eez::flow::do_OPERATION_TYPE_EVENT_GET_CODE(EvalStack&)	40	static
../APP/ui/eez-flow.cpp:8527:13:void eez::flow::do_OPERATION_TYPE_STRING_FORMAT_PREFIX(EvalStack&)	72	static
../APP/ui/eez-flow.cpp:8439:13:void eez::flow::do_OPERATION_TYPE_STRING_FORMAT(EvalStack&)	80	static
../APP/ui/eez-flow.cpp:8662:13:void eez::flow::do_OPERATION_TYPE_STRING_CODE_POINT_AT(EvalStack&)	72	static
../APP/ui/eez-flow.cpp:8644:13:void eez::flow::do_OPERATION_TYPE_STRING_FROM_CODE_POINT(EvalStack&)	72	static
../APP/ui/eez-flow.cpp:8052:13:void eez::flow::do_OPERATION_TYPE_MATH_POW(EvalStack&)	80	static
../APP/ui/eez-flow.cpp:7928:13:void eez::flow::do_OPERATION_TYPE_DATE_MAKE(EvalStack&)	120	static
../APP/ui/eez-flow.cpp:7916:13:void eez::flow::do_OPERATION_TYPE_DATE_GET_MILLISECONDS(EvalStack&)	40	static
../APP/ui/eez-flow.cpp:7904:13:void eez::flow::do_OPERATION_TYPE_DATE_GET_SECONDS(EvalStack&)	40	static
../APP/ui/eez-flow.cpp:7892:13:void eez::flow::do_OPERATION_TYPE_DATE_GET_MINUTES(EvalStack&)	40	static
../APP/ui/eez-flow.cpp:7880:13:void eez::flow::do_OPERATION_TYPE_DATE_GET_HOURS(EvalStack&)	40	static
../APP/ui/eez-flow.cpp:7868:13:void eez::flow::do_OPERATION_TYPE_DATE_GET_DAY(EvalStack&)	40	static
../APP/ui/eez-flow.cpp:7856:13:void eez::flow::do_OPERATION_TYPE_DATE_GET_MONTH(EvalStack&)	40	static
../APP/ui/eez-flow.cpp:7844:13:void eez::flow::do_OPERATION_TYPE_DATE_GET_YEAR(EvalStack&)	40	static
../APP/ui/eez-flow.cpp:7812:13:void eez::flow::do_OPERATION_TYPE_DATE_TO_LOCALE_STRING(EvalStack&)	168	static
../APP/ui/eez-flow.cpp:8883:13:void eez::flow::do_OPERATION_TYPE_ARRAY_CLONE(EvalStack&)	40	static
../APP/ui/eez-flow.cpp:8847:13:void eez::flow::do_OPERATION_TYPE_ARRAY_REMOVE(EvalStack&)	96	static
../APP/ui/eez-flow.cpp:8804:13:void eez::flow::do_OPERATION_TYPE_ARRAY_INSERT(EvalStack&)	120	static
../APP/ui/eez-flow.cpp:8780:13:void eez::flow::do_OPERATION_TYPE_ARRAY_APPEND(EvalStack&)	72	static
../APP/ui/eez-flow.cpp:8704:13:void eez::flow::do_OPERATION_TYPE_ARRAY_SLICE(EvalStack&)	88	static
../APP/ui/eez-flow.cpp:8686:13:void eez::flow::do_OPERATION_TYPE_ARRAY_LENGTH(EvalStack&)	40	static
../APP/ui/eez-flow.cpp:8600:13:void eez::flow::do_OPERATION_TYPE_STRING_SPLIT(EvalStack&)	96	static
../APP/ui/eez-flow.cpp:8550:13:void eez::flow::do_OPERATION_TYPE_STRING_PAD_START(EvalStack&)	152	static
../APP/ui/eez-flow.cpp:8364:13:void eez::flow::do_OPERATION_TYPE_STRING_FIND(EvalStack&)	96	static
../APP/ui/eez-flow.cpp:8305:13:void eez::flow::do_OPERATION_TYPE_STRING_SUBSTRING(EvalStack&)	104	static
../APP/ui/eez-flow.cpp:8291:13:void eez::flow::do_OPERATION_TYPE_STRING_LENGTH(EvalStack&)	40	static
../APP/ui/eez-flow.cpp:8276:13:void eez::flow::do_OPERATION_TYPE_MATH_MAX(EvalStack&)	64	static
../APP/ui/eez-flow.cpp:8261:13:void eez::flow::do_OPERATION_TYPE_MATH_MIN(EvalStack&)	64	static
../APP/ui/eez-flow.cpp:8229:13:void eez::flow::do_OPERATION_TYPE_MATH_ROUND(EvalStack&)	80	static
../APP/ui/eez-flow.cpp:8201:13:void eez::flow::do_OPERATION_TYPE_MATH_CEIL(EvalStack&)	48	static
../APP/ui/eez-flow.cpp:8181:13:void eez::flow::do_OPERATION_TYPE_MATH_FLOOR(EvalStack&)	48	static
../APP/ui/eez-flow.cpp:8149:13:void eez::flow::do_OPERATION_TYPE_MATH_ABS(EvalStack&)	40	static
../APP/ui/eez-flow.cpp:8125:13:void eez::flow::do_OPERATION_TYPE_MATH_LOG10(EvalStack&)	48	static
../APP/ui/eez-flow.cpp:8101:13:void eez::flow::do_OPERATION_TYPE_MATH_LOG(EvalStack&)	48	static
../APP/ui/eez-flow.cpp:8028:13:void eez::flow::do_OPERATION_TYPE_MATH_COS(EvalStack&)	48	static
../APP/ui/eez-flow.cpp:8004:13:void eez::flow::do_OPERATION_TYPE_MATH_SIN(EvalStack&)	48	static
../APP/ui/eez-flow.cpp:7830:13:void eez::flow::do_OPERATION_TYPE_DATE_FROM_STRING(EvalStack&)	56	static
../APP/ui/eez-flow.cpp:7794:13:void eez::flow::do_OPERATION_TYPE_DATE_TO_STRING(EvalStack&)	168	static
../APP/ui/eez-flow.cpp:7643:13:void eez::flow::do_OPERATION_TYPE_FLOW_MAKE_ARRAY_VALUE(EvalStack&)	136	static
../APP/ui/eez-flow.cpp:7565:13:void eez::flow::do_OPERATION_TYPE_BINARY_ONE_COMPLEMENT(EvalStack&)	40	static
../APP/ui/eez-flow.cpp:7537:13:void eez::flow::do_OPERATION_TYPE_UNARY_MINUS(EvalStack&)	40	static
../APP/ui/eez-flow.cpp:7509:13:void eez::flow::do_OPERATION_TYPE_UNARY_PLUS(EvalStack&)	40	static
../APP/ui/eez-flow.cpp:7492:13:void eez::flow::do_OPERATION_TYPE_LOGICAL_OR(EvalStack&)	64	static
../APP/ui/eez-flow.cpp:7475:13:void eez::flow::do_OPERATION_TYPE_LOGICAL_AND(EvalStack&)	56	static
../APP/ui/eez-flow.cpp:2787:6:void eez::flow::executeCounterComponent(FlowState*, unsigned int)	80	static
../APP/ui/eez-flow.cpp:3008:6:void eez::flow::executeLogComponent(FlowState*, unsigned int)	80	static
../APP/ui/eez-flow.cpp:4808:6:void eez::flow::executeSetColorThemeComponent(FlowState*, unsigned int)	80	static
../APP/ui/eez-flow.cpp:6309:7:eez::Value eez::flow::getUserProperty(unsigned int)	64	static
../APP/ui/eez-flow.cpp:6333:7:eez::Value eez::flow::getUserPropertyAsync(AsyncAction*, unsigned int)	72	static
../APP/ui/eez-flow.cpp:6818:24:const char* _evalTextProperty(void*, unsigned int, unsigned int, const char*, const char*, int)	88	static
../APP/ui/eez-flow.cpp:6865:13:const char* _evalStringArrayPropertyAndJoin(void*, unsigned int, unsigned int, const char*, const char*, const char*, int)	96	static
../APP/ui/eez-flow.cpp:2868:6:void eez::flow::executeErrorComponent(FlowState*, unsigned int)	88	static
../APP/ui/eez-flow.cpp:4517:6:void eez::flow::executeMQTTConnectComponent(FlowState*, unsigned int)	344	static
../APP/ui/eez-flow.cpp:4537:6:void eez::flow::executeMQTTDisconnectComponent(FlowState*, unsigned int)	344	static
../APP/ui/eez-flow.cpp:4586:6:void eez::flow::executeMQTTSubscribeComponent(FlowState*, unsigned int)	368	static
../APP/ui/eez-flow.cpp:4614:6:void eez::flow::executeMQTTUnsubscribeComponent(FlowState*, unsigned int)	368	static
../APP/ui/eez-flow.cpp:4642:6:void eez::flow::executeMQTTPublishComponent(FlowState*, unsigned int)	384	static
../APP/ui/eez-flow.cpp:4781:6:void eez::flow::executeSelectLanguageComponent(FlowState*, unsigned int)	352	static
../APP/ui/eez-flow.cpp:6826:20:int32_t _evalIntegerProperty(void*, unsigned int, unsigned int, const char*, const char*, int)	88	static
../APP/ui/eez-flow.cpp:6839:21:uint32_t _evalUnsignedIntegerProperty(void*, unsigned int, unsigned int, const char*, const char*, int)	88	static
../APP/ui/eez-flow.cpp:6852:17:bool _evalBooleanProperty(void*, unsigned int, unsigned int, const char*, const char*, int)	88	static
../APP/ui/eez-flow.cpp:2599:6:void eez::flow::executeAnimateComponent(FlowState*, unsigned int)	152	static
../APP/ui/eez-flow.cpp:2815:6:void eez::flow::executeDelayComponent(FlowState*, unsigned int)	104	static
../APP/ui/eez-flow.cpp:3624:1:void eez::flow::changeToPreviousScreen(FlowState*, unsigned int, const eez::ListOfAssetsPtr<eez::Property>&, uint32_t)	152	static
../APP/ui/eez-flow.cpp:3856:1:void eez::flow::arcRotateObjToAngle(FlowState*, unsigned int, const eez::ListOfAssetsPtr<eez::Property>&, uint32_t)	136	static
../APP/ui/eez-flow.cpp:4105:1:void eez::flow::tabviewSetActiveTab(FlowState*, unsigned int, const eez::ListOfAssetsPtr<eez::Property>&, uint32_t)	144	static
../APP/ui/eez-flow.cpp:3714:1:void eez::flow::objStyleSetProperty(FlowState*, unsigned int, const eez::ListOfAssetsPtr<eez::Property>&, uint32_t)	192	static
../APP/ui/eez-flow.cpp:3902:1:void eez::flow::qrCodeUpdate(FlowState*, unsigned int, const eez::ListOfAssetsPtr<eez::Property>&, uint32_t)	112	static
../APP/ui/eez-flow.cpp:3934:1:void eez::flow::sliderSetRange(FlowState*, unsigned int, const eez::ListOfAssetsPtr<eez::Property>&, uint32_t)	144	static
../APP/ui/eez-flow.cpp:3928:1:void eez::flow::sliderSetValueLeft(FlowState*, unsigned int, const eez::ListOfAssetsPtr<eez::Property>&, uint32_t)	144	static
../APP/ui/eez-flow.cpp:4095:1:void eez::flow::buttonMatrixClearButtonCtrl(FlowState*, unsigned int, const eez::ListOfAssetsPtr<eez::Property>&, uint32_t)	144	static
../APP/ui/eez-flow.cpp:4085:1:void eez::flow::buttonMatrixSetButtonCtrl(FlowState*, unsigned int, const eez::ListOfAssetsPtr<eez::Property>&, uint32_t)	144	static
../APP/ui/eez-flow.cpp:4066:1:void eez::flow::calendarSetHighlightedDate(FlowState*, unsigned int, const eez::ListOfAssetsPtr<eez::Property>&, uint32_t)	160	static
../APP/ui/eez-flow.cpp:4060:1:void eez::flow::calendarSetShowedDate(FlowState*, unsigned int, const eez::ListOfAssetsPtr<eez::Property>&, uint32_t)	144	static
../APP/ui/eez-flow.cpp:4053:1:void eez::flow::calendarSetTodayDate(FlowState*, unsigned int, const eez::ListOfAssetsPtr<eez::Property>&, uint32_t)	160	static
../APP/ui/eez-flow.cpp:4044:1:void eez::flow::deleteScreen(FlowState*, unsigned int, const eez::ListOfAssetsPtr<eez::Property>&, uint32_t)	96	static
../APP/ui/eez-flow.cpp:4040:1:void eez::flow::createScreen(FlowState*, unsigned int, const eez::ListOfAssetsPtr<eez::Property>&, uint32_t)	96	static
../APP/ui/eez-flow.cpp:4036:1:void eez::flow::animImageAngle(FlowState*, unsigned int, const eez::ListOfAssetsPtr<eez::Property>&, uint32_t)	248	static
../APP/ui/eez-flow.cpp:4032:1:void eez::flow::animImageZoom(FlowState*, unsigned int, const eez::ListOfAssetsPtr<eez::Property>&, uint32_t)	248	static
../APP/ui/eez-flow.cpp:4028:1:void eez::flow::animOpacity(FlowState*, unsigned int, const eez::ListOfAssetsPtr<eez::Property>&, uint32_t)	248	static
../APP/ui/eez-flow.cpp:4024:1:void eez::flow::animHeight(FlowState*, unsigned int, const eez::ListOfAssetsPtr<eez::Property>&, uint32_t)	248	static
../APP/ui/eez-flow.cpp:4020:1:void eez::flow::animWidth(FlowState*, unsigned int, const eez::ListOfAssetsPtr<eez::Property>&, uint32_t)	248	static
../APP/ui/eez-flow.cpp:4016:1:void eez::flow::animY(FlowState*, unsigned int, const eez::ListOfAssetsPtr<eez::Property>&, uint32_t)	248	static
../APP/ui/eez-flow.cpp:4012:1:void eez::flow::animX(FlowState*, unsigned int, const eez::ListOfAssetsPtr<eez::Property>&, uint32_t)	248	static
../APP/ui/eez-flow.cpp:3972:1:void eez::flow::groupSetEditing(FlowState*, unsigned int, const eez::ListOfAssetsPtr<eez::Property>&, uint32_t)	112	static
../APP/ui/eez-flow.cpp:3967:1:void eez::flow::groupSetWrap(FlowState*, unsigned int, const eez::ListOfAssetsPtr<eez::Property>&, uint32_t)	112	static
../APP/ui/eez-flow.cpp:3962:1:void eez::flow::groupFocusFreeze(FlowState*, unsigned int, const eez::ListOfAssetsPtr<eez::Property>&, uint32_t)	112	static
../APP/ui/eez-flow.cpp:3953:1:void eez::flow::groupFocusPrev(FlowState*, unsigned int, const eez::ListOfAssetsPtr<eez::Property>&, uint32_t)	96	static
../APP/ui/eez-flow.cpp:3949:1:void eez::flow::groupFocusNext(FlowState*, unsigned int, const eez::ListOfAssetsPtr<eez::Property>&, uint32_t)	96	static
../APP/ui/eez-flow.cpp:3945:1:void eez::flow::groupFocusObj(FlowState*, unsigned int, const eez::ListOfAssetsPtr<eez::Property>&, uint32_t)	96	static
../APP/ui/eez-flow.cpp:3940:1:void eez::flow::keyboardSetTextarea(FlowState*, unsigned int, const eez::ListOfAssetsPtr<eez::Property>&, uint32_t)	112	static
../APP/ui/eez-flow.cpp:3922:1:void eez::flow::sliderSetValue(FlowState*, unsigned int, const eez::ListOfAssetsPtr<eez::Property>&, uint32_t)	144	static
../APP/ui/eez-flow.cpp:3912:1:void eez::flow::rollerSetSelected(FlowState*, unsigned int, const eez::ListOfAssetsPtr<eez::Property>&, uint32_t)	144	static
../APP/ui/eez-flow.cpp:3897:1:void eez::flow::labelSetText(FlowState*, unsigned int, const eez::ListOfAssetsPtr<eez::Property>&, uint32_t)	112	static
../APP/ui/eez-flow.cpp:3892:1:void eez::flow::imageSetZoom(FlowState*, unsigned int, const eez::ListOfAssetsPtr<eez::Property>&, uint32_t)	112	static
../APP/ui/eez-flow.cpp:3887:1:void eez::flow::imageSetAngle(FlowState*, unsigned int, const eez::ListOfAssetsPtr<eez::Property>&, uint32_t)	112	static
../APP/ui/eez-flow.cpp:3877:1:void eez::flow::imageSetSrc(FlowState*, unsigned int, const eez::ListOfAssetsPtr<eez::Property>&, uint32_t)	112	static
../APP/ui/eez-flow.cpp:3868:1:void eez::flow::dropdownSetSelected(FlowState*, unsigned int, const eez::ListOfAssetsPtr<eez::Property>&, uint32_t)	112	static
../APP/ui/eez-flow.cpp:3862:1:void eez::flow::barSetValue(FlowState*, unsigned int, const eez::ListOfAssetsPtr<eez::Property>&, uint32_t)	144	static
../APP/ui/eez-flow.cpp:3851:1:void eez::flow::arcSetValue(FlowState*, unsigned int, const eez::ListOfAssetsPtr<eez::Property>&, uint32_t)	112	static
../APP/ui/eez-flow.cpp:3840:1:void eez::flow::objClearState(FlowState*, unsigned int, const eez::ListOfAssetsPtr<eez::Property>&, uint32_t)	112	static
../APP/ui/eez-flow.cpp:3835:1:void eez::flow::objAddState(FlowState*, unsigned int, const eez::ListOfAssetsPtr<eez::Property>&, uint32_t)	112	static
../APP/ui/eez-flow.cpp:3829:1:void eez::flow::objSetStateDisabled(FlowState*, unsigned int, const eez::ListOfAssetsPtr<eez::Property>&, uint32_t)	112	static
../APP/ui/eez-flow.cpp:3823:1:void eez::flow::objSetStateChecked(FlowState*, unsigned int, const eez::ListOfAssetsPtr<eez::Property>&, uint32_t)	112	static
../APP/ui/eez-flow.cpp:3812:1:void eez::flow::objClearFlag(FlowState*, unsigned int, const eez::ListOfAssetsPtr<eez::Property>&, uint32_t)	112	static
../APP/ui/eez-flow.cpp:3807:1:void eez::flow::objAddFlag(FlowState*, unsigned int, const eez::ListOfAssetsPtr<eez::Property>&, uint32_t)	112	static
../APP/ui/eez-flow.cpp:3801:1:void eez::flow::objSetFlagHidden(FlowState*, unsigned int, const eez::ListOfAssetsPtr<eez::Property>&, uint32_t)	112	static
../APP/ui/eez-flow.cpp:3796:1:void eez::flow::objRemoveStyle(FlowState*, unsigned int, const eez::ListOfAssetsPtr<eez::Property>&, uint32_t)	112	static
../APP/ui/eez-flow.cpp:3791:1:void eez::flow::objAddStyle(FlowState*, unsigned int, const eez::ListOfAssetsPtr<eez::Property>&, uint32_t)	112	static
../APP/ui/eez-flow.cpp:3781:1:void eez::flow::objSetStyleOpa(FlowState*, unsigned int, const eez::ListOfAssetsPtr<eez::Property>&, uint32_t)	112	static
../APP/ui/eez-flow.cpp:3696:1:void eez::flow::objSetHeight(FlowState*, unsigned int, const eez::ListOfAssetsPtr<eez::Property>&, uint32_t)	112	static
../APP/ui/eez-flow.cpp:3678:1:void eez::flow::objSetWidth(FlowState*, unsigned int, const eez::ListOfAssetsPtr<eez::Property>&, uint32_t)	112	static
../APP/ui/eez-flow.cpp:3648:1:void eez::flow::objSetY(FlowState*, unsigned int, const eez::ListOfAssetsPtr<eez::Property>&, uint32_t)	112	static
../APP/ui/eez-flow.cpp:3630:1:void eez::flow::objSetX(FlowState*, unsigned int, const eez::ListOfAssetsPtr<eez::Property>&, uint32_t)	112	static
../APP/ui/eez-flow.cpp:3608:1:void eez::flow::changeScreen(FlowState*, unsigned int, const eez::ListOfAssetsPtr<eez::Property>&, uint32_t)	184	static
../APP/ui/eez-flow.cpp:3178:6:void eez::flow::executeLVGLComponent(FlowState*, unsigned int)	184	static
../APP/ui/eez-flow.cpp:6046:6:bool eez::flow::evalAssignableExpression(FlowState*, int, const uint8_t*, eez::Value&, const FlowError&, int*, const int32_t*)	56	static
../APP/ui/eez-flow.cpp:7585:13:void eez::flow::do_OPERATION_TYPE_NOT(EvalStack&)	48	static
../APP/ui/eez-flow.cpp:7599:13:void eez::flow::do_OPERATION_TYPE_CONDITIONAL(EvalStack&)	88	static
../APP/ui/eez-flow.cpp:7618:13:void eez::flow::do_OPERATION_TYPE_FLOW_INDEX(EvalStack&)	48	static
../APP/ui/eez-flow.cpp:7691:13:void eez::flow::do_OPERATION_TYPE_FLOW_TRANSLATE(EvalStack&)	56	static
../APP/ui/eez-flow.cpp:7729:13:void eez::flow::do_OPERATION_TYPE_FLOW_PARSE_INTEGER(EvalStack&)	48	static
../APP/ui/eez-flow.cpp:7771:13:void eez::flow::do_OPERATION_TYPE_FLOW_TO_INTEGER(EvalStack&)	0	static
../APP/ui/eez-flow.cpp:8765:13:void eez::flow::do_OPERATION_TYPE_ARRAY_ALLOCATE(EvalStack&)	48	static
../APP/ui/eez-flow.cpp:8928:13:void eez::flow::do_OPERATION_TYPE_BLOB_ALLOCATE(EvalStack&)	48	static
../APP/ui/eez-flow.cpp:7743:13:void eez::flow::do_OPERATION_TYPE_FLOW_PARSE_FLOAT(EvalStack&)	48	static
../APP/ui/eez-flow.cpp:7757:13:void eez::flow::do_OPERATION_TYPE_FLOW_PARSE_DOUBLE(EvalStack&)	48	static
../APP/ui/eez-flow.cpp:7615:13:void eez::flow::do_OPERATION_TYPE_SYSTEM_GET_TICK(EvalStack&)	24	static
../APP/ui/eez-flow.cpp:7636:13:void eez::flow::do_OPERATION_TYPE_FLOW_IS_PAGE_ACTIVE(EvalStack&)	24	static
../APP/ui/eez-flow.cpp:7640:13:void eez::flow::do_OPERATION_TYPE_FLOW_PAGE_TIMELINE_POSITION(EvalStack&)	24	static
../APP/ui/eez-flow.cpp:7682:13:void eez::flow::do_OPERATION_TYPE_FLOW_LANGUAGES(EvalStack&)	64	static
../APP/ui/eez-flow.cpp:7791:13:void eez::flow::do_OPERATION_TYPE_DATE_NOW(EvalStack&)	24	static
../APP/ui/eez-flow.cpp:8892:13:void eez::flow::do_OPERATION_TYPE_LVGL_METER_TICK_INDEX(EvalStack&)	24	static
../APP/ui/eez-flow.cpp:7785:13:void eez::flow::do_OPERATION_TYPE_FLOW_GET_BITMAP_INDEX(EvalStack&)	24	static
../APP/ui/eez-flow.cpp:7788:13:void eez::flow::do_OPERATION_TYPE_FLOW_GET_BITMAP_AS_DATA_URL(EvalStack&)	0	static
../APP/ui/eez-flow.cpp:8925:13:void eez::flow::do_OPERATION_TYPE_CRYPTO_SHA256(EvalStack&)	0	static
../APP/ui/eez-flow.cpp:8943:13:void eez::flow::do_OPERATION_TYPE_BLOB_TO_STRING(EvalStack&)	0	static
../APP/ui/eez-flow.cpp:8946:13:void eez::flow::do_OPERATION_TYPE_JSON_GET(EvalStack&)	0	static
../APP/ui/eez-flow.cpp:8949:13:void eez::flow::do_OPERATION_TYPE_JSON_CLONE(EvalStack&)	0	static
../APP/ui/eez-flow.cpp:7710:13:void eez::flow::do_OPERATION_TYPE_FLOW_THEMES(EvalStack&)	64	static
../APP/ui/eez-flow.cpp:7719:13:void eez::flow::do_OPERATION_TYPE_FLOW_GET_THEME_COLOR(EvalStack&)	40	static
../APP/ui/eez-flow.cpp:2934:6:void eez::flow::executeInputComponent(FlowState*, unsigned int)	32	static
../APP/ui/eez-flow.cpp:4748:6:void eez::flow::executeOutputComponent(FlowState*, unsigned int)	72	static
../APP/ui/eez-flow.cpp:2741:6:void eez::flow::executeCompareComponent(FlowState*, unsigned int)	120	static
../APP/ui/eez-flow.cpp:4962:6:void eez::flow::executeSwitchComponent(FlowState*, unsigned int)	136	static
../APP/ui/eez-flow.cpp:2882:6:void eez::flow::executeEvalExprComponent(FlowState*, unsigned int)	80	static
../APP/ui/eez-flow.cpp:2952:6:void eez::flow::executeIsTrueComponent(FlowState*, unsigned int)	112	static
../APP/ui/eez-flow.cpp:4915:6:void eez::flow::executeSortArrayComponent(FlowState*, unsigned int)	112	static
../APP/ui/eez-flow.cpp:5022:6:void eez::flow::executeWatchVariableComponent(FlowState*, unsigned int)	88	static
../APP/ui/eez-flow.cpp:9901:6:void eez::flow::visitWatchList()	16	static
../APP/ui/eez-flow.cpp:6151:6:void eez::flow::tick()	72	static
../APP/ui/eez-flow.cpp:6735:17:void eez_flow_tick()	0	static
../APP/ui/eez-flow.cpp:4557:6:void eez::flow::executeMQTTEventComponent(FlowState*, unsigned int)	96	static
../APP/ui/eez-flow.cpp:2709:6:void eez::flow::executeCallActionComponent(FlowState*, unsigned int)	48	static
../APP/ui/eez-flow.cpp:9438:6:void eez::flow::assignValue(FlowState*, int, eez::Value&, const eez::Value&)	192	static
../APP/ui/eez-flow.cpp:3672:1:void eez::flow::objGetDisplayY(FlowState*, unsigned int, const eez::ListOfAssetsPtr<eez::Property>&, uint32_t)	128	static
../APP/ui/eez-flow.cpp:3666:1:void eez::flow::objGetDisplayX(FlowState*, unsigned int, const eez::ListOfAssetsPtr<eez::Property>&, uint32_t)	128	static
../APP/ui/eez-flow.cpp:4115:1:void eez::flow::tabviewGetActiveTab(FlowState*, unsigned int, const eez::ListOfAssetsPtr<eez::Property>&, uint32_t)	112	static
../APP/ui/eez-flow.cpp:4077:1:void eez::flow::calendarGetPressedDate(FlowState*, unsigned int, const eez::ListOfAssetsPtr<eez::Property>&, uint32_t)	160	static
../APP/ui/eez-flow.cpp:4048:1:void eez::flow::isScreenCreated(FlowState*, unsigned int, const eez::ListOfAssetsPtr<eez::Property>&, uint32_t)	112	static
../APP/ui/eez-flow.cpp:3957:1:void eez::flow::groupGetFocused(FlowState*, unsigned int, const eez::ListOfAssetsPtr<eez::Property>&, uint32_t)	112	static
../APP/ui/eez-flow.cpp:3845:1:void eez::flow::objHasState(FlowState*, unsigned int, const eez::ListOfAssetsPtr<eez::Property>&, uint32_t)	136	static
../APP/ui/eez-flow.cpp:3817:1:void eez::flow::objHasFlag(FlowState*, unsigned int, const eez::ListOfAssetsPtr<eez::Property>&, uint32_t)	136	static
../APP/ui/eez-flow.cpp:3786:1:void eez::flow::objGetStyleOpa(FlowState*, unsigned int, const eez::ListOfAssetsPtr<eez::Property>&, uint32_t)	112	static
../APP/ui/eez-flow.cpp:3705:1:void eez::flow::objGetHeight(FlowState*, unsigned int, const eez::ListOfAssetsPtr<eez::Property>&, uint32_t)	112	static
../APP/ui/eez-flow.cpp:3687:1:void eez::flow::objGetWidth(FlowState*, unsigned int, const eez::ListOfAssetsPtr<eez::Property>&, uint32_t)	112	static
../APP/ui/eez-flow.cpp:3657:1:void eez::flow::objGetY(FlowState*, unsigned int, const eez::ListOfAssetsPtr<eez::Property>&, uint32_t)	112	static
../APP/ui/eez-flow.cpp:3639:1:void eez::flow::objGetX(FlowState*, unsigned int, const eez::ListOfAssetsPtr<eez::Property>&, uint32_t)	112	static
../APP/ui/eez-flow.cpp:4824:6:void eez::flow::executeSetVariableComponent(FlowState*, unsigned int)	120	static
../APP/ui/eez-flow.cpp:3032:6:void eez::flow::executeLoopComponent(FlowState*, unsigned int)	160	static
../APP/ui/eez-flow.cpp:4444:6:void eez::flow::executeMQTTInitComponent(FlowState*, unsigned int)	432	static
../APP/ui/eez-flow.cpp:6314:6:void eez::flow::setUserProperty(unsigned int, const eez::Value&)	88	static
../APP/ui/eez-flow.cpp:6338:6:void eez::flow::setUserPropertyAsync(AsyncAction*, unsigned int, const eez::Value&)	88	static
../APP/ui/eez-flow.cpp:4994:6:void eez::flow::executeTestAndSetComponent(FlowState*, unsigned int)	112	static
../APP/ui/eez-flow.cpp:6890:17:void _assignStringProperty(void*, unsigned int, unsigned int, const char*, const char*, const char*, int)	88	static
../APP/ui/eez-flow.cpp:6899:17:void _assignIntegerProperty(void*, unsigned int, unsigned int, int32_t, const char*, const char*, int)	88	static
../APP/ui/eez-flow.cpp:6908:17:void _assignBooleanProperty(void*, unsigned int, unsigned int, bool, const char*, const char*, int)	88	static
../APP/ui/eez-flow.cpp:9936:1:cpp)	16	static
../APP/ui/eez-flow.cpp:9936:1:cpp)	16	static
