../APP/ui/screens.c:122:6:tick_screen_main	0	static
../APP/ui/screens.c:182:6:tick_screen_camera	0	static
../APP/ui/screens.c:24:13:event_handler_cb_main_obj0	16	static
../APP/ui/screens.c:46:13:event_handler_cb_camera_obj3	16	static
../APP/ui/screens.c:35:13:event_handler_cb_camera_obj1	16	static
../APP/ui/eez-flow.h:3030:14:utf8cat	8	static
../APP/ui/eez-flow.h:3090:27:utf8cmp	8	static
../APP/ui/eez-flow.h:3110:14:utf8cpy	0	static
../APP/ui/eez-flow.h:3126:30:utf8cspn	16	static
../APP/ui/eez-flow.h:3220:30:utf8nlen	12	static
../APP/ui/eez-flow.h:3216:30:utf8len	8	static
../APP/ui/eez-flow.h:3324:14:utf8ncat	12	static
../APP/ui/eez-flow.h:3345:27:utf8ncmp	12	static
../APP/ui/eez-flow.h:3402:14:utf8ndup_ex	16	static
../APP/ui/eez-flow.h:3398:14:utf8ndup	8	static
../APP/ui/eez-flow.h:3441:36:utf8rchr	24	static
../APP/ui/eez-flow.h:3509:36:utf8pbrk	12	static
../APP/ui/eez-flow.h:3565:30:utf8nsize_lazy	0	static
../APP/ui/eez-flow.h:3561:30:utf8size_lazy	8	static
../APP/ui/eez-flow.h:3557:30:utf8size	8	static
../APP/ui/eez-flow.h:3181:14:utf8dup_ex	16	static
../APP/ui/eez-flow.h:3177:14:utf8dup	8	static
../APP/ui/eez-flow.h:3573:30:utf8spn	16	static
../APP/ui/eez-flow.h:3712:36:utf8nvalid	12	static
../APP/ui/eez-flow.h:3708:36:utf8valid	8	static
../APP/ui/eez-flow.h:3877:1:utf8codepoint	0	static
../APP/ui/eez-flow.h:3627:36:utf8str	24	static
../APP/ui/eez-flow.h:3049:36:utf8chr	16	static
../APP/ui/eez-flow.h:3902:30:utf8codepointcalcsize	0	static
../APP/ui/eez-flow.h:3918:30:utf8codepointsize	0	static
../APP/ui/eez-flow.h:3362:14:utf8ncpy	24	static
../APP/ui/eez-flow.h:3930:14:utf8catcodepoint	0	static
../APP/ui/eez-flow.h:3811:5:utf8makevalid	24	static
../APP/ui/eez-flow.h:4016:36:utf8lwrcodepoint	0	static
../APP/ui/eez-flow.h:3662:36:utf8casestr	40	static
../APP/ui/eez-flow.h:3978:27:utf8isupper	8	static
../APP/ui/eez-flow.h:3982:6:utf8lwr	24	static
../APP/ui/eez-flow.h:4182:36:utf8uprcodepoint	0	static
../APP/ui/eez-flow.h:3000:27:utf8casecmp	32	static
../APP/ui/eez-flow.h:3250:27:utf8ncasecmp	40	static
../APP/ui/eez-flow.h:3974:27:utf8islower	8	static
../APP/ui/eez-flow.h:3999:6:utf8upr	24	static
../APP/ui/eez-flow.h:4349:1:utf8rcodepoint	0	static
../APP/ui/screens.c:61:6:create_screen_main	32	static
../APP/ui/screens.c:127:6:create_screen_camera	32	static
../APP/ui/screens.c:192:6:tick_screen	0	static
../APP/ui/screens.c:197:6:tick_screen_by_id	0	static
../APP/ui/screens.c:275:6:create_screens	24	static
