../APP/ui/screens.c:1144:6:tick_screen_page_lock	0	static
../APP/ui/screens.c:1204:6:tick_screen_camera	0	static
../APP/ui/screens.c:656:13:event_handler_cb_page_main_obj192	16	static
../APP/ui/screens.c:645:13:event_handler_cb_page_main_obj190	16	static
../APP/ui/screens.c:634:13:event_handler_cb_page_main_obj188	16	static
../APP/ui/screens.c:623:13:event_handler_cb_page_main_obj186	16	static
../APP/ui/screens.c:612:13:event_handler_cb_page_main_obj184	16	static
../APP/ui/screens.c:601:13:event_handler_cb_page_main_obj182	16	static
../APP/ui/screens.c:590:13:event_handler_cb_page_main_obj180	16	static
../APP/ui/screens.c:579:13:event_handler_cb_page_main_obj178	16	static
../APP/ui/screens.c:568:13:event_handler_cb_page_main_obj176	16	static
../APP/ui/screens.c:557:13:event_handler_cb_page_main_obj174	16	static
../APP/ui/screens.c:546:13:event_handler_cb_page_main_obj172	16	static
../APP/ui/screens.c:535:13:event_handler_cb_page_main_obj170	16	static
../APP/ui/screens.c:524:13:event_handler_cb_page_main_obj168	16	static
../APP/ui/screens.c:513:13:event_handler_cb_page_main_obj166	16	static
../APP/ui/screens.c:502:13:event_handler_cb_page_main_obj164	16	static
../APP/ui/screens.c:491:13:event_handler_cb_page_main_obj162	16	static
../APP/ui/screens.c:480:13:event_handler_cb_page_main_obj160	16	static
../APP/ui/screens.c:469:13:event_handler_cb_page_main_obj158	16	static
../APP/ui/screens.c:458:13:event_handler_cb_page_main_obj156	16	static
../APP/ui/screens.c:447:13:event_handler_cb_page_main_obj154	16	static
../APP/ui/screens.c:436:13:event_handler_cb_page_main_obj152	16	static
../APP/ui/screens.c:425:13:event_handler_cb_page_main_obj150	16	static
../APP/ui/screens.c:414:13:event_handler_cb_page_main_obj148	16	static
../APP/ui/screens.c:403:13:event_handler_cb_page_main_obj146	16	static
../APP/ui/screens.c:392:13:event_handler_cb_page_main_obj144	16	static
../APP/ui/screens.c:381:13:event_handler_cb_page_main_obj142	16	static
../APP/ui/screens.c:370:13:event_handler_cb_page_main_obj140	16	static
../APP/ui/screens.c:359:13:event_handler_cb_page_main_obj138	16	static
../APP/ui/screens.c:348:13:event_handler_cb_page_main_obj136	16	static
../APP/ui/screens.c:337:13:event_handler_cb_page_main_obj134	16	static
../APP/ui/screens.c:326:13:event_handler_cb_page_main_obj132	16	static
../APP/ui/screens.c:315:13:event_handler_cb_page_main_obj130	16	static
../APP/ui/screens.c:304:13:event_handler_cb_page_main_obj128	16	static
../APP/ui/screens.c:293:13:event_handler_cb_page_main_obj126	16	static
../APP/ui/screens.c:246:13:event_handler_cb_page_main_c30	16	static
../APP/ui/screens.c:235:13:event_handler_cb_page_main_c29	16	static
../APP/ui/screens.c:224:13:event_handler_cb_page_main_c1_41	16	static
../APP/ui/screens.c:213:13:event_handler_cb_page_main_c1_40	16	static
../APP/ui/screens.c:202:13:event_handler_cb_page_main_c1_39	16	static
../APP/ui/screens.c:191:13:event_handler_cb_page_main_c1_4	16	static
../APP/ui/screens.c:180:13:event_handler_cb_page_main_c1_3	16	static
../APP/ui/screens.c:169:13:event_handler_cb_page_main_c1_2	16	static
../APP/ui/screens.c:158:13:event_handler_cb_page_main_c1_1	16	static
../APP/ui/screens.c:147:13:event_handler_cb_page_main_c1	16	static
../APP/ui/screens.c:68:13:event_handler_cb_page_main_ui_cont_main	16	static
../APP/ui/screens.c:1030:13:event_handler_cb_page_choose_c1_38	16	static
../APP/ui/screens.c:1019:13:event_handler_cb_page_choose_c1_37	16	static
../APP/ui/screens.c:1008:13:event_handler_cb_page_choose_c1_36	16	static
../APP/ui/screens.c:997:13:event_handler_cb_page_choose_c1_35	16	static
../APP/ui/screens.c:986:13:event_handler_cb_page_choose_c1_34	16	static
../APP/ui/screens.c:975:13:event_handler_cb_page_choose_c1_33	16	static
../APP/ui/screens.c:964:13:event_handler_cb_page_choose_c1_32	16	static
../APP/ui/screens.c:953:13:event_handler_cb_page_choose_c1_31	16	static
../APP/ui/screens.c:942:13:event_handler_cb_page_choose_c1_30	16	static
../APP/ui/screens.c:931:13:event_handler_cb_page_choose_c1_29	16	static
../APP/ui/screens.c:920:13:event_handler_cb_page_choose_c1_28	16	static
../APP/ui/screens.c:909:13:event_handler_cb_page_choose_c1_27	16	static
../APP/ui/screens.c:898:13:event_handler_cb_page_choose_c1_26	16	static
../APP/ui/screens.c:887:13:event_handler_cb_page_choose_c1_25	16	static
../APP/ui/screens.c:876:13:event_handler_cb_page_choose_c1_24	16	static
../APP/ui/screens.c:865:13:event_handler_cb_page_choose_c1_23	16	static
../APP/ui/screens.c:854:13:event_handler_cb_page_choose_c1_22	16	static
../APP/ui/screens.c:843:13:event_handler_cb_page_choose_c1_21	16	static
../APP/ui/screens.c:832:13:event_handler_cb_page_choose_c1_20	16	static
../APP/ui/screens.c:821:13:event_handler_cb_page_choose_c1_19	16	static
../APP/ui/screens.c:810:13:event_handler_cb_page_choose_c1_18	16	static
../APP/ui/screens.c:799:13:event_handler_cb_page_choose_c1_17	16	static
../APP/ui/screens.c:788:13:event_handler_cb_page_choose_c1_16	16	static
../APP/ui/screens.c:777:13:event_handler_cb_page_choose_c1_15	16	static
../APP/ui/screens.c:766:13:event_handler_cb_page_choose_c1_14	16	static
../APP/ui/screens.c:755:13:event_handler_cb_page_choose_c1_13	16	static
../APP/ui/screens.c:744:13:event_handler_cb_page_choose_c1_12	16	static
../APP/ui/screens.c:733:13:event_handler_cb_page_choose_c1_11	16	static
../APP/ui/screens.c:722:13:event_handler_cb_page_choose_c1_10	16	static
../APP/ui/screens.c:711:13:event_handler_cb_page_choose_c1_9	16	static
../APP/ui/screens.c:700:13:event_handler_cb_page_choose_c1_8	16	static
../APP/ui/screens.c:689:13:event_handler_cb_page_choose_c1_7	16	static
../APP/ui/screens.c:678:13:event_handler_cb_page_choose_c1_6	16	static
../APP/ui/screens.c:667:13:event_handler_cb_page_choose_c1_5	16	static
../APP/ui/screens.c:257:13:event_handler_cb_page_main_obj111	32	static
../APP/ui/screens.c:133:13:event_handler_cb_page_main_obj6	32	static
../APP/ui/screens.c:115:13:event_handler_cb_page_main_dashboard_2	32	static
../APP/ui/screens.c:97:13:event_handler_cb_page_main_dashboard_1	32	static
../APP/ui/screens.c:79:13:event_handler_cb_page_main_dashboard	32	static
../APP/ui/screens.c:8955:6:tick_screen_page_choose	32	static
../APP/ui/screens.c:5724:6:tick_screen_page_main	32	static
../APP/ui/screens.c:24:13:event_handler_cb_page_lock_page_lock	16	static
../APP/ui/screens.c:35:13:event_handler_cb_page_lock_btn_verify	0	static
../APP/ui/screens.c:57:13:event_handler_cb_camera_obj5	16	static
../APP/ui/screens.c:46:13:event_handler_cb_camera_obj3	16	static
../APP/ui/screens.c:282:13:event_handler_cb_page_main_obj123	16	static
../APP/ui/screens.c:271:13:event_handler_cb_page_main_obj112	16	static
../APP/ui/eez-flow.h:3030:14:utf8cat	8	static
../APP/ui/eez-flow.h:3090:27:utf8cmp	8	static
../APP/ui/eez-flow.h:3110:14:utf8cpy	0	static
../APP/ui/eez-flow.h:3126:30:utf8cspn	16	static
../APP/ui/eez-flow.h:3220:30:utf8nlen	12	static
../APP/ui/eez-flow.h:3216:30:utf8len	8	static
../APP/ui/eez-flow.h:3324:14:utf8ncat	12	static
../APP/ui/eez-flow.h:3345:27:utf8ncmp	12	static
../APP/ui/eez-flow.h:3402:14:utf8ndup_ex	16	static
../APP/ui/eez-flow.h:3398:14:utf8ndup	8	static
../APP/ui/eez-flow.h:3441:36:utf8rchr	24	static
../APP/ui/eez-flow.h:3509:36:utf8pbrk	12	static
../APP/ui/eez-flow.h:3565:30:utf8nsize_lazy	0	static
../APP/ui/eez-flow.h:3561:30:utf8size_lazy	8	static
../APP/ui/eez-flow.h:3557:30:utf8size	8	static
../APP/ui/eez-flow.h:3181:14:utf8dup_ex	16	static
../APP/ui/eez-flow.h:3177:14:utf8dup	8	static
../APP/ui/eez-flow.h:3573:30:utf8spn	16	static
../APP/ui/eez-flow.h:3712:36:utf8nvalid	12	static
../APP/ui/eez-flow.h:3708:36:utf8valid	8	static
../APP/ui/eez-flow.h:3877:1:utf8codepoint	0	static
../APP/ui/eez-flow.h:3627:36:utf8str	24	static
../APP/ui/eez-flow.h:3049:36:utf8chr	16	static
../APP/ui/eez-flow.h:3902:30:utf8codepointcalcsize	0	static
../APP/ui/eez-flow.h:3918:30:utf8codepointsize	0	static
../APP/ui/eez-flow.h:3362:14:utf8ncpy	24	static
../APP/ui/eez-flow.h:3930:14:utf8catcodepoint	0	static
../APP/ui/eez-flow.h:3811:5:utf8makevalid	24	static
../APP/ui/eez-flow.h:4016:36:utf8lwrcodepoint	0	static
../APP/ui/eez-flow.h:3662:36:utf8casestr	40	static
../APP/ui/eez-flow.h:3978:27:utf8isupper	8	static
../APP/ui/eez-flow.h:3982:6:utf8lwr	24	static
../APP/ui/eez-flow.h:4182:36:utf8uprcodepoint	0	static
../APP/ui/eez-flow.h:3000:27:utf8casecmp	32	static
../APP/ui/eez-flow.h:3250:27:utf8ncasecmp	40	static
../APP/ui/eez-flow.h:3974:27:utf8islower	8	static
../APP/ui/eez-flow.h:3999:6:utf8upr	24	static
../APP/ui/eez-flow.h:4349:1:utf8rcodepoint	0	static
../APP/ui/screens.c:1045:6:create_screen_page_lock	64	static
../APP/ui/screens.c:1149:6:create_screen_camera	32	static
../APP/ui/screens.c:1209:6:create_screen_page_main	1360	static
../APP/ui/screens.c:7379:6:create_screen_page_choose	312	static
../APP/ui/screens.c:9851:6:tick_screen	0	static
../APP/ui/screens.c:9856:6:tick_screen_by_id	0	static
../APP/ui/screens.c:9939:6:create_screens	24	static
