../APP/ui/screens.c:285:6:tick_screen_page_lock	0	static
../APP/ui/screens.c:3287:6:tick_screen_page_error	0	static
../APP/ui/screens.c:24:13:event_handler_cb_page_lock_btn_verify	16	static
../APP/ui/screens.c:172:13:event_handler_cb_page_main_obj60	16	static
../APP/ui/screens.c:147:13:event_handler_cb_page_main_c1_3	16	static
../APP/ui/screens.c:136:13:event_handler_cb_page_main_c1_2	16	static
../APP/ui/screens.c:125:13:event_handler_cb_page_main_c1_1	16	static
../APP/ui/screens.c:114:13:event_handler_cb_page_main_c1	16	static
../APP/ui/screens.c:35:13:event_handler_cb_page_main_ui_cont_main	16	static
../APP/ui/screens.c:158:13:event_handler_cb_page_main_obj59	32	static
../APP/ui/screens.c:100:13:event_handler_cb_page_main_obj3	32	static
../APP/ui/screens.c:82:13:event_handler_cb_page_main_dashboard_2	32	static
../APP/ui/screens.c:64:13:event_handler_cb_page_main_dashboard_1	32	static
../APP/ui/screens.c:46:13:event_handler_cb_page_main_dashboard	32	static
../APP/ui/screens.c:2711:6:tick_screen_page_main	32	static
../APP/ui/eez-flow.h:3022:14:utf8cat	8	static
../APP/ui/eez-flow.h:3082:27:utf8cmp	8	static
../APP/ui/eez-flow.h:3102:14:utf8cpy	0	static
../APP/ui/eez-flow.h:3118:30:utf8cspn	16	static
../APP/ui/eez-flow.h:3212:30:utf8nlen	12	static
../APP/ui/eez-flow.h:3208:30:utf8len	8	static
../APP/ui/eez-flow.h:3316:14:utf8ncat	12	static
../APP/ui/eez-flow.h:3337:27:utf8ncmp	12	static
../APP/ui/eez-flow.h:3394:14:utf8ndup_ex	16	static
../APP/ui/eez-flow.h:3390:14:utf8ndup	8	static
../APP/ui/eez-flow.h:3433:36:utf8rchr	24	static
../APP/ui/eez-flow.h:3501:36:utf8pbrk	12	static
../APP/ui/eez-flow.h:3557:30:utf8nsize_lazy	0	static
../APP/ui/eez-flow.h:3553:30:utf8size_lazy	8	static
../APP/ui/eez-flow.h:3549:30:utf8size	8	static
../APP/ui/eez-flow.h:3173:14:utf8dup_ex	16	static
../APP/ui/eez-flow.h:3169:14:utf8dup	8	static
../APP/ui/eez-flow.h:3565:30:utf8spn	16	static
../APP/ui/eez-flow.h:3704:36:utf8nvalid	12	static
../APP/ui/eez-flow.h:3700:36:utf8valid	8	static
../APP/ui/eez-flow.h:3869:1:utf8codepoint	0	static
../APP/ui/eez-flow.h:3619:36:utf8str	24	static
../APP/ui/eez-flow.h:3041:36:utf8chr	16	static
../APP/ui/eez-flow.h:3894:30:utf8codepointcalcsize	0	static
../APP/ui/eez-flow.h:3910:30:utf8codepointsize	0	static
../APP/ui/eez-flow.h:3354:14:utf8ncpy	24	static
../APP/ui/eez-flow.h:3922:14:utf8catcodepoint	0	static
../APP/ui/eez-flow.h:3803:5:utf8makevalid	24	static
../APP/ui/eez-flow.h:4008:36:utf8lwrcodepoint	0	static
../APP/ui/eez-flow.h:3654:36:utf8casestr	40	static
../APP/ui/eez-flow.h:3970:27:utf8isupper	8	static
../APP/ui/eez-flow.h:3974:6:utf8lwr	24	static
../APP/ui/eez-flow.h:4174:36:utf8uprcodepoint	0	static
../APP/ui/eez-flow.h:2992:27:utf8casecmp	32	static
../APP/ui/eez-flow.h:3242:27:utf8ncasecmp	40	static
../APP/ui/eez-flow.h:3966:27:utf8islower	8	static
../APP/ui/eez-flow.h:3991:6:utf8upr	24	static
../APP/ui/eez-flow.h:4341:1:utf8rcodepoint	0	static
../APP/ui/screens.c:187:6:create_screen_page_lock	64	static
../APP/ui/screens.c:290:6:create_screen_page_main	592	static
../APP/ui/screens.c:3276:6:create_screen_page_error	8	static
../APP/ui/screens.c:3298:6:tick_screen	0	static
../APP/ui/screens.c:3303:6:tick_screen_by_id	0	static
../APP/ui/screens.c:3386:6:create_screens	24	static
