../APP/ui/screens.c:1059:6:tick_screen_page_lock	0	static
../APP/ui/screens.c:24:13:event_handler_cb_page_lock_btn_verify	16	static
../APP/ui/screens.c:572:13:event_handler_cb_page_main_obj147	16	static
../APP/ui/screens.c:561:13:event_handler_cb_page_main_obj145	16	static
../APP/ui/screens.c:550:13:event_handler_cb_page_main_obj143	16	static
../APP/ui/screens.c:539:13:event_handler_cb_page_main_obj141	16	static
../APP/ui/screens.c:528:13:event_handler_cb_page_main_obj139	16	static
../APP/ui/screens.c:517:13:event_handler_cb_page_main_obj137	16	static
../APP/ui/screens.c:506:13:event_handler_cb_page_main_obj135	16	static
../APP/ui/screens.c:495:13:event_handler_cb_page_main_obj133	16	static
../APP/ui/screens.c:484:13:event_handler_cb_page_main_obj131	16	static
../APP/ui/screens.c:473:13:event_handler_cb_page_main_obj129	16	static
../APP/ui/screens.c:462:13:event_handler_cb_page_main_obj127	16	static
../APP/ui/screens.c:451:13:event_handler_cb_page_main_obj125	16	static
../APP/ui/screens.c:440:13:event_handler_cb_page_main_obj123	16	static
../APP/ui/screens.c:429:13:event_handler_cb_page_main_obj121	16	static
../APP/ui/screens.c:418:13:event_handler_cb_page_main_obj119	16	static
../APP/ui/screens.c:407:13:event_handler_cb_page_main_obj117	16	static
../APP/ui/screens.c:396:13:event_handler_cb_page_main_obj115	16	static
../APP/ui/screens.c:385:13:event_handler_cb_page_main_obj113	16	static
../APP/ui/screens.c:374:13:event_handler_cb_page_main_obj111	16	static
../APP/ui/screens.c:363:13:event_handler_cb_page_main_obj109	16	static
../APP/ui/screens.c:352:13:event_handler_cb_page_main_obj107	16	static
../APP/ui/screens.c:341:13:event_handler_cb_page_main_obj105	16	static
../APP/ui/screens.c:330:13:event_handler_cb_page_main_obj103	16	static
../APP/ui/screens.c:319:13:event_handler_cb_page_main_obj101	16	static
../APP/ui/screens.c:308:13:event_handler_cb_page_main_obj99	16	static
../APP/ui/screens.c:297:13:event_handler_cb_page_main_obj97	16	static
../APP/ui/screens.c:286:13:event_handler_cb_page_main_obj95	16	static
../APP/ui/screens.c:275:13:event_handler_cb_page_main_obj93	16	static
../APP/ui/screens.c:264:13:event_handler_cb_page_main_obj91	16	static
../APP/ui/screens.c:253:13:event_handler_cb_page_main_obj89	16	static
../APP/ui/screens.c:242:13:event_handler_cb_page_main_obj87	16	static
../APP/ui/screens.c:231:13:event_handler_cb_page_main_obj85	16	static
../APP/ui/screens.c:220:13:event_handler_cb_page_main_obj83	16	static
../APP/ui/screens.c:209:13:event_handler_cb_page_main_obj81	16	static
../APP/ui/screens.c:169:13:event_handler_cb_page_main_c1_39	16	static
../APP/ui/screens.c:158:13:event_handler_cb_page_main_c1_4	16	static
../APP/ui/screens.c:147:13:event_handler_cb_page_main_c1_3	16	static
../APP/ui/screens.c:136:13:event_handler_cb_page_main_c1_2	16	static
../APP/ui/screens.c:946:13:event_handler_cb_page_choose_c1_38	0	static
../APP/ui/screens.c:125:13:event_handler_cb_page_main_c1_1	16	static
../APP/ui/screens.c:114:13:event_handler_cb_page_main_c1	16	static
../APP/ui/screens.c:35:13:event_handler_cb_page_main_ui_cont_main	16	static
../APP/ui/screens.c:935:13:event_handler_cb_page_choose_c1_37	16	static
../APP/ui/screens.c:924:13:event_handler_cb_page_choose_c1_36	16	static
../APP/ui/screens.c:913:13:event_handler_cb_page_choose_c1_35	16	static
../APP/ui/screens.c:902:13:event_handler_cb_page_choose_c1_34	16	static
../APP/ui/screens.c:891:13:event_handler_cb_page_choose_c1_33	16	static
../APP/ui/screens.c:880:13:event_handler_cb_page_choose_c1_32	16	static
../APP/ui/screens.c:869:13:event_handler_cb_page_choose_c1_31	16	static
../APP/ui/screens.c:858:13:event_handler_cb_page_choose_c1_30	16	static
../APP/ui/screens.c:847:13:event_handler_cb_page_choose_c1_29	16	static
../APP/ui/screens.c:836:13:event_handler_cb_page_choose_c1_28	16	static
../APP/ui/screens.c:825:13:event_handler_cb_page_choose_c1_27	16	static
../APP/ui/screens.c:814:13:event_handler_cb_page_choose_c1_26	16	static
../APP/ui/screens.c:803:13:event_handler_cb_page_choose_c1_25	16	static
../APP/ui/screens.c:792:13:event_handler_cb_page_choose_c1_24	16	static
../APP/ui/screens.c:781:13:event_handler_cb_page_choose_c1_23	16	static
../APP/ui/screens.c:770:13:event_handler_cb_page_choose_c1_22	16	static
../APP/ui/screens.c:759:13:event_handler_cb_page_choose_c1_21	16	static
../APP/ui/screens.c:748:13:event_handler_cb_page_choose_c1_20	16	static
../APP/ui/screens.c:737:13:event_handler_cb_page_choose_c1_19	16	static
../APP/ui/screens.c:726:13:event_handler_cb_page_choose_c1_18	16	static
../APP/ui/screens.c:715:13:event_handler_cb_page_choose_c1_17	16	static
../APP/ui/screens.c:704:13:event_handler_cb_page_choose_c1_16	16	static
../APP/ui/screens.c:693:13:event_handler_cb_page_choose_c1_15	16	static
../APP/ui/screens.c:682:13:event_handler_cb_page_choose_c1_14	16	static
../APP/ui/screens.c:671:13:event_handler_cb_page_choose_c1_13	16	static
../APP/ui/screens.c:660:13:event_handler_cb_page_choose_c1_12	16	static
../APP/ui/screens.c:649:13:event_handler_cb_page_choose_c1_11	16	static
../APP/ui/screens.c:638:13:event_handler_cb_page_choose_c1_10	16	static
../APP/ui/screens.c:627:13:event_handler_cb_page_choose_c1_9	16	static
../APP/ui/screens.c:616:13:event_handler_cb_page_choose_c1_8	16	static
../APP/ui/screens.c:605:13:event_handler_cb_page_choose_c1_7	16	static
../APP/ui/screens.c:594:13:event_handler_cb_page_choose_c1_6	16	static
../APP/ui/screens.c:583:13:event_handler_cb_page_choose_c1_5	16	static
../APP/ui/screens.c:180:13:event_handler_cb_page_main_obj66	32	static
../APP/ui/screens.c:100:13:event_handler_cb_page_main_obj3	32	static
../APP/ui/screens.c:82:13:event_handler_cb_page_main_dashboard_2	32	static
../APP/ui/screens.c:64:13:event_handler_cb_page_main_dashboard_1	32	static
../APP/ui/screens.c:46:13:event_handler_cb_page_main_dashboard	32	static
../APP/ui/screens.c:6754:6:tick_screen_page_choose	32	static
../APP/ui/screens.c:4419:6:tick_screen_page_main	32	static
../APP/ui/screens.c:194:13:event_handler_cb_page_main_obj67	16	static
../APP/ui/eez-flow.h:3030:14:utf8cat	8	static
../APP/ui/eez-flow.h:3090:27:utf8cmp	8	static
../APP/ui/eez-flow.h:3110:14:utf8cpy	0	static
../APP/ui/eez-flow.h:3126:30:utf8cspn	16	static
../APP/ui/eez-flow.h:3220:30:utf8nlen	12	static
../APP/ui/eez-flow.h:3216:30:utf8len	8	static
../APP/ui/eez-flow.h:3324:14:utf8ncat	12	static
../APP/ui/eez-flow.h:3345:27:utf8ncmp	12	static
../APP/ui/eez-flow.h:3402:14:utf8ndup_ex	16	static
../APP/ui/eez-flow.h:3398:14:utf8ndup	8	static
../APP/ui/eez-flow.h:3441:36:utf8rchr	24	static
../APP/ui/eez-flow.h:3509:36:utf8pbrk	12	static
../APP/ui/eez-flow.h:3565:30:utf8nsize_lazy	0	static
../APP/ui/eez-flow.h:3561:30:utf8size_lazy	8	static
../APP/ui/eez-flow.h:3557:30:utf8size	8	static
../APP/ui/eez-flow.h:3181:14:utf8dup_ex	16	static
../APP/ui/eez-flow.h:3177:14:utf8dup	8	static
../APP/ui/eez-flow.h:3573:30:utf8spn	16	static
../APP/ui/eez-flow.h:3712:36:utf8nvalid	12	static
../APP/ui/eez-flow.h:3708:36:utf8valid	8	static
../APP/ui/eez-flow.h:3877:1:utf8codepoint	0	static
../APP/ui/eez-flow.h:3627:36:utf8str	24	static
../APP/ui/eez-flow.h:3049:36:utf8chr	16	static
../APP/ui/eez-flow.h:3902:30:utf8codepointcalcsize	0	static
../APP/ui/eez-flow.h:3918:30:utf8codepointsize	0	static
../APP/ui/eez-flow.h:3362:14:utf8ncpy	24	static
../APP/ui/eez-flow.h:3930:14:utf8catcodepoint	0	static
../APP/ui/eez-flow.h:3811:5:utf8makevalid	24	static
../APP/ui/eez-flow.h:4016:36:utf8lwrcodepoint	0	static
../APP/ui/eez-flow.h:3662:36:utf8casestr	40	static
../APP/ui/eez-flow.h:3978:27:utf8isupper	8	static
../APP/ui/eez-flow.h:3982:6:utf8lwr	24	static
../APP/ui/eez-flow.h:4182:36:utf8uprcodepoint	0	static
../APP/ui/eez-flow.h:3000:27:utf8casecmp	32	static
../APP/ui/eez-flow.h:3250:27:utf8ncasecmp	40	static
../APP/ui/eez-flow.h:3974:27:utf8islower	8	static
../APP/ui/eez-flow.h:3999:6:utf8upr	24	static
../APP/ui/eez-flow.h:4349:1:utf8rcodepoint	0	static
../APP/ui/screens.c:961:6:create_screen_page_lock	64	static
../APP/ui/screens.c:1064:6:create_screen_page_main	1120	static
../APP/ui/screens.c:5178:6:create_screen_page_choose	312	static
../APP/ui/screens.c:7649:6:tick_screen	0	static
../APP/ui/screens.c:7654:6:tick_screen_by_id	0	static
../APP/ui/screens.c:7737:6:create_screens	24	static
