../APP/ui/eez-flow.h:3030:14:utf8cat	8	static
../APP/ui/eez-flow.h:3090:27:utf8cmp	8	static
../APP/ui/eez-flow.h:3110:14:utf8cpy	0	static
../APP/ui/eez-flow.h:3126:30:utf8cspn	16	static
../APP/ui/eez-flow.h:3220:30:utf8nlen	12	static
../APP/ui/eez-flow.h:3216:30:utf8len	8	static
../APP/ui/eez-flow.h:3324:14:utf8ncat	12	static
../APP/ui/eez-flow.h:3345:27:utf8ncmp	12	static
../APP/ui/eez-flow.h:3402:14:utf8ndup_ex	16	static
../APP/ui/eez-flow.h:3398:14:utf8ndup	8	static
../APP/ui/eez-flow.h:3441:36:utf8rchr	24	static
../APP/ui/eez-flow.h:3509:36:utf8pbrk	12	static
../APP/ui/eez-flow.h:3565:30:utf8nsize_lazy	0	static
../APP/ui/eez-flow.h:3561:30:utf8size_lazy	8	static
../APP/ui/eez-flow.h:3557:30:utf8size	8	static
../APP/ui/eez-flow.h:3181:14:utf8dup_ex	16	static
../APP/ui/eez-flow.h:3177:14:utf8dup	8	static
../APP/ui/eez-flow.h:3573:30:utf8spn	16	static
../APP/ui/eez-flow.h:3712:36:utf8nvalid	12	static
../APP/ui/eez-flow.h:3708:36:utf8valid	8	static
../APP/ui/eez-flow.h:3877:1:utf8codepoint	0	static
../APP/ui/eez-flow.h:3627:36:utf8str	24	static
../APP/ui/eez-flow.h:3049:36:utf8chr	16	static
../APP/ui/eez-flow.h:3902:30:utf8codepointcalcsize	0	static
../APP/ui/eez-flow.h:3918:30:utf8codepointsize	0	static
../APP/ui/eez-flow.h:3362:14:utf8ncpy	24	static
../APP/ui/eez-flow.h:3930:14:utf8catcodepoint	0	static
../APP/ui/eez-flow.h:3811:5:utf8makevalid	24	static
../APP/ui/eez-flow.h:4016:36:utf8lwrcodepoint	0	static
../APP/ui/eez-flow.h:3662:36:utf8casestr	40	static
../APP/ui/eez-flow.h:3978:27:utf8isupper	8	static
../APP/ui/eez-flow.h:3982:6:utf8lwr	24	static
../APP/ui/eez-flow.h:4182:36:utf8uprcodepoint	0	static
../APP/ui/eez-flow.h:3000:27:utf8casecmp	32	static
../APP/ui/eez-flow.h:3250:27:utf8ncasecmp	40	static
../APP/ui/eez-flow.h:3974:27:utf8islower	8	static
../APP/ui/eez-flow.h:3999:6:utf8upr	24	static
../APP/ui/eez-flow.h:4349:1:utf8rcodepoint	0	static
../APP/ui/ui.c:3270:6:ui_init	24	static
../APP/ui/ui.c:3274:6:ui_tick	8	static
