../APP/ui/eez-flow.h:1097:10:bool eez::Value::isArray() const	0	static
../APP/ui/eez-flow.h:1014:10:void eez::Value::freeRef()	8	static
../APP/ui/eez-flow.h:1021:12:eez::Value& eez::Value::operator=(const eez::Value&)	16	static
../APP/ui/eez-flow.h:1006:2:eez::Value::Value(const eez::Value&)	8	static
../APP/ui/eez-flow.h:1151:6:int eez::Value::getInt() const	0	static
../APP/ui/ui_bridge.cpp:44:13:void copy_cab_to_item(InventoryItem*, CabinetValue)	16	static
../APP/ui/eez-flow.h:1353:14:eez::Value eez::StringValue(const char*)	8	static
../APP/ui/ui_bridge.cpp:36:13:void copy_item_to_cab(CabinetValue&, const InventoryItem*)	32	static
../APP/ui/eez-flow.h:3030:14:utf8_int8_t* utf8cat(utf8_int8_t*, const utf8_int8_t*)	8	static
../APP/ui/eez-flow.h:3110:14:utf8_int8_t* utf8cpy(utf8_int8_t*, const utf8_int8_t*)	0	static
../APP/ui/eez-flow.h:3181:14:utf8_int8_t* utf8dup_ex(const utf8_int8_t*, utf8_int8_t* (*)(utf8_int8_t*, size_t), utf8_int8_t*)	16	static
../APP/ui/eez-flow.h:3177:14:utf8_int8_t* utf8dup(const utf8_int8_t*)	8	static
../APP/ui/eez-flow.h:3324:14:utf8_int8_t* utf8ncat(utf8_int8_t*, const utf8_int8_t*, size_t)	12	static
../APP/ui/eez-flow.h:3362:14:utf8_int8_t* utf8ncpy(utf8_int8_t*, const utf8_int8_t*, size_t)	12	static
../APP/ui/eez-flow.h:3402:14:utf8_int8_t* utf8ndup_ex(const utf8_int8_t*, size_t, utf8_int8_t* (*)(utf8_int8_t*, size_t), utf8_int8_t*)	16	static
../APP/ui/eez-flow.h:3398:14:utf8_int8_t* utf8ndup(const utf8_int8_t*, size_t)	8	static
../APP/ui/eez-flow.h:3877:1:constexpr utf8_int8_t* utf8codepoint(const utf8_int8_t*, utf8_int32_t*)	0	static
../APP/ui/eez-flow.h:3930:14:utf8_int8_t* utf8catcodepoint(utf8_int8_t*, utf8_int32_t, size_t)	0	static
../APP/ui/eez-flow.h:3811:5:int utf8makevalid(utf8_int8_t*, utf8_int32_t)	24	static
../APP/ui/eez-flow.h:4016:36:constexpr utf8_int32_t utf8lwrcodepoint(utf8_int32_t)	0	static
../APP/ui/eez-flow.h:3982:6:void utf8lwr(utf8_int8_t*)	24	static
../APP/ui/eez-flow.h:4182:36:constexpr utf8_int32_t utf8uprcodepoint(utf8_int32_t)	0	static
../APP/ui/eez-flow.h:3999:6:void utf8upr(utf8_int8_t*)	24	static
../APP/ui/structs.h:45:5:CabinetValue::CabinetValue()	24	static
../APP/ui/structs.h:108:10:void LogEntryValue::time(const char*)	32	static
../APP/ui/ui_bridge.cpp:20:6:void ui_set_integer(int, int)	24	static
../APP/ui/ui_bridge.cpp:24:5:int ui_get_integer(int)	24	static
../APP/ui/ui_bridge.cpp:28:6:void ui_set_string(int, const char*)	24	static
../APP/ui/ui_bridge.cpp:32:13:const char* ui_get_string(int)	24	static
../APP/ui/ui_bridge.cpp:52:6:void ui_push_inventory(const InventoryItem*, int, const InventoryItem*, int)	64	static
../APP/ui/ui_bridge.cpp:70:6:void ui_pull_inventory(InventoryItem*, int, InventoryItem*, int)	96	static
../APP/ui/ui_bridge.cpp:86:6:void ui_push_history(const HistoryRecord*, int)	88	static
../APP/ui/ui_bridge.cpp:121:5:int ui_get_log_count()	24	static
../APP/ui/eez-flow.h:1366:7:T eez::ArrayOf<T, ARRAY_TYPE>::at(int) [with T = LogEntryValue; long unsigned int ARRAY_TYPE = 81921]	32	static
../APP/ui/ui_bridge.cpp:101:5:int ui_pull_history(HistoryRecord*, int)	64	static
../APP/ui/ui_bridge.cpp:128:6:void ui_get_log_entry(int, char*, char*, char*, int*, char*, int*)	72	static
../APP/ui/ui_bridge.cpp:147:17:void action_givetime(lv_event_t*)	96	static
