../../Drivers/STM32N6xx_HAL_Driver/Inc/stm32n6xx_ll_bus.h:679:22:LL_MEM_EnableClock	24	static
../../Drivers/STM32N6xx_HAL_Driver/Inc/stm32n6xx_ll_bus.h:1009:22:LL_AHB2_GRP1_EnableClock	24	static
../../Drivers/STM32N6xx_HAL_Driver/Inc/stm32n6xx_ll_bus.h:1165:22:LL_AHB3_GRP1_EnableClock	24	static
../../Drivers/STM32N6xx_HAL_Driver/Inc/stm32n6xx_ll_bus.h:1755:22:LL_AHB5_GRP1_EnableClock	24	static
../../Drivers/STM32N6xx_HAL_Driver/Inc/stm32n6xx_ll_bus.h:1945:22:LL_AHB5_GRP1_ForceReset	16	static
../../Drivers/STM32N6xx_HAL_Driver/Inc/stm32n6xx_ll_bus.h:1999:22:LL_AHB5_GRP1_ReleaseReset	16	static
../APP/AI_task.c:90:6:StartAITask	56	static,ignoring_inline_asm
../APP/AI_task.c:145:13:NPU_Init	32	static
../APP/AI_task.c:184:12:NN_Init	104	static
../APP/AI_task.c:233:12:PP_Init	96	static
../APP/AI_task.c:264:12:CaptureSnapshot	16	static
../APP/AI_task.c:287:13:ConvertPoint	24	static
../APP/AI_task.c:293:12:ClampPoint	24	static
../APP/AI_task.c:303:13:DrawKeypoint	24	static
../APP/AI_task.c:312:13:DrawFace	72	static
../APP/AI_task.c:341:13:DrawResults	16	static
