../APP/UART_protocol.c:4:9:protocol_build_frame	32	static
../APP/UART_protocol.c:20:6:frame_parser_init	16	static
../APP/UART_protocol.c:29:5:frame_parser_feed	16	static
../APP/UART_protocol.c:91:6:uart4_dispatch_frame	24	static
../APP/UART_protocol.c:104:13:uart4_send_frame	288	static
../APP/UART_protocol.c:111:6:uart4_send_temperature	24	static
../APP/UART_protocol.c:118:6:uart4_send_humidity	24	static
../APP/UART_protocol.c:125:6:uart4_send_voltage	24	static
../APP/UART_protocol.c:132:6:uart4_send_face_enroll	24	static
../APP/UART_protocol.c:138:6:uart4_send_face_event	24	static
../APP/UART_protocol.c:144:6:uart4_send_outbound	24	static
../APP/UART_protocol.c:150:6:uart4_send_inbound	24	static
../APP/UART_protocol.c:156:6:uart4_send_barcode	16	static
../APP/UART_protocol.c:161:6:uart4_send_store	24	static
../APP/UART_protocol.c:167:6:uart4_report_outbound	40	static
../APP/UART_protocol.c:174:6:uart4_report_inbound	40	static
../APP/UART_protocol.c:181:6:uart4_send_history	160	static
