C:/Users/96022/Desktop/EmbeddedCompetition/ElectronicWarehouse/Appli/Middlewares/ST/touchgfx/framework/include/touchgfx/hal/Types.hpp:140:5:touchgfx::Rect::Rect(int16_t, int16_t, int16_t, int16_t)	24	static
C:/Users/96022/Desktop/EmbeddedCompetition/ElectronicWarehouse/Appli/Middlewares/ST/touchgfx/framework/include/touchgfx/Bitmap.hpp:146:14:touchgfx::BitmapId touchgfx::Bitmap::getId() const	16	static
C:/Users/96022/Desktop/EmbeddedCompetition/ElectronicWarehouse/Appli/Middlewares/ST/touchgfx/framework/include/touchgfx/Bitmap.hpp:210:10:touchgfx::Rect touchgfx::Bitmap::getRect() const	32	static
C:/Users/96022/Desktop/EmbeddedCompetition/ElectronicWarehouse/Appli/Middlewares/ST/touchgfx/framework/include/touchgfx/hal/HAL.hpp:110:17:static touchgfx::HAL* touchgfx::HAL::getInstance()	4	static
C:/Users/96022/Desktop/EmbeddedCompetition/ElectronicWarehouse/Appli/Middlewares/ST/touchgfx/framework/include/touchgfx/widgets/canvas/AbstractPainterBitmap.hpp:53:13:touchgfx::AbstractPainterBitmap::~AbstractPainterBitmap()	16	static
C:/Users/96022/Desktop/EmbeddedCompetition/ElectronicWarehouse/Appli/Middlewares/ST/touchgfx/framework/include/touchgfx/widgets/canvas/AbstractPainterBitmap.hpp:53:13:virtual touchgfx::AbstractPainterBitmap::~AbstractPainterBitmap()	16	static
C:/Users/96022/Desktop/EmbeddedCompetition/ElectronicWarehouse/Appli/Middlewares/ST/touchgfx/framework/include/touchgfx/widgets/canvas/AbstractPainterBitmap.hpp:62:18:virtual void touchgfx::AbstractPainterBitmap::setBitmap(const touchgfx::Bitmap&)	32	static
C:/Users/96022/Desktop/EmbeddedCompetition/ElectronicWarehouse/Appli/Middlewares/ST/touchgfx/framework/include/touchgfx/widgets/canvas/AbstractPainterBitmap.hpp:89:18:virtual void touchgfx::AbstractPainterBitmap::setTiled(bool)	16	static
C:/Users/96022/Desktop/EmbeddedCompetition/ElectronicWarehouse/Appli/Middlewares/ST/touchgfx/framework/include/touchgfx/widgets/canvas/AbstractPainterBitmap.hpp:113:18:virtual void touchgfx::AbstractPainterBitmap::setOffset(int16_t, int16_t)	16	static
C:/Users/96022/Desktop/EmbeddedCompetition/ElectronicWarehouse/Appli/Middlewares/ST/touchgfx/framework/include/touchgfx/widgets/canvas/AbstractPainterBitmap.hpp:146:10:void touchgfx::AbstractPainterBitmap::updateBitmapOffsets(int16_t) const	16	static
C:/Users/96022/Desktop/EmbeddedCompetition/ElectronicWarehouse/Appli/Middlewares/ST/touchgfx/framework/include/touchgfx/widgets/canvas/AbstractPainterBitmap.hpp:166:10:bool touchgfx::AbstractPainterBitmap::adjustBitmapXY(int16_t&, int16_t&, int16_t&, int16_t&) const	24	static
C:/Users/96022/Desktop/EmbeddedCompetition/ElectronicWarehouse/Appli/Middlewares/ST/touchgfx/framework/include/touchgfx/widgets/canvas/AbstractPainter.hpp:50:13:touchgfx::AbstractPainter::~AbstractPainter()	16	static
C:/Users/96022/Desktop/EmbeddedCompetition/ElectronicWarehouse/Appli/Middlewares/ST/touchgfx/framework/include/touchgfx/widgets/canvas/AbstractPainter.hpp:50:13:virtual touchgfx::AbstractPainter::~AbstractPainter()	16	static
C:/Users/96022/Desktop/EmbeddedCompetition/ElectronicWarehouse/Appli/Middlewares/ST/touchgfx/framework/include/touchgfx/widgets/canvas/AbstractPainter.hpp:61:34:virtual touchgfx::HAL::RenderingMethod touchgfx::AbstractPainter::getRenderingMethod() const	16	static
C:/Users/96022/Desktop/EmbeddedCompetition/ElectronicWarehouse/Appli/Middlewares/ST/touchgfx/framework/include/touchgfx/widgets/canvas/AbstractPainter.hpp:78:18:virtual bool touchgfx::AbstractPainter::setup(const touchgfx::Rect&) const	16	static
C:/Users/96022/Desktop/EmbeddedCompetition/ElectronicWarehouse/Appli/Middlewares/ST/touchgfx/framework/include/touchgfx/widgets/canvas/AbstractPainter.hpp:90:18:virtual void touchgfx::AbstractPainter::tearDown() const	16	static
C:/Users/96022/Desktop/EmbeddedCompetition/ElectronicWarehouse/Appli/Middlewares/ST/touchgfx/framework/include/touchgfx/widgets/canvas/AbstractPainterRGB888.hpp:33:7:touchgfx::AbstractPainterRGB888::~AbstractPainterRGB888()	16	static
C:/Users/96022/Desktop/EmbeddedCompetition/ElectronicWarehouse/Appli/Middlewares/ST/touchgfx/framework/include/touchgfx/widgets/canvas/AbstractPainterRGB888.hpp:33:7:virtual touchgfx::AbstractPainterRGB888::~AbstractPainterRGB888()	16	static
C:/Users/96022/Desktop/EmbeddedCompetition/ElectronicWarehouse/Appli/Middlewares/ST/touchgfx/framework/include/touchgfx/widgets/canvas/PainterRGB888L8Bitmap.hpp:57:34:virtual touchgfx::HAL::RenderingMethod touchgfx::PainterRGB888L8Bitmap::getRenderingMethod() const	16	static
../Middlewares/ST/touchgfx/framework/source/touchgfx/widgets/canvas/PainterRGB888L8Bitmap.cpp:20:6:virtual void touchgfx::PainterRGB888L8Bitmap::setBitmap(const touchgfx::Bitmap&)	16	static
../Middlewares/ST/touchgfx/framework/source/touchgfx/widgets/canvas/PainterRGB888L8Bitmap.cpp:34:6:virtual void touchgfx::PainterRGB888L8Bitmap::paint(uint8_t*, int16_t, int16_t, int16_t, int16_t, uint8_t) const	64	static
../Middlewares/ST/touchgfx/framework/source/touchgfx/widgets/canvas/PainterRGB888L8Bitmap.cpp:73:6:virtual bool touchgfx::PainterRGB888L8Bitmap::setup(const touchgfx::Rect&) const	16	static
../Middlewares/ST/touchgfx/framework/source/touchgfx/widgets/canvas/PainterRGB888L8Bitmap.cpp:88:6:virtual void touchgfx::PainterRGB888L8Bitmap::tearDown() const	16	static
C:/Users/96022/Desktop/EmbeddedCompetition/ElectronicWarehouse/Appli/Middlewares/ST/touchgfx/framework/include/touchgfx/widgets/canvas/PainterRGB888L8Bitmap.hpp:36:7:touchgfx::PainterRGB888L8Bitmap::~PainterRGB888L8Bitmap()	16	static
C:/Users/96022/Desktop/EmbeddedCompetition/ElectronicWarehouse/Appli/Middlewares/ST/touchgfx/framework/include/touchgfx/widgets/canvas/PainterRGB888L8Bitmap.hpp:36:7:virtual touchgfx::PainterRGB888L8Bitmap::~PainterRGB888L8Bitmap()	16	static
