C:/Users/96022/Desktop/EmbeddedCompetition/ElectronicWarehouse/Appli/Middlewares/ST/touchgfx/framework/include/touchgfx/hal/Types.hpp:140:5:touchgfx::Rect::Rect(int16_t, int16_t, int16_t, int16_t)	24	static
C:/Users/96022/Desktop/EmbeddedCompetition/ElectronicWarehouse/Appli/Middlewares/ST/touchgfx/framework/include/touchgfx/Bitmap.hpp:146:14:touchgfx::BitmapId touchgfx::Bitmap::getId() const	16	static
C:/Users/96022/Desktop/EmbeddedCompetition/ElectronicWarehouse/Appli/Middlewares/ST/touchgfx/framework/include/touchgfx/Bitmap.hpp:210:10:touchgfx::Rect touchgfx::Bitmap::getRect() const	32	static
C:/Users/96022/Desktop/EmbeddedCompetition/ElectronicWarehouse/Appli/Middlewares/ST/touchgfx/framework/include/touchgfx/widgets/canvas/AbstractPainterBitmap.hpp:53:13:touchgfx::AbstractPainterBitmap::~AbstractPainterBitmap()	16	static
C:/Users/96022/Desktop/EmbeddedCompetition/ElectronicWarehouse/Appli/Middlewares/ST/touchgfx/framework/include/touchgfx/widgets/canvas/AbstractPainterBitmap.hpp:53:13:virtual touchgfx::AbstractPainterBitmap::~AbstractPainterBitmap()	16	static
C:/Users/96022/Desktop/EmbeddedCompetition/ElectronicWarehouse/Appli/Middlewares/ST/touchgfx/framework/include/touchgfx/widgets/canvas/AbstractPainterBitmap.hpp:62:18:virtual void touchgfx::AbstractPainterBitmap::setBitmap(const touchgfx::Bitmap&)	32	static
C:/Users/96022/Desktop/EmbeddedCompetition/ElectronicWarehouse/Appli/Middlewares/ST/touchgfx/framework/include/touchgfx/widgets/canvas/AbstractPainterBitmap.hpp:89:18:virtual void touchgfx::AbstractPainterBitmap::setTiled(bool)	16	static
C:/Users/96022/Desktop/EmbeddedCompetition/ElectronicWarehouse/Appli/Middlewares/ST/touchgfx/framework/include/touchgfx/widgets/canvas/AbstractPainterBitmap.hpp:113:18:virtual void touchgfx::AbstractPainterBitmap::setOffset(int16_t, int16_t)	16	static
C:/Users/96022/Desktop/EmbeddedCompetition/ElectronicWarehouse/Appli/Middlewares/ST/touchgfx/framework/include/touchgfx/widgets/canvas/AbstractPainterBitmap.hpp:146:10:void touchgfx::AbstractPainterBitmap::updateBitmapOffsets(int16_t) const	16	static
C:/Users/96022/Desktop/EmbeddedCompetition/ElectronicWarehouse/Appli/Middlewares/ST/touchgfx/framework/include/touchgfx/widgets/canvas/AbstractPainterBitmap.hpp:166:10:bool touchgfx::AbstractPainterBitmap::adjustBitmapXY(int16_t&, int16_t&, int16_t&, int16_t&) const	24	static
C:/Users/96022/Desktop/EmbeddedCompetition/ElectronicWarehouse/Appli/Middlewares/ST/touchgfx/framework/include/touchgfx/widgets/canvas/AbstractPainter.hpp:50:13:touchgfx::AbstractPainter::~AbstractPainter()	16	static
C:/Users/96022/Desktop/EmbeddedCompetition/ElectronicWarehouse/Appli/Middlewares/ST/touchgfx/framework/include/touchgfx/widgets/canvas/AbstractPainter.hpp:50:13:virtual touchgfx::AbstractPainter::~AbstractPainter()	16	static
C:/Users/96022/Desktop/EmbeddedCompetition/ElectronicWarehouse/Appli/Middlewares/ST/touchgfx/framework/include/touchgfx/widgets/canvas/AbstractPainter.hpp:61:34:virtual touchgfx::HAL::RenderingMethod touchgfx::AbstractPainter::getRenderingMethod() const	16	static
C:/Users/96022/Desktop/EmbeddedCompetition/ElectronicWarehouse/Appli/Middlewares/ST/touchgfx/framework/include/touchgfx/widgets/canvas/AbstractPainter.hpp:78:18:virtual bool touchgfx::AbstractPainter::setup(const touchgfx::Rect&) const	16	static
C:/Users/96022/Desktop/EmbeddedCompetition/ElectronicWarehouse/Appli/Middlewares/ST/touchgfx/framework/include/touchgfx/widgets/canvas/AbstractPainter.hpp:90:18:virtual void touchgfx::AbstractPainter::tearDown() const	16	static
C:/Users/96022/Desktop/EmbeddedCompetition/ElectronicWarehouse/Appli/Middlewares/ST/touchgfx/framework/include/touchgfx/widgets/canvas/AbstractPainterGRAY2.hpp:33:7:touchgfx::AbstractPainterGRAY2::~AbstractPainterGRAY2()	16	static
C:/Users/96022/Desktop/EmbeddedCompetition/ElectronicWarehouse/Appli/Middlewares/ST/touchgfx/framework/include/touchgfx/widgets/canvas/AbstractPainterGRAY2.hpp:33:7:virtual touchgfx::AbstractPainterGRAY2::~AbstractPainterGRAY2()	16	static
C:/Users/96022/Desktop/EmbeddedCompetition/ElectronicWarehouse/Appli/Middlewares/ST/touchgfx/framework/include/touchgfx/widgets/canvas/PainterGRAY2Bitmap.hpp:51:18:virtual bool touchgfx::PainterGRAY2Bitmap::setup(const touchgfx::Rect&) const	16	static
../Middlewares/ST/touchgfx/framework/source/touchgfx/widgets/canvas/PainterGRAY2Bitmap.cpp:20:6:virtual void touchgfx::PainterGRAY2Bitmap::setBitmap(const touchgfx::Bitmap&)	16	static
../Middlewares/ST/touchgfx/framework/source/touchgfx/widgets/canvas/PainterGRAY2Bitmap.cpp:28:6:virtual void touchgfx::PainterGRAY2Bitmap::paint(uint8_t*, int16_t, int16_t, int16_t, int16_t, uint8_t) const	216	static
C:/Users/96022/Desktop/EmbeddedCompetition/ElectronicWarehouse/Appli/Middlewares/ST/touchgfx/framework/include/touchgfx/widgets/canvas/PainterGRAY2Bitmap.hpp:36:7:touchgfx::PainterGRAY2Bitmap::~PainterGRAY2Bitmap()	16	static
C:/Users/96022/Desktop/EmbeddedCompetition/ElectronicWarehouse/Appli/Middlewares/ST/touchgfx/framework/include/touchgfx/widgets/canvas/PainterGRAY2Bitmap.hpp:36:7:virtual touchgfx::PainterGRAY2Bitmap::~PainterGRAY2Bitmap()	16	static
